--- clean-575.txt	2025-08-04 22:36:23.588258237 -0400
+++ clean-580.txt	2025-08-04 22:36:34.248542986 -0400
@@ -55,7 +55,7 @@
 e820: update [mem 0x671f1000-0x671f1fff] usable ==> reserved
 Using GB pages for direct mapping
 Secure boot disabled
-RAMDISK: [mem 0x411fd000-0x4e7f1fff]
+RAMDISK: [mem 0x413b9000-0x4e8cffff]
 ACPI: Early table checksum verification disabled
 ACPI: RSDP 0x00000000716BA014 000024 (v02 ALASKA)
 ACPI: XSDT 0x00000000716B9728 0000E4 (v01 ALASKA A M I    01072009 AMI  01000013)
@@ -269,7 +269,7 @@
 Spectre V2 : Update user space SMT mitigation: STIBP always-on
 smp: Brought up 1 node, 32 CPUs
 smpboot: Total of 32 processors activated (275199.55 BogoMIPS)
-Memory: 65206228K/66747676K available (19713K kernel code, 2940K rwdata, 16528K rodata, 4644K init, 5024K bss, 1502712K reserved, 0K cma-reserved)
+Memory: 65207108K/66747676K available (19713K kernel code, 2940K rwdata, 16528K rodata, 4644K init, 5024K bss, 1501832K reserved, 0K cma-reserved)
 devtmpfs: initialized
 x86/mm: Memory block size: 2048MB
 ACPI: PM: Registering ACPI NVS region [mem 0x0a200000-0x0a21dfff] (122880 bytes)
@@ -278,13 +278,13 @@
 posixtimers hash table entries: 16384 (order: 6, 262144 bytes, linear)
 futex hash table entries: 8192 (order: 7, 524288 bytes, linear)
 pinctrl core: initialized pinctrl subsystem
-PM: RTC time: 02:11:45, date: 2025-08-05
+PM: RTC time: 02:06:01, date: 2025-08-05
 NET: Registered PF_NETLINK/PF_ROUTE protocol family
 DMA: preallocated 4096 KiB GFP_KERNEL pool for atomic allocations
 DMA: preallocated 4096 KiB GFP_KERNEL|GFP_DMA pool for atomic allocations
 DMA: preallocated 4096 KiB GFP_KERNEL|GFP_DMA32 pool for atomic allocations
 audit: initializing netlink subsys (disabled)
-audit: type=2000 audit(1754359904.000:1): state=initialized audit_enabled=0 res=1
+audit: type=2000 audit(1754359561.000:1): state=initialized audit_enabled=0 res=1
 thermal_sys: Registered thermal governor 'fair_share'
 thermal_sys: Registered thermal governor 'bang_bang'
 thermal_sys: Registered thermal governor 'step_wise'
@@ -979,8 +979,8 @@
 pci 0000:01:00.1: D0 power state depends on 0000:01:00.0
 pci 0000:0c:00.0: CLS mismatch (64 != 128), using 64 bytes
 pci 0000:00:00.2: AMD-Vi: IOMMU performance counters supported
-Trying to unpack rootfs image as initramfs...
 pci 0000:00:00.0: Adding to iommu group 0
+Trying to unpack rootfs image as initramfs...
 pci 0000:00:01.0: Adding to iommu group 1
 pci 0000:00:01.1: Adding to iommu group 2
 pci 0000:00:01.2: Adding to iommu group 3
@@ -1047,7 +1047,7 @@
 pci 0000:6c:00.0: Adding to iommu group 25
 AMD-Vi: Extended features (0x246577efa2254afa, 0x0): PPR NX GT [5] IA GA PC GA_vAPIC
 AMD-Vi: Interrupt remapping enabled
-Freeing initrd memory: 219092K
+Freeing initrd memory: 218204K
 AMD-Vi: Virtual APIC enabled
 PCI-DMA: Using software bounce buffering for IO (SWIOTLB)
 software IO TLB: mapped [mem 0x000000005eda2000-0x0000000062da2000] (64MB)
@@ -1257,7 +1257,7 @@
 i8042: PNP: No PS/2 controller found.
 rtc_cmos 00:02: RTC can wake from S4
 rtc_cmos 00:02: registered as rtc0
-rtc_cmos 00:02: setting system clock to 2025-08-05T02:11:46 UTC (1754359906)
+rtc_cmos 00:02: setting system clock to 2025-08-05T02:06:02 UTC (1754359562)
 rtc_cmos 00:02: alarms up to one month, y3k, 114 bytes nvram
 simple-framebuffer simple-framebuffer.0: [drm] Registered 1 planes with drm panic
 [drm] Initialized simpledrm 1.0.0 for simple-framebuffer.0 on minor 0
@@ -1278,7 +1278,7 @@
 resctrl: SMBA allocation detected
 resctrl: L3 monitoring detected
 IPI shorthand broadcast: enabled
-sched_clock: Marking stable (1469010485, 293248)->(1476813735, -7510002)
+sched_clock: Marking stable (1455148272, 291169)->(1461610290, -6170849)
 registered taskstats version 1
 Loading compiled-in X.509 certificates
 Loaded X.509 cert 'Build time autogenerated kernel key: fe6b385b4e4616e889bee7ce4d741f05caf1b4d2'
@@ -1299,14 +1299,12 @@
 integrity: Loaded X.509 cert 'Microsoft UEFI CA 2023: 81aa6b3244c935bce0d6628af39827421e32497d'
 integrity: Loading X.509 certificate: UEFI:db
 integrity: Loaded X.509 cert 'Microsoft Corporation: Windows UEFI CA 2023: aefc5fbbbe055d8f8daa585473499417ab5a5272'
-PM:   Magic number: 5:213:156
-acpi device:23: hash matches
-acpi PNP0A08:00: hash matches
+PM:   Magic number: 5:660:105
 RAS: Correctable Errors collector initialized.
 clk: Disabling unused clocks
 PM: genpd: Disabling unused power domains
-ata1: SATA link down (SStatus 0 SControl 300)
 ata7: SATA link down (SStatus 0 SControl 300)
+ata1: SATA link down (SStatus 0 SControl 300)
 usb 3-6: new high-speed USB device number 2 using xhci_hcd
 usb 6-5: new SuperSpeed USB device number 2 using xhci_hcd
 usb 2-1: new SuperSpeed Plus Gen 2x1 USB device number 2 using xhci_hcd
@@ -1328,10 +1326,10 @@
 usb 3-6: SerialNumber: 000000000
 ata2: SATA link down (SStatus 0 SControl 300)
 usb 3-7: new full-speed USB device number 3 using xhci_hcd
-tsc: Refined TSC clocksource calibration: 4300.016 MHz
-clocksource: tsc: mask: 0xffffffffffffffff max_cycles: 0x3dfb71edf14, max_idle_ns: 440795211275 ns
-clocksource: Switched to clocksource tsc
 ata3: SATA link down (SStatus 0 SControl 300)
+tsc: Refined TSC clocksource calibration: 4299.982 MHz
+clocksource: tsc: mask: 0xffffffffffffffff max_cycles: 0x3dfb52fa4d7, max_idle_ns: 440795279890 ns
+clocksource: Switched to clocksource tsc
 usb 2-1.4: new SuperSpeed Plus Gen 2x1 USB device number 3 using xhci_hcd
 usb 2-1.4: New USB device found, idVendor=2188, idProduct=5500, bcdDevice= 1.02
 usb 2-1.4: New USB device strings: Mfr=1, Product=2, SerialNumber=0
@@ -1378,13 +1376,13 @@
 usb 2-1.4.1.1: SerialNumber: REDACTED
 input: Logitech BRIO Consumer Control as /devices/pci0000:00/0000:00:02.1/0000:03:00.0/0000:04:08.0/0000:06:00.0/0000:07:04.0/0000:0c:00.0/0000:0d:02.0/0000:3a:00.0/usb2/2-1/2-1.4/2-1.4.1/2-1.4.1.1/2-1.4.1.1:1.5/0003:046D:085E.0002/input/input2
 hid-generic 0003:046D:085E.0002: input,hidraw1: USB HID v1.11 Device [Logitech BRIO] on usb-0000:3a:00.0-1.4.1.1/input5
-usb 2-1.4.2.1: new SuperSpeed USB device number 7 using xhci_hcd
 ata10: SATA link down (SStatus 0 SControl 300)
 Freeing unused decrypted memory: 2028K
 Freeing unused kernel image (initmem) memory: 4644K
 Write protecting the kernel read-only data: 38912k
 Freeing unused kernel image (text/rodata gap) memory: 764K
 Freeing unused kernel image (rodata/data gap) memory: 1904K
+usb 2-1.4.2.1: new SuperSpeed USB device number 7 using xhci_hcd
 usb 3-8.1: new high-speed USB device number 5 using xhci_hcd
 usb 2-1.4.2.1: New USB device found, idVendor=0424, idProduct=5734, bcdDevice= 1.37
 usb 2-1.4.2.1: New USB device strings: Mfr=2, Product=3, SerialNumber=0
@@ -1420,13 +1418,23 @@
 usb 3-8.3: Product: TPS DMC Family
 usb 3-8.3: Manufacturer: Texas Instruments Inc
 usb 3-8.3: SerialNumber: REDACTED
-NVRM: loading NVIDIA UNIX x86_64 Kernel Module  575.64.05  Fri Jul 18 16:01:21 UTC 2025
+NVRM: loading NVIDIA UNIX x86_64 Kernel Module  580.65.06  Sun Jul 27 07:14:19 UTC 2025
 ACPI: video: Video Device [VGA] (multi-head: yes  rom: no  post: no)
 input: Video Bus as /devices/LNXSYSTM:00/LNXSYBUS:00/PNP0A08:00/device:20/LNXVIDEO:00/input/input3
-nvidia-modeset: Loading NVIDIA Kernel Mode Setting Driver for UNIX platforms  575.64.05  Fri Jul 18 15:45:08 UTC 2025
+nvidia-modeset: Loading NVIDIA Kernel Mode Setting Driver for UNIX platforms  580.65.06  Sun Jul 27 06:40:17 UTC 2025
 nvidia_uvm: module uses symbols nvUvmInterfaceDisableAccessCntr from proprietary module nvidia, inheriting taint.
 [drm] [nvidia-drm] [GPU ID 0x00000100] Loading driver
+[drm] Initialized nvidia-drm 0.0.0 for 0000:01:00.0 on minor 1
 usb 3-8.4: new high-speed USB device number 7 using xhci_hcd
+Key type psk registered
+usb-storage 6-5:1.0: USB Mass Storage device detected
+scsi host12: usb-storage 6-5:1.0
+usbcore: registered new interface driver usb-storage
+usbcore: registered new interface driver uas
+nvme nvme0: pci function 0000:02:00.0
+nvme nvme0: D3 entry latency set to 10 seconds
+nvme nvme0: 16/0/0 default/read/poll queues
+ nvme0n1: p1 p2 p3 p4 p5
 usb 3-8.4: config 1 interface 7 altsetting 0 bulk endpoint 0x3 has invalid maxpacket 64
 usb 3-8.4: config 1 interface 7 altsetting 0 bulk endpoint 0x83 has invalid maxpacket 64
 usb 3-8.4: New USB device found, idVendor=19f7, idProduct=0073, bcdDevice= 1.54
@@ -1434,14 +1442,10 @@
 usb 3-8.4: Product: RODECaster Duo
 usb 3-8.4: Manufacturer: RØDE
 usb 3-8.4: SerialNumber: REDACTED
-usb 3-8.1.1: new high-speed USB device number 8 using xhci_hcd
-hid-generic 0003:19F7:0073.0003: hiddev97,hidraw2: USB HID v1.01 Device [RØDE RODECaster Duo] on usb-0000:67:00.0-8.4/input9
-usb-storage 6-5:1.0: USB Mass Storage device detected
-scsi host12: usb-storage 6-5:1.0
 usb-storage 3-8.4:1.8: USB Mass Storage device detected
 scsi host13: usb-storage 3-8.4:1.8
-usbcore: registered new interface driver usb-storage
-usbcore: registered new interface driver uas
+usb 3-8.1.1: new high-speed USB device number 8 using xhci_hcd
+hid-generic 0003:19F7:0073.0003: hiddev97,hidraw2: USB HID v1.01 Device [RØDE RODECaster Duo] on usb-0000:67:00.0-8.4/input9
 usb 3-8.1.1: New USB device found, idVendor=2188, idProduct=5511, bcdDevice= 1.02
 usb 3-8.1.1: New USB device strings: Mfr=1, Product=2, SerialNumber=0
 usb 3-8.1.1: Product: TS4 USB2.0 HUB
@@ -1456,30 +1460,27 @@
 hub 3-8.1.2:1.0: USB hub found
 hub 3-8.1.2:1.0: 5 ports detected
 usb 3-8.1.5: new full-speed USB device number 10 using xhci_hcd
-usb 3-8.1.1.2: new full-speed USB device number 11 using xhci_hcd
-usb 3-8.1.5: New USB device found, idVendor=2188, idProduct=7112, bcdDevice= 1.00
-usb 3-8.1.5: New USB device strings: Mfr=0, Product=0, SerialNumber=0
-hid-generic 0003:2188:7112.0004: hidraw3: USB HID v1.01 Device [HID 2188:7112] on usb-0000:67:00.0-8.1.5/input0
-usb 3-8.1.2.1: new high-speed USB device number 12 using xhci_hcd
-[drm] Initialized nvidia-drm 0.0.0 for 0000:01:00.0 on minor 1
+usb 3-8.1.5: device descriptor read/64, error -71
 scsi 12:0:0:0: Direct-Access     PNY      USB 3.2.1 FD     PMAP PQ: 0 ANSI: 6
 sd 12:0:0:0: [sda] 60628992 512-byte logical blocks: (31.0 GB/28.9 GiB)
-usb 3-8.1.1.2: New USB device found, idVendor=3434, idProduct=06d0, bcdDevice= 1.00
-usb 3-8.1.1.2: New USB device strings: Mfr=1, Product=2, SerialNumber=0
-usb 3-8.1.1.2: Product: Keychron Q13 Pro
-usb 3-8.1.1.2: Manufacturer: Keychron
 sd 12:0:0:0: [sda] Write Protect is off
 sd 12:0:0:0: [sda] Mode Sense: 45 00 00 00
 sd 12:0:0:0: [sda] Write cache: disabled, read cache: enabled, doesn't support DPO or FUA
+ sda: sda1 sda2
+sd 12:0:0:0: [sda] Attached SCSI removable disk
+usb 3-8.1.1.2: new full-speed USB device number 11 using xhci_hcd
+usb 3-8.1.5: New USB device found, idVendor=2188, idProduct=7112, bcdDevice= 1.00
+usb 3-8.1.5: New USB device strings: Mfr=0, Product=0, SerialNumber=0
+hid-generic 0003:2188:7112.0004: hidraw3: USB HID v1.01 Device [HID 2188:7112] on usb-0000:67:00.0-8.1.5/input0
 scsi 13:0:0:0: Direct-Access     Linux    File-Stor Gadget 0510 PQ: 0 ANSI: 2
 sd 13:0:0:0: Power-on or device reset occurred
 sd 13:0:0:0: [sdb] Media removed, stopped polling
 sd 13:0:0:0: [sdb] Attached SCSI removable disk
-Console: switching to colour dummy device 80x25
- sda: sda1 sda2
-sd 12:0:0:0: [sda] Attached SCSI removable disk
-nvidia 0000:01:00.0: vgaarb: deactivate vga console
-fbcon: nvidia-drmdrmfb (fb0) is primary device
+usb 3-8.1.2.1: new high-speed USB device number 12 using xhci_hcd
+usb 3-8.1.1.2: New USB device found, idVendor=3434, idProduct=06d0, bcdDevice= 1.00
+usb 3-8.1.1.2: New USB device strings: Mfr=1, Product=2, SerialNumber=0
+usb 3-8.1.1.2: Product: Keychron Q13 Pro
+usb 3-8.1.1.2: Manufacturer: Keychron
 input: Keychron Keychron Q13 Pro as /devices/pci0000:00/0000:00:02.1/0000:03:00.0/0000:04:08.0/0000:06:00.0/0000:07:0c.0/0000:67:00.0/usb3/3-8/3-8.1/3-8.1.1/3-8.1.1.2/3-8.1.1.2:1.0/0003:3434:06D0.0005/input/input4
 usb 3-8.1.2.1: New USB device found, idVendor=0424, idProduct=2734, bcdDevice= 1.37
 usb 3-8.1.2.1: New USB device strings: Mfr=1, Product=2, SerialNumber=0
@@ -1489,19 +1490,12 @@
 hub 3-8.1.2.1:1.0: 5 ports detected
 hid-generic 0003:3434:06D0.0005: input,hidraw4: USB HID v1.11 Keyboard [Keychron Keychron Q13 Pro] on usb-0000:67:00.0-8.1.1.2/input0
 hid-generic 0003:3434:06D0.0006: hiddev98,hidraw5: USB HID v1.11 Device [Keychron Keychron Q13 Pro] on usb-0000:67:00.0-8.1.1.2/input1
-Console: switching to colour frame buffer device 240x50
-nvidia 0000:01:00.0: [drm] fb0: nvidia-drmdrmfb frame buffer device
 input: Keychron Keychron Q13 Pro Mouse as /devices/pci0000:00/0000:00:02.1/0000:03:00.0/0000:04:08.0/0000:06:00.0/0000:07:0c.0/0000:67:00.0/usb3/3-8/3-8.1/3-8.1.1/3-8.1.1.2/3-8.1.1.2:1.2/0003:3434:06D0.0007/input/input5
 input: Keychron Keychron Q13 Pro System Control as /devices/pci0000:00/0000:00:02.1/0000:03:00.0/0000:04:08.0/0000:06:00.0/0000:07:0c.0/0000:67:00.0/usb3/3-8/3-8.1/3-8.1.1/3-8.1.1.2/3-8.1.1.2:1.2/0003:3434:06D0.0007/input/input6
-Key type psk registered
-nvme nvme0: pci function 0000:02:00.0
 input: Keychron Keychron Q13 Pro Consumer Control as /devices/pci0000:00/0000:00:02.1/0000:03:00.0/0000:04:08.0/0000:06:00.0/0000:07:0c.0/0000:67:00.0/usb3/3-8/3-8.1/3-8.1.1/3-8.1.1.2/3-8.1.1.2:1.2/0003:3434:06D0.0007/input/input7
 input: Keychron Keychron Q13 Pro Keyboard as /devices/pci0000:00/0000:00:02.1/0000:03:00.0/0000:04:08.0/0000:06:00.0/0000:07:0c.0/0000:67:00.0/usb3/3-8/3-8.1/3-8.1.1/3-8.1.1.2/3-8.1.1.2:1.2/0003:3434:06D0.0007/input/input8
-nvme nvme0: D3 entry latency set to 10 seconds
-nvme nvme0: 16/0/0 default/read/poll queues
- nvme0n1: p1 p2 p3 p4 p5
 hid-generic 0003:3434:06D0.0007: input,hidraw6: USB HID v1.11 Mouse [Keychron Keychron Q13 Pro] on usb-0000:67:00.0-8.1.1.2/input2
-BTRFS: device fsid c7d0b554-691f-4da4-9ba9-5582d0750470 devid 1 transid 125325 /dev/nvme0n1p2 (259:2) scanned by mount (525)
+BTRFS: device fsid c7d0b554-691f-4da4-9ba9-5582d0750470 devid 1 transid 125313 /dev/nvme0n1p2 (259:2) scanned by mount (526)
 BTRFS info (device nvme0n1p2): first mount of filesystem c7d0b554-691f-4da4-9ba9-5582d0750470
 BTRFS info (device nvme0n1p2): using crc32c (crc32c-x86) checksum algorithm
 BTRFS info (device nvme0n1p2): using free-space-tree
@@ -1563,8 +1557,6 @@
 systemd[1]: Early TPM SRK Setup was skipped because of an unmet condition check (ConditionSecurity=measured-uki).
 systemd[1]: Starting Load udev Rules from Credentials...
 systemd[1]: Starting Coldplug All udev Devices...
-device-mapper: uevent: version 1.0.3
-device-mapper: ioctl: 4.49.0-ioctl (2025-01-17) initialised: dm-devel@lists.linux.dev
 loop: module loaded
 systemd[1]: Mounted Huge Pages File System.
 systemd[1]: Mounted POSIX Message Queue File System.
@@ -1573,10 +1565,12 @@
 systemd[1]: Finished Create List of Static Device Nodes.
 systemd[1]: modprobe@configfs.service: Deactivated successfully.
 systemd[1]: Finished Load Kernel Module configfs.
-systemd[1]: modprobe@dm_mod.service: Deactivated successfully.
-systemd[1]: Finished Load Kernel Module dm_mod.
+device-mapper: uevent: version 1.0.3
+device-mapper: ioctl: 4.49.0-ioctl (2025-01-17) initialised: dm-devel@lists.linux.dev
 systemd[1]: modprobe@drm.service: Deactivated successfully.
 systemd[1]: Finished Load Kernel Module drm.
+systemd[1]: modprobe@dm_mod.service: Deactivated successfully.
+systemd[1]: Finished Load Kernel Module dm_mod.
 systemd[1]: modprobe@fuse.service: Deactivated successfully.
 systemd[1]: Finished Load Kernel Module fuse.
 systemd[1]: modprobe@loop.service: Deactivated successfully.
@@ -1585,10 +1579,10 @@
 systemd[1]: Reached target Preparation for Network.
 systemd[1]: Mounting FUSE Control File System...
 systemd[1]: Mounting Kernel Configuration File System...
-systemd-journald[591]: Collecting audit messages is disabled.
 systemd[1]: Repartition Root Disk was skipped because no trigger condition checks were met.
 systemd[1]: Starting Create Static Device Nodes in /dev gracefully...
 systemd[1]: Finished Load udev Rules from Credentials.
+systemd-journald[596]: Collecting audit messages is disabled.
 systemd[1]: Mounted FUSE Control File System.
 systemd[1]: Mounted Kernel Configuration File System.
 systemd[1]: Starting User Database Manager...
@@ -1606,81 +1600,73 @@
 systemd[1]: Finished Load/Save OS Random Seed.
 systemd[1]: Started Journal Service.
 zram0: detected capacity change from 0 to 8388608
+mousedev: PS/2 mouse device common for all mice
 pps_core: LinuxPPS API ver. 1 registered
 pps_core: Software ver. 5.3.6 - Copyright 2005-2007 Rodolfo Giometti <giometti@linux.it>
+PTP clock support registered
 mc: Linux media interface: v0.10
-mousedev: PS/2 mouse device common for all mice
 ACPI: bus type thunderbolt registered
+MACsec IEEE 802.1AE
 thunderbolt 0000:0e:00.0: enabling device (0000 -> 0002)
-PTP clock support registered
-videodev: Linux video capture interface: v2.00
-RAPL PMU: API unit is 2^-32 Joules, 2 fixed counters, 163840 ms ovfl timer
-RAPL PMU: hw unit of domain package 2^-16 Joules
-RAPL PMU: hw unit of domain core 2^-16 Joules
-piix4_smbus 0000:00:14.0: SMBus Host Controller at 0xb00, revision 0
-piix4_smbus 0000:00:14.0: Using register 0x02 for SMBus port selection
-input: PC Speaker as /devices/platform/pcspkr/input/input9
 Intel(R) 2.5G Ethernet Linux Driver
 Copyright(c) 2018 Intel Corporation.
-cryptd: max_cpu_qlen set to 1000
 igc 0000:09:00.0: PCIe PTM not supported by PCIe bus/controller
-MACsec IEEE 802.1AE
-asus-ec-sensors asus-ec-sensors: board has 5 EC sensors that span 5 registers
 ccp 0000:6b:00.2: enabling device (0000 -> 0002)
+ccp 0000:6b:00.2: tee enabled
+ccp 0000:6b:00.2: psp enabled
+piix4_smbus 0000:00:14.0: SMBus Host Controller at 0xb00, revision 0
+piix4_smbus 0000:00:14.0: Using register 0x02 for SMBus port selection
 cfg80211: Loading compiled-in X.509 certificates for regulatory database
 Loaded X.509 cert 'sforshee: 00b28ddf47aef9cea7'
 Loaded X.509 cert 'wens: 61c038651aabdcf94bd0ac7ff06c7248db18c600'
-i2c i2c-6: Successfully instantiated SPD at 0x51
+i2c i2c-1: Successfully instantiated SPD at 0x51
+videodev: Linux video capture interface: v2.00
 platform regulatory.0: Direct firmware load for regulatory.db failed with error -2
 cfg80211: failed to load regulatory.db
-i2c i2c-6: Successfully instantiated SPD at 0x53
+i2c i2c-1: Successfully instantiated SPD at 0x53
 piix4_smbus 0000:00:14.0: Auxiliary SMBus Host Controller at 0xb20
-ccp 0000:6b:00.2: tee enabled
-ccp 0000:6b:00.2: psp enabled
-asus_wmi: ASUS WMI generic driver loaded
+input: PC Speaker as /devices/platform/pcspkr/input/input9
+asus-ec-sensors asus-ec-sensors: board has 5 EC sensors that span 5 registers
+RAPL PMU: API unit is 2^-32 Joules, 2 fixed counters, 163840 ms ovfl timer
+RAPL PMU: hw unit of domain package 2^-16 Joules
+RAPL PMU: hw unit of domain core 2^-16 Joules
+cryptd: max_cpu_qlen set to 1000
 sp5100_tco: SP5100/SB800 TCO WatchDog Timer Driver
 sp5100-tco sp5100-tco: Using 0xfeb00000 for watchdog MMIO address
+asus_wmi: ASUS WMI generic driver loaded
 sp5100-tco sp5100-tco: initialized. heartbeat=60 sec (nowayout=0)
-asus_wmi: SFUN value: 0x1
-asus-nb-wmi asus-nb-wmi: Detected ATK, not ASUSWMI, use DSTS
-asus_wmi: SFUN value: 0x1
-eeepc-wmi eeepc-wmi: Detected ATK, not ASUSWMI, use DSTS
-input: Asus WMI hotkeys as /devices/platform/asus-nb-wmi/input/input10
-input: Eee PC WMI hotkeys as /devices/platform/eeepc-wmi/input/input11
-spd5118 6-0051: DDR5 temperature sensor: vendor 0x06:0x32 revision 1.6
 Bluetooth: Core ver 2.22
 NET: Registered PF_BLUETOOTH protocol family
 Bluetooth: HCI device and connection manager initialized
 Bluetooth: HCI socket layer initialized
 Bluetooth: L2CAP socket layer initialized
 Bluetooth: SCO socket layer initialized
-spd5118 6-0053: DDR5 temperature sensor: vendor 0x06:0x32 revision 1.6
 Adding 4194300k swap on /dev/zram0.  Priority:100 extents:1 across:4194300k SSDsc
-atlantic: Detect ATL2FW 1030018
+asus_wmi: SFUN value: 0x1
+asus-nb-wmi asus-nb-wmi: Detected ATK, not ASUSWMI, use DSTS
+input: Asus WMI hotkeys as /devices/platform/asus-nb-wmi/input/input10
+spd5118 1-0051: DDR5 temperature sensor: vendor 0x06:0x32 revision 1.6
+spd5118 1-0053: DDR5 temperature sensor: vendor 0x06:0x32 revision 1.6
 igc 0000:09:00.0 (unnamed net_device) (uninitialized): PHC added
 usb 2-1.4.1.1: Found UVC 1.00 device Logitech BRIO (046d:085e)
-atlantic 0000:0a:00.0 eno2: renamed from eth0
 usbcore: registered new interface driver uvcvideo
-usb 2-1.4.1.1: current rate 16000 is different from the runtime rate 24000
-usb 2-1.4.1.1: current rate 16000 is different from the runtime rate 32000
+atlantic: Detect ATL2FW 1030018
+igc 0000:09:00.0: 4.000 Gb/s available PCIe bandwidth (5.0 GT/s PCIe x1 link)
+igc 0000:09:00.0 eth1: MAC: REDACTED
+igc 0000:15:00.0: enabling device (0000 -> 0002)
+igc 0000:15:00.0: PCIe PTM not supported by PCIe bus/controller
+atlantic 0000:0a:00.0 eno2: renamed from eth0
+usbcore: registered new interface driver btusb
 snd_hda_intel 0000:01:00.1: enabling device (0000 -> 0002)
 snd_hda_intel 0000:01:00.1: Disabling MSI
 snd_hda_intel 0000:01:00.1: Handle vga_switcheroo audio client
 snd_hda_intel 0000:6b:00.6: enabling device (0000 -> 0002)
-usb 2-1.4.1.1: current rate 16000 is different from the runtime rate 48000
-usbcore: registered new interface driver btusb
 mt7921e 0000:08:00.0: enabling device (0000 -> 0002)
 mt7921e 0000:08:00.0: ASIC revision: 79220010
 Bluetooth: hci0: HW/SW Version: 0x008a008a, Build Time: 20250523103438
-igc 0000:09:00.0: 4.000 Gb/s available PCIe bandwidth (5.0 GT/s PCIe x1 link)
-igc 0000:09:00.0 eth0: MAC: REDACTED
-igc 0000:15:00.0: enabling device (0000 -> 0002)
-igc 0000:15:00.0: PCIe PTM not supported by PCIe bus/controller
-usb 3-8.1.2.1.3: new high-speed USB device number 13 using xhci_hcd
-input: HDA NVidia HDMI/DP,pcm=3 as /devices/pci0000:00/0000:00:01.1/0000:01:00.1/sound/card1/input12
-input: HDA NVidia HDMI/DP,pcm=7 as /devices/pci0000:00/0000:00:01.1/0000:01:00.1/sound/card1/input13
-input: HDA NVidia HDMI/DP,pcm=8 as /devices/pci0000:00/0000:00:01.1/0000:01:00.1/sound/card1/input14
-input: HDA NVidia HDMI/DP,pcm=9 as /devices/pci0000:00/0000:00:01.1/0000:01:00.1/sound/card1/input15
+usb 2-1.4.1.1: current rate 16000 is different from the runtime rate 24000
+usb 2-1.4.1.1: current rate 16000 is different from the runtime rate 32000
+usb 2-1.4.1.1: current rate 16000 is different from the runtime rate 48000
 kvm_amd: TSC scaling supported
 kvm_amd: Nested Virtualization enabled
 kvm_amd: Nested Paging enabled
@@ -1688,6 +1674,7 @@
 kvm_amd: Virtual VMLOAD VMSAVE supported
 kvm_amd: Virtual GIF supported
 kvm_amd: Virtual NMI enabled
+igc 0000:15:00.0 (unnamed net_device) (uninitialized): PHC added
 snd_hda_codec_realtek hdaudioC2D0: autoconfig for ALC1220: line_outs=1 (0x14/0x0/0x0/0x0/0x0) type:line
 snd_hda_codec_realtek hdaudioC2D0:    speaker_outs=0 (0x0/0x0/0x0/0x0/0x0)
 snd_hda_codec_realtek hdaudioC2D0:    hp_outs=1 (0x1b/0x0/0x0/0x0/0x0)
@@ -1696,34 +1683,38 @@
 snd_hda_codec_realtek hdaudioC2D0:      Rear Mic=0x18
 snd_hda_codec_realtek hdaudioC2D0:      Front Mic=0x19
 snd_hda_codec_realtek hdaudioC2D0:      Line=0x1a
-input: HD-Audio Generic Rear Mic as /devices/pci0000:00/0000:00:08.1/0000:6b:00.6/sound/card2/input16
-input: HD-Audio Generic Front Mic as /devices/pci0000:00/0000:00:08.1/0000:6b:00.6/sound/card2/input17
-input: HD-Audio Generic Line as /devices/pci0000:00/0000:00:08.1/0000:6b:00.6/sound/card2/input18
-input: HD-Audio Generic Line Out as /devices/pci0000:00/0000:00:08.1/0000:6b:00.6/sound/card2/input19
-input: HD-Audio Generic Front Headphone as /devices/pci0000:00/0000:00:08.1/0000:6b:00.6/sound/card2/input20
+input: HDA NVidia HDMI/DP,pcm=3 as /devices/pci0000:00/0000:00:01.1/0000:01:00.1/sound/card1/input11
+input: HDA NVidia HDMI/DP,pcm=7 as /devices/pci0000:00/0000:00:01.1/0000:01:00.1/sound/card1/input12
+input: HDA NVidia HDMI/DP,pcm=8 as /devices/pci0000:00/0000:00:01.1/0000:01:00.1/sound/card1/input13
+input: HDA NVidia HDMI/DP,pcm=9 as /devices/pci0000:00/0000:00:01.1/0000:01:00.1/sound/card1/input14
+usb 3-8.1.2.1.3: new high-speed USB device number 13 using xhci_hcd
+input: HD-Audio Generic Rear Mic as /devices/pci0000:00/0000:00:08.1/0000:6b:00.6/sound/card2/input15
+input: HD-Audio Generic Front Mic as /devices/pci0000:00/0000:00:08.1/0000:6b:00.6/sound/card2/input16
+input: HD-Audio Generic Line as /devices/pci0000:00/0000:00:08.1/0000:6b:00.6/sound/card2/input17
+input: HD-Audio Generic Line Out as /devices/pci0000:00/0000:00:08.1/0000:6b:00.6/sound/card2/input18
+input: HD-Audio Generic Front Headphone as /devices/pci0000:00/0000:00:08.1/0000:6b:00.6/sound/card2/input19
+igc 0000:15:00.0: 4.000 Gb/s available PCIe bandwidth (5.0 GT/s PCIe x1 link)
+igc 0000:15:00.0 eth0: MAC: REDACTED
+igc 0000:09:00.0 eno1: renamed from eth1
+igc 0000:15:00.0 enp21s0: renamed from eth0
 mt7921e 0000:08:00.0: HW/SW Version: 0x8a108a10, Build Time: 20250523103150a
 
 mt7921e 0000:08:00.0: WM Firmware Version: ____000000, Build Time: 20250523103234
-igc 0000:15:00.0 (unnamed net_device) (uninitialized): PHC added
 intel_rapl_common: Found RAPL domain package
 intel_rapl_common: Found RAPL domain core
 amd_atl: AMD Address Translation Library initialized
-igc 0000:15:00.0: 4.000 Gb/s available PCIe bandwidth (5.0 GT/s PCIe x1 link)
-igc 0000:15:00.0 eth1: MAC: REDACTED
-igc 0000:09:00.0 eno1: renamed from eth0
-igc 0000:15:00.0 enp21s0: renamed from eth1
 usb 3-8.1.2.1.3: New USB device found, idVendor=046d, idProduct=c54d, bcdDevice=14.00
 usb 3-8.1.2.1.3: New USB device strings: Mfr=1, Product=2, SerialNumber=3
 usb 3-8.1.2.1.3: Product: USB Receiver
 usb 3-8.1.2.1.3: Manufacturer: Logitech
 usb 3-8.1.2.1.3: SerialNumber: REDACTED
-input: Logitech USB Receiver as /devices/pci0000:00/0000:00:02.1/0000:03:00.0/0000:04:08.0/0000:06:00.0/0000:07:0c.0/0000:67:00.0/usb3/3-8/3-8.1/3-8.1.2/3-8.1.2.1/3-8.1.2.1.3/3-8.1.2.1.3:1.0/0003:046D:C54D.0008/input/input21
+input: Logitech USB Receiver as /devices/pci0000:00/0000:00:02.1/0000:03:00.0/0000:04:08.0/0000:06:00.0/0000:07:0c.0/0000:67:00.0/usb3/3-8/3-8.1/3-8.1.2/3-8.1.2.1/3-8.1.2.1.3/3-8.1.2.1.3:1.0/0003:046D:C54D.0008/input/input20
 hid-generic 0003:046D:C54D.0008: input,hidraw7: USB HID v1.11 Mouse [Logitech USB Receiver] on usb-0000:67:00.0-8.1.2.1.3/input0
-Bluetooth: hci0: Device setup in 212176 usecs
-Bluetooth: hci0: HCI Enhanced Setup Synchronous Connection command is advertised, but not supported.
-input: Logitech USB Receiver Keyboard as /devices/pci0000:00/0000:00:02.1/0000:03:00.0/0000:04:08.0/0000:06:00.0/0000:07:0c.0/0000:67:00.0/usb3/3-8/3-8.1/3-8.1.2/3-8.1.2.1/3-8.1.2.1.3/3-8.1.2.1.3:1.1/0003:046D:C54D.0009/input/input22
+input: Logitech USB Receiver Keyboard as /devices/pci0000:00/0000:00:02.1/0000:03:00.0/0000:04:08.0/0000:06:00.0/0000:07:0c.0/0000:67:00.0/usb3/3-8/3-8.1/3-8.1.2/3-8.1.2.1/3-8.1.2.1.3/3-8.1.2.1.3:1.1/0003:046D:C54D.0009/input/input21
 usb 3-8.4: Quirk or no altset; falling back to MIDI 1.0
 usbcore: registered new interface driver snd-usb-audio
+Bluetooth: hci0: Device setup in 363198 usecs
+Bluetooth: hci0: HCI Enhanced Setup Synchronous Connection command is advertised, but not supported.
 hid-generic 0003:046D:C54D.0009: input,hidraw8: USB HID v1.11 Keyboard [Logitech USB Receiver] on usb-0000:67:00.0-8.1.2.1.3/input1
 hid-generic 0003:046D:C54D.000A: hiddev99,hidraw9: USB HID v1.11 Device [Logitech USB Receiver] on usb-0000:67:00.0-8.1.2.1.3/input2
 usb 3-8.1.2.1.4: new full-speed USB device number 14 using xhci_hcd
@@ -1736,8 +1727,8 @@
 usb 3-8.1.2.1.4: Product: REDACTED
 usb 3-8.1.2.1.4: Manufacturer: REDACTED
 FAT-fs (nvme0n1p1): Volume was not properly unmounted. Some data may be corrupt. Please run fsck.
-systemd-journald[591]: Received client request to flush runtime journal.
-input: REDACTED
+systemd-journald[596]: Received client request to flush runtime journal.
+input: REDACTED
 hid-generic 0003:1050:0407.000B: input,hidraw10: USB HID v1.10 Keyboard REDACTED
 hid-generic 0003:1050:0407.000C: hiddev100,hidraw11: USB HID v1.10 Device REDACTED
 usb 3-8.1.2.1.5: new high-speed USB device number 15 using xhci_hcd
