[    0.000000] Linux version 6.15.9-arch1-1 (linux@archlinux) (gcc (GCC) 15.1.1 20250729, GNU ld (GNU Binutils) 2.45.0) #1 SMP PREEMPT_DYNAMIC Sat, 02 Aug 2025 01:20:06 +0000
[    0.000000] Command line: initrd=\initramfs-linux.img root=PARTUUID=f5c1a274-c240-4cf3-abc4-e7199951ebf7 zswap.enabled=0 rootflags=subvol=@ rw rootfstype=btrfs
[    0.000000] x86/split lock detection: #DB: warning on user-space bus_locks
[    0.000000] BIOS-provided physical RAM map:
[    0.000000] BIOS-e820: [mem 0x0000000000000000-0x000000000009ffff] usable
[    0.000000] BIOS-e820: [mem 0x00000000000a0000-0x00000000000fffff] reserved
[    0.000000] BIOS-e820: [mem 0x0000000000100000-0x0000000009afefff] usable
[    0.000000] BIOS-e820: [mem 0x0000000009aff000-0x0000000009ffffff] reserved
[    0.000000] BIOS-e820: [mem 0x000000000a000000-0x000000000a1fffff] usable
[    0.000000] BIOS-e820: [mem 0x000000000a200000-0x000000000a21dfff] ACPI NVS
[    0.000000] BIOS-e820: [mem 0x000000000a21e000-0x000000000affffff] usable
[    0.000000] BIOS-e820: [mem 0x000000000b000000-0x000000000b020fff] reserved
[    0.000000] BIOS-e820: [mem 0x000000000b021000-0x000000006ad6bfff] usable
[    0.000000] BIOS-e820: [mem 0x000000006ad6c000-0x00000000715bafff] reserved
[    0.000000] BIOS-e820: [mem 0x00000000715bb000-0x00000000716bafff] ACPI data
[    0.000000] BIOS-e820: [mem 0x00000000716bb000-0x00000000736bafff] ACPI NVS
[    0.000000] BIOS-e820: [mem 0x00000000736bb000-0x00000000785fefff] reserved
[    0.000000] BIOS-e820: [mem 0x00000000785ff000-0x0000000079ff6fff] usable
[    0.000000] BIOS-e820: [mem 0x0000000079ff7000-0x0000000079ffbfff] reserved
[    0.000000] BIOS-e820: [mem 0x0000000079ffc000-0x0000000079ffffff] usable
[    0.000000] BIOS-e820: [mem 0x000000007a000000-0x000000007bffffff] reserved
[    0.000000] BIOS-e820: [mem 0x000000007d7f3000-0x000000007fffffff] reserved
[    0.000000] BIOS-e820: [mem 0x00000000e0000000-0x00000000efffffff] reserved
[    0.000000] BIOS-e820: [mem 0x00000000f7000000-0x00000000ffffffff] reserved
[    0.000000] BIOS-e820: [mem 0x0000000100000000-0x000000107dd7ffff] usable
[    0.000000] BIOS-e820: [mem 0x000000107edc0000-0x00000010a01fffff] reserved
[    0.000000] BIOS-e820: [mem 0x000000fd00000000-0x000000ffffffffff] reserved
[    0.000000] NX (Execute Disable) protection: active
[    0.000000] APIC: Static calls initialized
[    0.000000] efi: EFI v2.9 by American Megatrends
[    0.000000] efi: ACPI=0x716ba000 ACPI 2.0=0x716ba014 TPMFinalLog=0x73671000 SMBIOS=0x77a87000 SMBIOS 3.0=0x77a86000 MEMATTR=0x6558c018 ESRT=0x671f1118 RNG=0x7169ff18 INITRD=0x5cd6a718 TPMEventLog=0x71665018 
[    0.000000] random: crng init done
[    0.000000] efi: Remove mem57: MMIO range=[0xe0000000-0xefffffff] (256MB) from e820 map
[    0.000000] e820: remove [mem 0xe0000000-0xefffffff] reserved
[    0.000000] efi: Remove mem58: MMIO range=[0xf7000000-0xfedfffff] (126MB) from e820 map
[    0.000000] e820: remove [mem 0xf7000000-0xfedfffff] reserved
[    0.000000] efi: Not removing mem59: MMIO range=[0xfee00000-0xfee00fff] (4KB) from e820 map
[    0.000000] efi: Remove mem60: MMIO range=[0xfee01000-0xffffffff] (17MB) from e820 map
[    0.000000] e820: remove [mem 0xfee01000-0xffffffff] reserved
[    0.000000] efi: Remove mem62: MMIO range=[0x1080000000-0x10a01fffff] (514MB) from e820 map
[    0.000000] e820: remove [mem 0x1080000000-0x10a01fffff] reserved
[    0.000000] SMBIOS 3.6.0 present.
[    0.000000] DMI: ASUS System Product Name/ProArt X670E-CREATOR WIFI, BIOS 3205 07/15/2025
[    0.000000] DMI: Memory slots populated: 2/4
[    0.000000] tsc: Fast TSC calibration using PIT
[    0.000000] tsc: Detected 4299.990 MHz processor
[    0.000109] e820: update [mem 0x00000000-0x00000fff] usable ==> reserved
[    0.000110] e820: remove [mem 0x000a0000-0x000fffff] usable
[    0.000114] last_pfn = 0x107dd80 max_arch_pfn = 0x400000000
[    0.000119] MTRR map: 5 entries (3 fixed + 2 variable; max 20), built from 9 variable MTRRs
[    0.000120] x86/PAT: Configuration [0-7]: WB  WC  UC- UC  WB  WP  UC- WT  
[    0.000244] e820: update [mem 0x80000000-0xffffffff] usable ==> reserved
[    0.000249] last_pfn = 0x7a000 max_arch_pfn = 0x400000000
[    0.002997] esrt: Reserving ESRT space from 0x00000000671f1118 to 0x00000000671f1150.
[    0.003001] e820: update [mem 0x671f1000-0x671f1fff] usable ==> reserved
[    0.003010] Using GB pages for direct mapping
[    0.003172] Secure boot disabled
[    0.003173] RAMDISK: [mem 0x413b5000-0x4e8cdfff]
[    0.003216] ACPI: Early table checksum verification disabled
[    0.003219] ACPI: RSDP 0x00000000716BA014 000024 (v02 ALASKA)
[    0.003221] ACPI: XSDT 0x00000000716B9728 0000E4 (v01 ALASKA A M I    01072009 AMI  01000013)
[    0.003225] ACPI: FACP 0x00000000716AE000 000114 (v06 ALASKA A M I    01072009 AMI  00010013)
[    0.003228] ACPI: DSDT 0x0000000071687000 014878 (v63 ALASKA A M I    01072009 INTL 20230331)
[    0.003229] ACPI: FACS 0x00000000736A1000 000040
[    0.003230] ACPI: SSDT 0x00000000716B0000 00816C (v02 AMD    Splinter 00000002 MSFT 05000000)
[    0.003231] ACPI: SSDT 0x00000000716AF000 0003F1 (v02 ALASKA CPUSSDT  01072009 AMI  01072009)
[    0.003232] ACPI: FIDT 0x00000000716A0000 00009C (v01 ALASKA A M I    01072009 AMI  00010013)
[    0.003233] ACPI: MCFG 0x000000007169E000 00003C (v01 ALASKA A M I    01072009 MSFT 00010013)
[    0.003234] ACPI: HPET 0x000000007169D000 000038 (v01 ALASKA A M I    01072009 AMI  00000005)
[    0.003235] ACPI: FPDT 0x000000007169C000 000044 (v01 ALASKA A M I    01072009 AMI  01000013)
[    0.003236] ACPI: BGRT 0x00000000716AD000 000038 (v01 ALASKA A M I    01072009 AMI  00010013)
[    0.003237] ACPI: SSDT 0x00000000716A3000 009BAE (v02 AMD    AMD CPU  00000001 AMD  00000001)
[    0.003238] ACPI: SSDT 0x00000000716A2000 000041 (v01 AMD    AppCompD 00000001 INTL 20230331)
[    0.003239] ACPI: SSDT 0x0000000071685000 001616 (v02 AMD    CPMTBASL 00000001 INTL 20230331)
[    0.003240] ACPI: SSDT 0x00000000716A1000 00078F (v02 AMD    CPMDFDG1 00000001 INTL 20230331)
[    0.003241] ACPI: SSDT 0x000000007167A000 00A665 (v02 AMD    CPMCMN   00000001 INTL 20230331)
[    0.003242] ACPI: SSDT 0x0000000071677000 0029D5 (v02 AMD    AOD      00000001 INTL 20230331)
[    0.003243] ACPI: TPM2 0x0000000071676000 00004C (v04 ALASKA A M I    00000001 AMI  00000000)
[    0.003244] ACPI: WSMT 0x0000000071675000 000028 (v01 ALASKA A M I    01072009 AMI  00010013)
[    0.003245] ACPI: APIC 0x0000000071674000 00015E (v06 ALASKA A M I    01072009 AMI  00010013)
[    0.003246] ACPI: IVRS 0x0000000071673000 0000C8 (v02 AMD    AmdTable 00000001 AMD  00000001)
[    0.003247] ACPI: SSDT 0x0000000071672000 000500 (v02 AMD    MEMTOOL0 00000002 INTL 20230331)
[    0.003248] ACPI: SSDT 0x0000000071671000 0009E6 (v02 AMD    CPMMSOSC 00000001 INTL 20230331)
[    0.003249] ACPI: SSDT 0x0000000071670000 00047C (v02 AMD    AMDWOV   00000001 INTL 20230331)
[    0.003250] ACPI: SSDT 0x000000007166F000 00053E (v01 AMD    CPMAPMFD 00000001 INTL 20230331)
[    0.003251] ACPI: SSDT 0x000000007166E000 00044E (v02 AMD    AmdTable 00000001 INTL 20230331)
[    0.003252] ACPI: SSDT 0x000000007166D000 000771 (v02 AMD    AmdTable 00000001 INTL 20230331)
[    0.003253] ACPI: Reserving FACP table memory at [mem 0x716ae000-0x716ae113]
[    0.003253] ACPI: Reserving DSDT table memory at [mem 0x71687000-0x7169b877]
[    0.003254] ACPI: Reserving FACS table memory at [mem 0x736a1000-0x736a103f]
[    0.003254] ACPI: Reserving SSDT table memory at [mem 0x716b0000-0x716b816b]
[    0.003254] ACPI: Reserving SSDT table memory at [mem 0x716af000-0x716af3f0]
[    0.003254] ACPI: Reserving FIDT table memory at [mem 0x716a0000-0x716a009b]
[    0.003254] ACPI: Reserving MCFG table memory at [mem 0x7169e000-0x7169e03b]
[    0.003255] ACPI: Reserving HPET table memory at [mem 0x7169d000-0x7169d037]
[    0.003255] ACPI: Reserving FPDT table memory at [mem 0x7169c000-0x7169c043]
[    0.003255] ACPI: Reserving BGRT table memory at [mem 0x716ad000-0x716ad037]
[    0.003255] ACPI: Reserving SSDT table memory at [mem 0x716a3000-0x716acbad]
[    0.003256] ACPI: Reserving SSDT table memory at [mem 0x716a2000-0x716a2040]
[    0.003256] ACPI: Reserving SSDT table memory at [mem 0x71685000-0x71686615]
[    0.003256] ACPI: Reserving SSDT table memory at [mem 0x716a1000-0x716a178e]
[    0.003256] ACPI: Reserving SSDT table memory at [mem 0x7167a000-0x71684664]
[    0.003257] ACPI: Reserving SSDT table memory at [mem 0x71677000-0x716799d4]
[    0.003257] ACPI: Reserving TPM2 table memory at [mem 0x71676000-0x7167604b]
[    0.003257] ACPI: Reserving WSMT table memory at [mem 0x71675000-0x71675027]
[    0.003257] ACPI: Reserving APIC table memory at [mem 0x71674000-0x7167415d]
[    0.003257] ACPI: Reserving IVRS table memory at [mem 0x71673000-0x716730c7]
[    0.003258] ACPI: Reserving SSDT table memory at [mem 0x71672000-0x716724ff]
[    0.003258] ACPI: Reserving SSDT table memory at [mem 0x71671000-0x716719e5]
[    0.003258] ACPI: Reserving SSDT table memory at [mem 0x71670000-0x7167047b]
[    0.003258] ACPI: Reserving SSDT table memory at [mem 0x7166f000-0x7166f53d]
[    0.003259] ACPI: Reserving SSDT table memory at [mem 0x7166e000-0x7166e44d]
[    0.003259] ACPI: Reserving SSDT table memory at [mem 0x7166d000-0x7166d770]
[    0.003299] No NUMA configuration found
[    0.003300] Faking a node at [mem 0x0000000000000000-0x000000107dd7ffff]
[    0.003303] NODE_DATA(0) allocated [mem 0x107dd55280-0x107dd7ffff]
[    0.003403] Zone ranges:
[    0.003404]   DMA      [mem 0x0000000000001000-0x0000000000ffffff]
[    0.003404]   DMA32    [mem 0x0000000001000000-0x00000000ffffffff]
[    0.003405]   Normal   [mem 0x0000000100000000-0x000000107dd7ffff]
[    0.003406]   Device   empty
[    0.003406] Movable zone start for each node
[    0.003407] Early memory node ranges
[    0.003407]   node   0: [mem 0x0000000000001000-0x000000000009ffff]
[    0.003407]   node   0: [mem 0x0000000000100000-0x0000000009afefff]
[    0.003408]   node   0: [mem 0x000000000a000000-0x000000000a1fffff]
[    0.003408]   node   0: [mem 0x000000000a21e000-0x000000000affffff]
[    0.003408]   node   0: [mem 0x000000000b021000-0x000000006ad6bfff]
[    0.003409]   node   0: [mem 0x00000000785ff000-0x0000000079ff6fff]
[    0.003409]   node   0: [mem 0x0000000079ffc000-0x0000000079ffffff]
[    0.003409]   node   0: [mem 0x0000000100000000-0x000000107dd7ffff]
[    0.003412] Initmem setup node 0 [mem 0x0000000000001000-0x000000107dd7ffff]
[    0.003415] On node 0, zone DMA: 1 pages in unavailable ranges
[    0.003422] On node 0, zone DMA: 96 pages in unavailable ranges
[    0.003472] On node 0, zone DMA32: 1281 pages in unavailable ranges
[    0.003478] On node 0, zone DMA32: 30 pages in unavailable ranges
[    0.003980] On node 0, zone DMA32: 33 pages in unavailable ranges
[    0.004045] On node 0, zone DMA32: 22675 pages in unavailable ranges
[    0.004045] On node 0, zone DMA32: 5 pages in unavailable ranges
[    0.040805] On node 0, zone Normal: 24576 pages in unavailable ranges
[    0.040833] On node 0, zone Normal: 8832 pages in unavailable ranges
[    0.042479] ACPI: PM-Timer IO Port: 0x808
[    0.042486] ACPI: LAPIC_NMI (acpi_id[0xff] high edge lint[0x1])
[    0.042496] IOAPIC[0]: apic_id 32, version 33, address 0xfec00000, GSI 0-23
[    0.042499] IOAPIC[1]: apic_id 33, version 33, address 0xfec01000, GSI 24-55
[    0.042500] ACPI: INT_SRC_OVR (bus 0 bus_irq 0 global_irq 2 dfl dfl)
[    0.042501] ACPI: INT_SRC_OVR (bus 0 bus_irq 9 global_irq 9 low level)
[    0.042504] ACPI: Using ACPI (MADT) for SMP configuration information
[    0.042504] ACPI: HPET id: 0x10228201 base: 0xfed00000
[    0.042511] e820: update [mem 0x63223000-0x63438fff] usable ==> reserved
[    0.042521] CPU topo: Max. logical packages:   1
[    0.042521] CPU topo: Max. logical dies:       2
[    0.042521] CPU topo: Max. dies per package:   2
[    0.042523] CPU topo: Max. threads per core:   2
[    0.042523] CPU topo: Num. cores per package:    16
[    0.042524] CPU topo: Num. threads per package:  32
[    0.042524] CPU topo: Allowing 32 present CPUs plus 0 hotplug CPUs
[    0.042534] PM: hibernation: Registered nosave memory: [mem 0x00000000-0x00000fff]
[    0.042535] PM: hibernation: Registered nosave memory: [mem 0x000a0000-0x000fffff]
[    0.042536] PM: hibernation: Registered nosave memory: [mem 0x09aff000-0x09ffffff]
[    0.042536] PM: hibernation: Registered nosave memory: [mem 0x0a200000-0x0a21dfff]
[    0.042537] PM: hibernation: Registered nosave memory: [mem 0x0b000000-0x0b020fff]
[    0.042537] PM: hibernation: Registered nosave memory: [mem 0x63223000-0x63438fff]
[    0.042538] PM: hibernation: Registered nosave memory: [mem 0x671f1000-0x671f1fff]
[    0.042538] PM: hibernation: Registered nosave memory: [mem 0x6ad6c000-0x785fefff]
[    0.042539] PM: hibernation: Registered nosave memory: [mem 0x79ff7000-0x79ffbfff]
[    0.042540] PM: hibernation: Registered nosave memory: [mem 0x7a000000-0xffffffff]
[    0.042540] [mem 0x80000000-0xfedfffff] available for PCI devices
[    0.042541] Booting paravirtualized kernel on bare hardware
[    0.042543] clocksource: refined-jiffies: mask: 0xffffffff max_cycles: 0xffffffff, max_idle_ns: 1910969940391419 ns
[    0.045790] setup_percpu: NR_CPUS:8192 nr_cpumask_bits:32 nr_cpu_ids:32 nr_node_ids:1
[    0.046206] percpu: Embedded 62 pages/cpu s217088 r8192 d28672 u262144
[    0.046210] pcpu-alloc: s217088 r8192 d28672 u262144 alloc=1*2097152
[    0.046210] pcpu-alloc: [0] 00 01 02 03 04 05 06 07 [0] 08 09 10 11 12 13 14 15 
[    0.046213] pcpu-alloc: [0] 16 17 18 19 20 21 22 23 [0] 24 25 26 27 28 29 30 31 
[    0.046224] Kernel command line: initrd=\initramfs-linux.img root=PARTUUID=f5c1a274-c240-4cf3-abc4-e7199951ebf7 zswap.enabled=0 rootflags=subvol=@ rw rootfstype=btrfs
[    0.046446] printk: log_buf_len individual max cpu contribution: 4096 bytes
[    0.046446] printk: log_buf_len total cpu_extra contributions: 126976 bytes
[    0.046447] printk: log_buf_len min size: 131072 bytes
[    0.046498] printk: log buffer data + meta data: 262144 + 917504 = 1179648 bytes
[    0.046498] printk: early log buf free: 117976(90%)
[    0.049003] Dentry cache hash table entries: 8388608 (order: 14, 67108864 bytes, linear)
[    0.050111] Inode-cache hash table entries: 4194304 (order: 13, 33554432 bytes, linear)
[    0.050237] software IO TLB: area num 32.
[    0.053035] Fallback order for Node 0: 0 
[    0.053037] Built 1 zonelists, mobility grouping on.  Total pages: 16686919
[    0.053038] Policy zone: Normal
[    0.053102] mem auto-init: stack:all(zero), heap alloc:on, heap free:off
[    0.102474] SLUB: HWalign=64, Order=0-3, MinObjects=0, CPUs=32, Nodes=1
[    0.109221] ftrace: allocating 55585 entries in 220 pages
[    0.109222] ftrace: allocated 220 pages with 5 groups
[    0.109271] Dynamic Preempt: full
[    0.109322] rcu: Preemptible hierarchical RCU implementation.
[    0.109323] rcu: 	RCU restricting CPUs from NR_CPUS=8192 to nr_cpu_ids=32.
[    0.109323] rcu: 	RCU priority boosting: priority 1 delay 500 ms.
[    0.109324] 	Trampoline variant of Tasks RCU enabled.
[    0.109324] 	Rude variant of Tasks RCU enabled.
[    0.109324] 	Tracing variant of Tasks RCU enabled.
[    0.109325] rcu: RCU calculated value of scheduler-enlistment delay is 100 jiffies.
[    0.109325] rcu: Adjusting geometry for rcu_fanout_leaf=16, nr_cpu_ids=32
[    0.109333] RCU Tasks: Setting shift to 5 and lim to 1 rcu_task_cb_adjust=1 rcu_task_cpu_ids=32.
[    0.109334] RCU Tasks Rude: Setting shift to 5 and lim to 1 rcu_task_cb_adjust=1 rcu_task_cpu_ids=32.
[    0.109336] RCU Tasks Trace: Setting shift to 5 and lim to 1 rcu_task_cb_adjust=1 rcu_task_cpu_ids=32.
[    0.111515] NR_IRQS: 524544, nr_irqs: 1224, preallocated irqs: 16
[    0.111692] rcu: srcu_init: Setting srcu_struct sizes based on contention.
[    0.111836] kfence: initialized - using 2097152 bytes for 255 objects at 0x(____ptrval____)-0x(____ptrval____)
[    0.111863] Console: colour dummy device 80x25
[    0.111865] printk: legacy console [tty0] enabled
[    0.111890] ACPI: Core revision 20240827
[    0.111988] clocksource: hpet: mask: 0xffffffff max_cycles: 0xffffffff, max_idle_ns: 133484873504 ns
[    0.112000] APIC: Switch to symmetric I/O mode setup
[    0.112181] AMD-Vi: Using global IVHD EFR:0x246577efa2254afa, EFR2:0x0
[    0.112940] ..TIMER: vector=0x30 apic1=0 pin1=2 apic2=-1 pin2=-1
[    0.117004] clocksource: tsc-early: mask: 0xffffffffffffffff max_cycles: 0x3dfb5a7b2c8, max_idle_ns: 440795332495 ns
[    0.117006] Calibrating delay loop (skipped), value calculated using timer frequency.. 8599.98 BogoMIPS (lpj=4299990)
[    0.117019] x86/cpu: User Mode Instruction Prevention (UMIP) activated
[    0.117077] LVT offset 1 assigned for vector 0xf9
[    0.117289] LVT offset 2 assigned for vector 0xf4
[    0.117352] Last level iTLB entries: 4KB 64, 2MB 64, 4MB 32
[    0.117352] Last level dTLB entries: 4KB 128, 2MB 128, 4MB 64, 1GB 0
[    0.117354] process: using mwait in idle threads
[    0.117355] Spectre V1 : Mitigation: usercopy/swapgs barriers and __user pointer sanitization
[    0.117356] Spectre V2 : Mitigation: Enhanced / Automatic IBRS
[    0.117357] Spectre V2 : mitigation: Enabling conditional Indirect Branch Prediction Barrier
[    0.117358] Spectre V2 : User space: Mitigation: STIBP always-on protection
[    0.117359] Speculative Store Bypass: Mitigation: Speculative Store Bypass disabled via prctl
[    0.117360] Speculative Return Stack Overflow: Mitigation: IBPB on VMEXIT only
[    0.117364] x86/fpu: Supporting XSAVE feature 0x001: 'x87 floating point registers'
[    0.117365] x86/fpu: Supporting XSAVE feature 0x002: 'SSE registers'
[    0.117365] x86/fpu: Supporting XSAVE feature 0x004: 'AVX registers'
[    0.117366] x86/fpu: Supporting XSAVE feature 0x020: 'AVX-512 opmask'
[    0.117366] x86/fpu: Supporting XSAVE feature 0x040: 'AVX-512 Hi256'
[    0.117367] x86/fpu: Supporting XSAVE feature 0x080: 'AVX-512 ZMM_Hi256'
[    0.117367] x86/fpu: Supporting XSAVE feature 0x200: 'Protection Keys User registers'
[    0.117368] x86/fpu: Supporting XSAVE feature 0x800: 'Control-flow User registers'
[    0.117368] x86/fpu: xstate_offset[2]:  576, xstate_sizes[2]:  256
[    0.117369] x86/fpu: xstate_offset[5]:  832, xstate_sizes[5]:   64
[    0.117370] x86/fpu: xstate_offset[6]:  896, xstate_sizes[6]:  512
[    0.117370] x86/fpu: xstate_offset[7]: 1408, xstate_sizes[7]: 1024
[    0.117371] x86/fpu: xstate_offset[9]: 2432, xstate_sizes[9]:    8
[    0.117371] x86/fpu: xstate_offset[11]: 2440, xstate_sizes[11]:   16
[    0.117372] x86/fpu: Enabled xstate features 0xae7, context size is 2456 bytes, using 'compacted' format.
[    0.132686] Freeing SMP alternatives memory: 52K
[    0.132688] pid_max: default: 32768 minimum: 301
[    0.133739] LSM: initializing lsm=capability,landlock,lockdown,yama,bpf
[    0.133778] landlock: Up and running.
[    0.133780] Yama: becoming mindful.
[    0.133874] LSM support for eBPF active
[    0.133912] Mount-cache hash table entries: 131072 (order: 8, 1048576 bytes, linear)
[    0.133952] Mountpoint-cache hash table entries: 131072 (order: 8, 1048576 bytes, linear)
[    0.237682] smpboot: CPU0: AMD Ryzen 9 9950X3D 16-Core Processor (family: 0x1a, model: 0x44, stepping: 0x0)
[    0.237750] Performance Events: Fam17h+ 16-deep LBR, core perfctr, AMD PMU driver.
[    0.237765] ... version:                2
[    0.237765] ... bit width:              48
[    0.237766] ... generic registers:      6
[    0.237766] ... value mask:             0000ffffffffffff
[    0.237766] ... max period:             00007fffffffffff
[    0.237767] ... fixed-purpose events:   0
[    0.237767] ... event mask:             000000000000003f
[    0.237826] signal: max sigframe size: 3376
[    0.237877] rcu: Hierarchical SRCU implementation.
[    0.237877] rcu: 	Max phase no-delay instances is 400.
[    0.237900] Timer migration: 2 hierarchy levels; 8 children per group; 2 crossnode level
[    0.238004] MCE: In-kernel MCE decoding enabled.
[    0.238005] NMI watchdog: Enabled. Permanently consumes one hw-PMU counter.
[    0.238005] smp: Bringing up secondary CPUs ...
[    0.238005] smpboot: x86: Booting SMP configuration:
[    0.238005] .... node  #0, CPUs:        #1  #2  #3  #4  #5  #6  #7  #8  #9 #10 #11 #12 #13 #14 #15 #16 #17 #18 #19 #20 #21 #22 #23 #24 #25 #26 #27 #28 #29 #30 #31
[    0.244093] Spectre V2 : Update user space SMT mitigation: STIBP always-on
[    0.245037] smp: Brought up 1 node, 32 CPUs
[    0.245037] smpboot: Total of 32 processors activated (275199.36 BogoMIPS)
[    0.246163] Memory: 65207108K/66747676K available (19713K kernel code, 2940K rwdata, 16528K rodata, 4644K init, 5024K bss, 1501832K reserved, 0K cma-reserved)
[    0.246309] devtmpfs: initialized
[    0.246309] x86/mm: Memory block size: 2048MB
[    0.247139] ACPI: PM: Registering ACPI NVS region [mem 0x0a200000-0x0a21dfff] (122880 bytes)
[    0.247139] ACPI: PM: Registering ACPI NVS region [mem 0x716bb000-0x736bafff] (33554432 bytes)
[    0.247139] clocksource: jiffies: mask: 0xffffffff max_cycles: 0xffffffff, max_idle_ns: 1911260446275000 ns
[    0.247139] posixtimers hash table entries: 16384 (order: 6, 262144 bytes, linear)
[    0.247139] futex hash table entries: 8192 (order: 7, 524288 bytes, linear)
[    0.247139] pinctrl core: initialized pinctrl subsystem
[    0.247139] PM: RTC time: 02:45:45, date: 2025-08-05
[    0.247321] NET: Registered PF_NETLINK/PF_ROUTE protocol family
[    0.247457] DMA: preallocated 4096 KiB GFP_KERNEL pool for atomic allocations
[    0.247551] DMA: preallocated 4096 KiB GFP_KERNEL|GFP_DMA pool for atomic allocations
[    0.247644] DMA: preallocated 4096 KiB GFP_KERNEL|GFP_DMA32 pool for atomic allocations
[    0.247648] audit: initializing netlink subsys (disabled)
[    0.247650] audit: type=2000 audit(1754361945.000:1): state=initialized audit_enabled=0 res=1
[    0.247650] thermal_sys: Registered thermal governor 'fair_share'
[    0.247650] thermal_sys: Registered thermal governor 'bang_bang'
[    0.247650] thermal_sys: Registered thermal governor 'step_wise'
[    0.247650] thermal_sys: Registered thermal governor 'user_space'
[    0.247650] thermal_sys: Registered thermal governor 'power_allocator'
[    0.247650] cpuidle: using governor ladder
[    0.247650] cpuidle: using governor menu
[    0.248116] acpiphp: ACPI Hot Plug PCI Controller Driver version: 0.5
[    0.248153] PCI: ECAM [mem 0xe0000000-0xefffffff] (base 0xe0000000) for domain 0000 [bus 00-ff]
[    0.248161] PCI: Using configuration type 1 for base access
[    0.248221] kprobes: kprobe jump-optimization is enabled. All kprobes are optimized if possible.
[    0.248222] HugeTLB: allocation took 0ms with hugepage_allocation_threads=8
[    0.248222] HugeTLB: registered 1.00 GiB page size, pre-allocated 0 pages
[    0.248222] HugeTLB: 16380 KiB vmemmap can be freed for a 1.00 GiB page
[    0.248222] HugeTLB: registered 2.00 MiB page size, pre-allocated 0 pages
[    0.248222] HugeTLB: 28 KiB vmemmap can be freed for a 2.00 MiB page
[    0.248222] raid6: skipped pq benchmark and selected avx512x4
[    0.248222] raid6: using avx512x2 recovery algorithm
[    0.248222] ACPI: Added _OSI(Module Device)
[    0.248222] ACPI: Added _OSI(Processor Device)
[    0.248222] ACPI: Added _OSI(Processor Aggregator Device)
[    0.254734] ACPI: 15 ACPI AML tables successfully acquired and loaded
[    0.256448] ACPI: EC: EC started
[    0.256449] ACPI: EC: interrupt blocked
[    0.256580] ACPI: EC: EC_CMD/EC_SC=0x66, EC_DATA=0x62
[    0.256581] ACPI: \_SB_.PCI0.SBRG.EC0_: Boot DSDT EC used to handle transactions
[    0.256582] ACPI: Interpreter enabled
[    0.256589] ACPI: PM: (supports S0 S3 S4 S5)
[    0.256590] ACPI: Using IOAPIC for interrupt routing
[    0.257336] PCI: Using host bridge windows from ACPI; if necessary, use "pci=nocrs" and report a bug
[    0.257336] PCI: Ignoring E820 reservations for host bridge windows
[    0.257483] ACPI: Enabled 7 GPEs in block 00 to 1F
[    0.258944] ACPI: \_SB_.PCI0.GPP0.M237: New power resource
[    0.262328] ACPI: PCI Root Bridge [PCI0] (domain 0000 [bus 00-ff])
[    0.262331] acpi PNP0A08:00: _OSC: OS supports [ExtendedConfig ASPM ClockPM Segments MSI EDR HPX-Type3]
[    0.262383] acpi PNP0A08:00: _OSC: OS now controls [PCIeHotplug SHPCHotplug PME AER PCIeCapability LTR DPC]
[    0.262602] PCI host bridge to bus 0000:00
[    0.262604] pci_bus 0000:00: root bus resource [io  0x0000-0x03af window]
[    0.262606] pci_bus 0000:00: root bus resource [io  0x03e0-0x0cf7 window]
[    0.262606] pci_bus 0000:00: root bus resource [io  0x03b0-0x03df window]
[    0.262606] pci_bus 0000:00: root bus resource [io  0x0d00-0xffff window]
[    0.262607] pci_bus 0000:00: root bus resource [mem 0x000a0000-0x000dffff window]
[    0.262608] pci_bus 0000:00: root bus resource [mem 0x80000000-0xdfffffff window]
[    0.262608] pci_bus 0000:00: root bus resource [mem 0x1080000000-0xffffffffff window]
[    0.262609] pci_bus 0000:00: root bus resource [bus 00-ff]
[    0.262619] pci 0000:00:00.0: [1022:14d8] type 00 class 0x060000 conventional PCI endpoint
[    0.262678] pci 0000:00:00.2: [1022:14d9] type 00 class 0x080600 conventional PCI endpoint
[    0.262727] pci 0000:00:01.0: [1022:14da] type 00 class 0x060000 conventional PCI endpoint
[    0.262768] pci 0000:00:01.1: [1022:14db] type 01 class 0x060400 PCIe Root Port
[    0.262779] pci 0000:00:01.1: PCI bridge to [bus 01]
[    0.262782] pci 0000:00:01.1:   bridge window [io  0xf000-0xffff]
[    0.262784] pci 0000:00:01.1:   bridge window [mem 0xde000000-0xdf0fffff]
[    0.262788] pci 0000:00:01.1:   bridge window [mem 0xf000000000-0xf801ffffff 64bit pref]
[    0.262837] pci 0000:00:01.1: PME# supported from D0 D3hot D3cold
[    0.263025] pci 0000:00:01.2: [1022:14db] type 01 class 0x060400 PCIe Root Port
[    0.263036] pci 0000:00:01.2: PCI bridge to [bus 02]
[    0.263039] pci 0000:00:01.2:   bridge window [mem 0xdf700000-0xdf7fffff]
[    0.263090] pci 0000:00:01.2: PME# supported from D0 D3hot D3cold
[    0.263160] pci 0000:00:02.0: [1022:14da] type 00 class 0x060000 conventional PCI endpoint
[    0.263199] pci 0000:00:02.1: [1022:14db] type 01 class 0x060400 PCIe Root Port
[    0.263210] pci 0000:00:02.1: PCI bridge to [bus 03-6a]
[    0.263213] pci 0000:00:02.1:   bridge window [mem 0xa8000000-0xdd1fffff]
[    0.263217] pci 0000:00:02.1:   bridge window [mem 0xf810000000-0xf8653fffff 64bit pref]
[    0.263222] pci 0000:00:02.1: enabling Extended Tags
[    0.263266] pci 0000:00:02.1: PME# supported from D0 D3hot D3cold
[    0.263375] pci 0000:00:03.0: [1022:14da] type 00 class 0x060000 conventional PCI endpoint
[    0.263418] pci 0000:00:04.0: [1022:14da] type 00 class 0x060000 conventional PCI endpoint
[    0.263463] pci 0000:00:08.0: [1022:14da] type 00 class 0x060000 conventional PCI endpoint
[    0.263504] pci 0000:00:08.1: [1022:14dd] type 01 class 0x060400 PCIe Root Port
[    0.263513] pci 0000:00:08.1: PCI bridge to [bus 6b]
[    0.263515] pci 0000:00:08.1:   bridge window [mem 0xdf200000-0xdf5fffff]
[    0.263522] pci 0000:00:08.1: enabling Extended Tags
[    0.263544] pci 0000:00:08.1: PME# supported from D0 D3hot D3cold
[    0.263600] pci 0000:00:08.3: [1022:14dd] type 01 class 0x060400 PCIe Root Port
[    0.263608] pci 0000:00:08.3: PCI bridge to [bus 6c]
[    0.263611] pci 0000:00:08.3:   bridge window [mem 0xdf600000-0xdf6fffff]
[    0.263617] pci 0000:00:08.3: enabling Extended Tags
[    0.263640] pci 0000:00:08.3: PME# supported from D0 D3hot D3cold
[    0.263698] pci 0000:00:14.0: [1022:790b] type 00 class 0x0c0500 conventional PCI endpoint
[    0.263756] pci 0000:00:14.3: [1022:790e] type 00 class 0x060100 conventional PCI endpoint
[    0.263824] pci 0000:00:18.0: [1022:14e0] type 00 class 0x060000 conventional PCI endpoint
[    0.263842] pci 0000:00:18.1: [1022:14e1] type 00 class 0x060000 conventional PCI endpoint
[    0.263859] pci 0000:00:18.2: [1022:14e2] type 00 class 0x060000 conventional PCI endpoint
[    0.263876] pci 0000:00:18.3: [1022:14e3] type 00 class 0x060000 conventional PCI endpoint
[    0.263893] pci 0000:00:18.4: [1022:14e4] type 00 class 0x060000 conventional PCI endpoint
[    0.263911] pci 0000:00:18.5: [1022:14e5] type 00 class 0x060000 conventional PCI endpoint
[    0.263928] pci 0000:00:18.6: [1022:14e6] type 00 class 0x060000 conventional PCI endpoint
[    0.263945] pci 0000:00:18.7: [1022:14e7] type 00 class 0x060000 conventional PCI endpoint
[    0.264010] pci 0000:01:00.0: [10de:2684] type 00 class 0x030000 PCIe Legacy Endpoint
[    0.264027] pci 0000:01:00.0: BAR 0 [mem 0xde000000-0xdeffffff]
[    0.264029] pci 0000:01:00.0: BAR 1 [mem 0xf000000000-0xf7ffffffff 64bit pref]
[    0.264030] pci 0000:01:00.0: BAR 3 [mem 0xf800000000-0xf801ffffff 64bit pref]
[    0.264031] pci 0000:01:00.0: BAR 5 [io  0xf000-0xf07f]
[    0.264032] pci 0000:01:00.0: ROM [mem 0xdf000000-0xdf07ffff pref]
[    0.264067] pci 0000:01:00.0: PME# supported from D0 D3hot
[    0.264169] pci 0000:01:00.1: [10de:22ba] type 00 class 0x040300 PCIe Endpoint
[    0.264185] pci 0000:01:00.1: BAR 0 [mem 0xdf080000-0xdf083fff]
[    0.264266] pci 0000:00:01.1: PCI bridge to [bus 01]
[    0.264455] pci 0000:02:00.0: [144d:a80c] type 00 class 0x010802 PCIe Endpoint
[    0.264481] pci 0000:02:00.0: BAR 0 [mem 0xdf700000-0xdf703fff 64bit]
[    0.264632] pci 0000:00:01.2: PCI bridge to [bus 02]
[    0.264685] pci 0000:03:00.0: [1022:43f4] type 01 class 0x060400 PCIe Switch Upstream Port
[    0.264700] pci 0000:03:00.0: PCI bridge to [bus 04-6a]
[    0.264705] pci 0000:03:00.0:   bridge window [mem 0xa8000000-0xdd1fffff]
[    0.264711] pci 0000:03:00.0:   bridge window [mem 0xf810000000-0xf8653fffff 64bit pref]
[    0.264718] pci 0000:03:00.0: enabling Extended Tags
[    0.264761] pci 0000:03:00.0: PME# supported from D0 D3hot D3cold
[    0.264891] pci 0000:00:02.1: PCI bridge to [bus 03-6a]
[    0.264948] pci 0000:04:00.0: [1022:43f5] type 01 class 0x060400 PCIe Switch Downstream Port
[    0.264964] pci 0000:04:00.0: PCI bridge to [bus 05]
[    0.264982] pci 0000:04:00.0: enabling Extended Tags
[    0.265031] pci 0000:04:00.0: PME# supported from D0 D3hot D3cold
[    0.265121] pci 0000:04:08.0: [1022:43f5] type 01 class 0x060400 PCIe Switch Downstream Port
[    0.265136] pci 0000:04:08.0: PCI bridge to [bus 06-68]
[    0.265141] pci 0000:04:08.0:   bridge window [mem 0xa8000000-0xdcefffff]
[    0.265147] pci 0000:04:08.0:   bridge window [mem 0xf810000000-0xf8653fffff 64bit pref]
[    0.265155] pci 0000:04:08.0: enabling Extended Tags
[    0.265198] pci 0000:04:08.0: PME# supported from D0 D3hot D3cold
[    0.265307] pci 0000:04:0c.0: [1022:43f5] type 01 class 0x060400 PCIe Switch Downstream Port
[    0.265322] pci 0000:04:0c.0: PCI bridge to [bus 69]
[    0.265326] pci 0000:04:0c.0:   bridge window [mem 0xdd100000-0xdd1fffff]
[    0.265339] pci 0000:04:0c.0: enabling Extended Tags
[    0.265367] pci 0000:04:0c.0: PME# supported from D0 D3hot D3cold
[    0.265431] pci 0000:04:0d.0: [1022:43f5] type 01 class 0x060400 PCIe Switch Downstream Port
[    0.265446] pci 0000:04:0d.0: PCI bridge to [bus 6a]
[    0.265450] pci 0000:04:0d.0:   bridge window [mem 0xdd000000-0xdd0fffff]
[    0.265463] pci 0000:04:0d.0: enabling Extended Tags
[    0.265492] pci 0000:04:0d.0: PME# supported from D0 D3hot D3cold
[    0.265547] pci 0000:03:00.0: PCI bridge to [bus 04-6a]
[    0.265575] pci 0000:04:00.0: PCI bridge to [bus 05]
[    0.265618] pci 0000:06:00.0: [1022:43f4] type 01 class 0x060400 PCIe Switch Upstream Port
[    0.265643] pci 0000:06:00.0: PCI bridge to [bus 07-68]
[    0.265651] pci 0000:06:00.0:   bridge window [mem 0xa8000000-0xdcefffff]
[    0.265660] pci 0000:06:00.0:   bridge window [mem 0xf810000000-0xf8653fffff 64bit pref]
[    0.265672] pci 0000:06:00.0: enabling Extended Tags
[    0.265741] pci 0000:06:00.0: PME# supported from D0 D3hot D3cold
[    0.265906] pci 0000:04:08.0: PCI bridge to [bus 06-68]
[    0.265986] pci 0000:07:00.0: [1022:43f5] type 01 class 0x060400 PCIe Switch Downstream Port
[    0.266011] pci 0000:07:00.0: PCI bridge to [bus 08]
[    0.266019] pci 0000:07:00.0:   bridge window [mem 0xdce00000-0xdcefffff]
[    0.266028] pci 0000:07:00.0:   bridge window [mem 0xf865300000-0xf8653fffff 64bit pref]
[    0.266041] pci 0000:07:00.0: enabling Extended Tags
[    0.266112] pci 0000:07:00.0: PME# supported from D0 D3hot D3cold
[    0.266241] pci 0000:07:01.0: [1022:43f5] type 01 class 0x060400 PCIe Switch Downstream Port
[    0.266266] pci 0000:07:01.0: PCI bridge to [bus 09]
[    0.266273] pci 0000:07:01.0:   bridge window [mem 0xdca00000-0xdcbfffff]
[    0.266295] pci 0000:07:01.0: enabling Extended Tags
[    0.266366] pci 0000:07:01.0: PME# supported from D0 D3hot D3cold
[    0.266495] pci 0000:07:02.0: [1022:43f5] type 01 class 0x060400 PCIe Switch Downstream Port
[    0.266520] pci 0000:07:02.0: PCI bridge to [bus 0a]
[    0.266527] pci 0000:07:02.0:   bridge window [mem 0xdc400000-0xdc8fffff]
[    0.266549] pci 0000:07:02.0: enabling Extended Tags
[    0.266619] pci 0000:07:02.0: PME# supported from D0 D3hot D3cold
[    0.266749] pci 0000:07:03.0: [1022:43f5] type 01 class 0x060400 PCIe Switch Downstream Port
[    0.266774] pci 0000:07:03.0: PCI bridge to [bus 0b]
[    0.266802] pci 0000:07:03.0: enabling Extended Tags
[    0.266876] pci 0000:07:03.0: PME# supported from D0 D3hot D3cold
[    0.267009] pci 0000:07:04.0: [1022:43f5] type 01 class 0x060400 PCIe Switch Downstream Port
[    0.267034] pci 0000:07:04.0: PCI bridge to [bus 0c-65]
[    0.267041] pci 0000:07:04.0:   bridge window [mem 0xa8000000-0xdc0fffff]
[    0.267050] pci 0000:07:04.0:   bridge window [mem 0xf810000000-0xf8651fffff 64bit pref]
[    0.267063] pci 0000:07:04.0: enabling Extended Tags
[    0.267134] pci 0000:07:04.0: PME# supported from D0 D3hot D3cold
[    0.267271] pci 0000:07:08.0: [1022:43f5] type 01 class 0x060400 PCIe Switch Downstream Port
[    0.267295] pci 0000:07:08.0: PCI bridge to [bus 66]
[    0.267324] pci 0000:07:08.0: enabling Extended Tags
[    0.267398] pci 0000:07:08.0: PME# supported from D0 D3hot D3cold
[    0.267533] pci 0000:07:0c.0: [1022:43f5] type 01 class 0x060400 PCIe Switch Downstream Port
[    0.267558] pci 0000:07:0c.0: PCI bridge to [bus 67]
[    0.267563] pci 0000:07:0c.0:   bridge window [mem 0xdcd00000-0xdcdfffff]
[    0.267584] pci 0000:07:0c.0: enabling Extended Tags
[    0.267631] pci 0000:07:0c.0: PME# supported from D0 D3hot D3cold
[    0.267724] pci 0000:07:0d.0: [1022:43f5] type 01 class 0x060400 PCIe Switch Downstream Port
[    0.267749] pci 0000:07:0d.0: PCI bridge to [bus 68]
[    0.267754] pci 0000:07:0d.0:   bridge window [mem 0xdcc00000-0xdccfffff]
[    0.267775] pci 0000:07:0d.0: enabling Extended Tags
[    0.267821] pci 0000:07:0d.0: PME# supported from D0 D3hot D3cold
[    0.267908] pci 0000:06:00.0: PCI bridge to [bus 07-68]
[    0.267980] pci 0000:08:00.0: [14c3:0616] type 00 class 0x028000 PCIe Endpoint
[    0.268053] pci 0000:08:00.0: BAR 0 [mem 0xf865300000-0xf8653fffff 64bit pref]
[    0.268057] pci 0000:08:00.0: BAR 2 [mem 0xdce00000-0xdce07fff 64bit]
[    0.268074] pci 0000:08:00.0: enabling Extended Tags
[    0.268177] pci 0000:08:00.0: PME# supported from D0 D3hot D3cold
[    0.268384] pci 0000:07:00.0: PCI bridge to [bus 08]
[    0.268466] pci 0000:09:00.0: [8086:15f3] type 00 class 0x020000 PCIe Endpoint
[    0.268533] pci 0000:09:00.0: BAR 0 [mem 0xdca00000-0xdcafffff]
[    0.268539] pci 0000:09:00.0: BAR 3 [mem 0xdcb00000-0xdcb03fff]
[    0.268667] pci 0000:09:00.0: PME# supported from D0 D3hot D3cold
[    0.268870] pci 0000:07:01.0: PCI bridge to [bus 09]
[    0.268932] pci 0000:0a:00.0: [1d6a:94c0] type 00 class 0x020000 PCIe Endpoint
[    0.268983] pci 0000:0a:00.0: BAR 0 [mem 0xdc800000-0xdc87ffff 64bit]
[    0.268986] pci 0000:0a:00.0: BAR 2 [mem 0xdc8a0000-0xdc8a0fff 64bit]
[    0.268989] pci 0000:0a:00.0: BAR 4 [mem 0xdc400000-0xdc7fffff 64bit]
[    0.268991] pci 0000:0a:00.0: ROM [mem 0xdc880000-0xdc89ffff pref]
[    0.268999] pci 0000:0a:00.0: enabling Extended Tags
[    0.269120] pci 0000:0a:00.0: supports D1 D2
[    0.269120] pci 0000:0a:00.0: PME# supported from D0 D1 D3hot D3cold
[    0.269311] pci 0000:0a:00.0: 15.753 Gb/s available PCIe bandwidth, limited by 16.0 GT/s PCIe x1 link at 0000:07:02.0 (capable of 31.506 Gb/s with 16.0 GT/s PCIe x2 link)
[    0.269366] pci 0000:07:02.0: PCI bridge to [bus 0a]
[    0.269409] pci 0000:07:03.0: PCI bridge to [bus 0b]
[    0.269487] pci 0000:0c:00.0: [8086:1136] type 01 class 0x060400 PCIe Switch Upstream Port
[    0.269527] pci 0000:0c:00.0: PCI bridge to [bus 0d-65]
[    0.269538] pci 0000:0c:00.0:   bridge window [mem 0xa8000000-0xdc0fffff]
[    0.269552] pci 0000:0c:00.0:   bridge window [mem 0xf810000000-0xf8651fffff 64bit pref]
[    0.269569] pci 0000:0c:00.0: enabling Extended Tags
[    0.269720] pci 0000:0c:00.0: supports D1 D2
[    0.269720] pci 0000:0c:00.0: PME# supported from D0 D1 D2 D3hot D3cold
[    0.270015] pci 0000:07:04.0: PCI bridge to [bus 0c-65]
[    0.270116] pci 0000:0d:00.0: [8086:1136] type 01 class 0x060400 PCIe Switch Downstream Port
[    0.270156] pci 0000:0d:00.0: PCI bridge to [bus 0e]
[    0.270168] pci 0000:0d:00.0:   bridge window [mem 0xdc000000-0xdc0fffff]
[    0.270182] pci 0000:0d:00.0:   bridge window [mem 0xf865100000-0xf8651fffff 64bit pref]
[    0.270202] pci 0000:0d:00.0: enabling Extended Tags
[    0.270354] pci 0000:0d:00.0: supports D1 D2
[    0.270355] pci 0000:0d:00.0: PME# supported from D0 D1 D2 D3hot D3cold
[    0.270619] pci 0000:0d:01.0: [8086:1136] type 01 class 0x060400 PCIe Switch Downstream Port
[    0.270659] pci 0000:0d:01.0: PCI bridge to [bus 0f-39]
[    0.270670] pci 0000:0d:01.0:   bridge window [mem 0xc0000000-0xd6efffff]
[    0.270685] pci 0000:0d:01.0:   bridge window [mem 0xf840000000-0xf864ffffff 64bit pref]
[    0.270704] pci 0000:0d:01.0: enabling Extended Tags
[    0.270858] pci 0000:0d:01.0: supports D1 D2
[    0.270859] pci 0000:0d:01.0: PME# supported from D0 D1 D2 D3hot D3cold
[    0.271119] pci 0000:0d:02.0: [8086:1136] type 01 class 0x060400 PCIe Switch Downstream Port
[    0.271159] pci 0000:0d:02.0: PCI bridge to [bus 3a]
[    0.271171] pci 0000:0d:02.0:   bridge window [mem 0xd8000000-0xd80fffff]
[    0.271204] pci 0000:0d:02.0: enabling Extended Tags
[    0.271346] pci 0000:0d:02.0: supports D1 D2
[    0.271346] pci 0000:0d:02.0: PME# supported from D0 D1 D2 D3hot D3cold
[    0.271597] pci 0000:0d:03.0: [8086:1136] type 01 class 0x060400 PCIe Switch Downstream Port
[    0.271637] pci 0000:0d:03.0: PCI bridge to [bus 3b-65]
[    0.271648] pci 0000:0d:03.0:   bridge window [mem 0xa8000000-0xbeffffff]
[    0.271663] pci 0000:0d:03.0:   bridge window [mem 0xf810000000-0xf834ffffff 64bit pref]
[    0.271682] pci 0000:0d:03.0: enabling Extended Tags
[    0.271836] pci 0000:0d:03.0: supports D1 D2
[    0.271837] pci 0000:0d:03.0: PME# supported from D0 D1 D2 D3hot D3cold
[    0.272105] pci 0000:0c:00.0: PCI bridge to [bus 0d-65]
[    0.272212] pci 0000:0e:00.0: [8086:1137] type 00 class 0x0c0340 PCIe Endpoint
[    0.272281] pci 0000:0e:00.0: BAR 0 [mem 0xf865100000-0xf86513ffff 64bit pref]
[    0.272286] pci 0000:0e:00.0: BAR 2 [mem 0xf865140000-0xf865140fff 64bit pref]
[    0.272302] pci 0000:0e:00.0: enabling Extended Tags
[    0.272451] pci 0000:0e:00.0: supports D1 D2
[    0.272451] pci 0000:0e:00.0: PME# supported from D0 D1 D2 D3hot D3cold
[    0.272707] pci 0000:0d:00.0: PCI bridge to [bus 0e]
[    0.272836] pci 0000:0f:00.0: [8086:0b26] type 01 class 0x060400 PCIe Switch Upstream Port
[    0.272906] pci 0000:0f:00.0: PCI bridge to [bus 10-15]
[    0.272926] pci 0000:0f:00.0:   bridge window [mem 0xc0000000-0xc01fffff]
[    0.272980] pci 0000:0f:00.0: enabling Extended Tags
[    0.273257] pci 0000:0f:00.0: supports D1 D2
[    0.273257] pci 0000:0f:00.0: PME# supported from D0 D1 D2 D3hot D3cold
[    0.273748] pci 0000:0d:01.0: PCI bridge to [bus 0f-39]
[    0.273909] pci 0000:10:00.0: [8086:0b26] type 01 class 0x060400 PCIe Switch Downstream Port
[    0.273980] pci 0000:10:00.0: PCI bridge to [bus 11]
[    0.274062] pci 0000:10:00.0: enabling Extended Tags
[    0.274341] pci 0000:10:00.0: supports D1 D2
[    0.274341] pci 0000:10:00.0: PME# supported from D0 D1 D2 D3hot D3cold
[    0.274830] pci 0000:10:01.0: [8086:0b26] type 01 class 0x060400 PCIe Switch Downstream Port
[    0.274900] pci 0000:10:01.0: PCI bridge to [bus 12]
[    0.274979] pci 0000:10:01.0: enabling Extended Tags
[    0.275268] pci 0000:10:01.0: supports D1 D2
[    0.275268] pci 0000:10:01.0: PME# supported from D0 D1 D2 D3hot D3cold
[    0.275758] pci 0000:10:02.0: [8086:0b26] type 01 class 0x060400 PCIe Switch Downstream Port
[    0.275829] pci 0000:10:02.0: PCI bridge to [bus 13]
[    0.275907] pci 0000:10:02.0: enabling Extended Tags
[    0.276194] pci 0000:10:02.0: supports D1 D2
[    0.276195] pci 0000:10:02.0: PME# supported from D0 D1 D2 D3hot D3cold
[    0.276685] pci 0000:10:03.0: [8086:0b26] type 01 class 0x060400 PCIe Switch Downstream Port
[    0.276756] pci 0000:10:03.0: PCI bridge to [bus 14]
[    0.276835] pci 0000:10:03.0: enabling Extended Tags
[    0.277125] pci 0000:10:03.0: supports D1 D2
[    0.277125] pci 0000:10:03.0: PME# supported from D0 D1 D2 D3hot D3cold
[    0.277618] pci 0000:10:04.0: [8086:0b26] type 01 class 0x060400 PCIe Switch Downstream Port
[    0.277689] pci 0000:10:04.0: PCI bridge to [bus 15]
[    0.277709] pci 0000:10:04.0:   bridge window [mem 0xc0000000-0xc01fffff]
[    0.277768] pci 0000:10:04.0: enabling Extended Tags
[    0.278053] pci 0000:10:04.0: supports D1 D2
[    0.278053] pci 0000:10:04.0: PME# supported from D0 D1 D2 D3hot D3cold
[    0.278559] pci 0000:0f:00.0: PCI bridge to [bus 10-15]
[    0.278669] pci 0000:10:00.0: PCI bridge to [bus 11]
[    0.278784] pci 0000:10:01.0: PCI bridge to [bus 12]
[    0.278899] pci 0000:10:02.0: PCI bridge to [bus 13]
[    0.279016] pci 0000:10:03.0: PCI bridge to [bus 14]
[    0.279209] pci 0000:15:00.0: [8086:5502] type 00 class 0x020000 PCIe Endpoint
[    0.279342] pci 0000:15:00.0: BAR 0 [mem 0xc0000000-0xc00fffff]
[    0.279354] pci 0000:15:00.0: BAR 3 [mem 0xc0100000-0xc0103fff]
[    0.279631] pci 0000:15:00.0: PME# supported from D0 D3hot D3cold
[    0.280085] pci 0000:10:04.0: PCI bridge to [bus 15]
[    0.280295] pci 0000:3a:00.0: [8086:1138] type 00 class 0x0c0330 PCIe Endpoint
[    0.280363] pci 0000:3a:00.0: BAR 0 [mem 0xd8000000-0xd800ffff 64bit]
[    0.280382] pci 0000:3a:00.0: enabling Extended Tags
[    0.280475] pci 0000:3a:00.0: PME# supported from D3hot D3cold
[    0.280613] pci 0000:0d:02.0: PCI bridge to [bus 3a]
[    0.280679] pci 0000:0d:03.0: PCI bridge to [bus 3b-65]
[    0.280775] pci 0000:07:08.0: PCI bridge to [bus 66]
[    0.280834] pci 0000:67:00.0: [1022:43f7] type 00 class 0x0c0330 PCIe Legacy Endpoint
[    0.280872] pci 0000:67:00.0: BAR 0 [mem 0xdcd00000-0xdcd07fff 64bit]
[    0.280883] pci 0000:67:00.0: enabling Extended Tags
[    0.280935] pci 0000:67:00.0: PME# supported from D0 D3hot D3cold
[    0.281025] pci 0000:07:0c.0: PCI bridge to [bus 67]
[    0.281090] pci 0000:68:00.0: [1022:43f6] type 00 class 0x010601 PCIe Legacy Endpoint
[    0.281130] pci 0000:68:00.0: BAR 5 [mem 0xdcc80000-0xdcc803ff]
[    0.281132] pci 0000:68:00.0: ROM [mem 0xdcc00000-0xdcc7ffff pref]
[    0.281138] pci 0000:68:00.0: enabling Extended Tags
[    0.281179] pci 0000:68:00.0: PME# supported from D0 D3hot D3cold
[    0.281248] pci 0000:07:0d.0: PCI bridge to [bus 68]
[    0.281336] pci 0000:69:00.0: [1022:43f7] type 00 class 0x0c0330 PCIe Legacy Endpoint
[    0.281359] pci 0000:69:00.0: BAR 0 [mem 0xdd100000-0xdd107fff 64bit]
[    0.281367] pci 0000:69:00.0: enabling Extended Tags
[    0.281398] pci 0000:69:00.0: PME# supported from D0 D3hot D3cold
[    0.281460] pci 0000:04:0c.0: PCI bridge to [bus 69]
[    0.281496] pci 0000:6a:00.0: [1022:43f6] type 00 class 0x010601 PCIe Legacy Endpoint
[    0.281521] pci 0000:6a:00.0: BAR 5 [mem 0xdd080000-0xdd0803ff]
[    0.281522] pci 0000:6a:00.0: ROM [mem 0xdd000000-0xdd07ffff pref]
[    0.281526] pci 0000:6a:00.0: enabling Extended Tags
[    0.281552] pci 0000:6a:00.0: PME# supported from D0 D3hot D3cold
[    0.281597] pci 0000:04:0d.0: PCI bridge to [bus 6a]
[    0.281664] pci 0000:6b:00.0: [1022:14de] type 00 class 0x130000 PCIe Legacy Endpoint
[    0.281681] pci 0000:6b:00.0: enabling Extended Tags
[    0.281746] pci 0000:6b:00.2: [1022:1649] type 00 class 0x108000 PCIe Endpoint
[    0.281781] pci 0000:6b:00.2: BAR 2 [mem 0xdf400000-0xdf4fffff]
[    0.281782] pci 0000:6b:00.2: BAR 5 [mem 0xdf508000-0xdf509fff]
[    0.281785] pci 0000:6b:00.2: enabling Extended Tags
[    0.281833] pci 0000:6b:00.3: [1022:15b6] type 00 class 0x0c0330 PCIe Endpoint
[    0.281848] pci 0000:6b:00.3: BAR 0 [mem 0xdf300000-0xdf3fffff 64bit]
[    0.281852] pci 0000:6b:00.3: enabling Extended Tags
[    0.281872] pci 0000:6b:00.3: PME# supported from D0 D3hot D3cold
[    0.281908] pci 0000:6b:00.4: [1022:15b7] type 00 class 0x0c0330 PCIe Endpoint
[    0.281923] pci 0000:6b:00.4: BAR 0 [mem 0xdf200000-0xdf2fffff 64bit]
[    0.281927] pci 0000:6b:00.4: enabling Extended Tags
[    0.281947] pci 0000:6b:00.4: PME# supported from D0 D3hot D3cold
[    0.281984] pci 0000:6b:00.6: [1022:15e3] type 00 class 0x040300 PCIe Endpoint
[    0.281997] pci 0000:6b:00.6: BAR 0 [mem 0xdf500000-0xdf507fff]
[    0.282002] pci 0000:6b:00.6: enabling Extended Tags
[    0.282021] pci 0000:6b:00.6: PME# supported from D0 D3hot D3cold
[    0.282064] pci 0000:00:08.1: PCI bridge to [bus 6b]
[    0.282086] pci 0000:6c:00.0: [1022:15b8] type 00 class 0x0c0330 PCIe Endpoint
[    0.282105] pci 0000:6c:00.0: BAR 0 [mem 0xdf600000-0xdf6fffff 64bit]
[    0.282109] pci 0000:6c:00.0: enabling Extended Tags
[    0.282134] pci 0000:6c:00.0: PME# supported from D0 D3hot D3cold
[    0.282181] pci 0000:00:08.3: PCI bridge to [bus 6c]
[    0.282569] ACPI: PCI: Interrupt link LNKA configured for IRQ 0
[    0.282588] ACPI: PCI: Interrupt link LNKB configured for IRQ 0
[    0.282603] ACPI: PCI: Interrupt link LNKC configured for IRQ 0
[    0.282623] ACPI: PCI: Interrupt link LNKD configured for IRQ 0
[    0.282640] ACPI: PCI: Interrupt link LNKE configured for IRQ 0
[    0.282654] ACPI: PCI: Interrupt link LNKF configured for IRQ 0
[    0.282668] ACPI: PCI: Interrupt link LNKG configured for IRQ 0
[    0.282682] ACPI: PCI: Interrupt link LNKH configured for IRQ 0
[    0.283195] ACPI: EC: interrupt unblocked
[    0.283195] ACPI: EC: event unblocked
[    0.283199] ACPI: EC: EC_CMD/EC_SC=0x66, EC_DATA=0x62
[    0.283200] ACPI: EC: GPE=0x4
[    0.283200] ACPI: \_SB_.PCI0.SBRG.EC0_: Boot DSDT EC initialization complete
[    0.283201] ACPI: \_SB_.PCI0.SBRG.EC0_: EC: Used to handle transactions and events
[    0.283238] iommu: Default domain type: Translated
[    0.283238] iommu: DMA domain TLB invalidation policy: lazy mode
[    0.283238] SCSI subsystem initialized
[    0.283238] libata version 3.00 loaded.
[    0.283238] ACPI: bus type USB registered
[    0.283238] usbcore: registered new interface driver usbfs
[    0.283238] usbcore: registered new interface driver hub
[    0.283238] usbcore: registered new device driver usb
[    0.284258] i2c i2c-0: Failed to register i2c client MSFT8000:00 at 0x4e (-16)
[    0.284261] fbcon: Taking over console
[    0.284329] EDAC MC: Ver: 3.0.0
[    0.284661] efivars: Registered efivars operations
[    0.284661] NetLabel: Initializing
[    0.284661] NetLabel:  domain hash size = 128
[    0.284661] NetLabel:  protocols = UNLABELED CIPSOv4 CALIPSO
[    0.284661] NetLabel:  unlabeled traffic allowed by default
[    0.284661] mctp: management component transport protocol core
[    0.284661] NET: Registered PF_MCTP protocol family
[    0.284661] PCI: Using ACPI for IRQ routing
[    0.293719] PCI: pci_cache_line_size set to 64 bytes
[    0.293721] pci 0000:00:02.1: bridge window [mem 0xa8000000-0xdd1fffff]: can't claim; address conflict with AMDIF031:00 [mem 0xdcc00000-0xdcc00fff]
[    0.293722] pci 0000:03:00.0: bridge window [mem 0xa8000000-0xdd1fffff]: can't claim; no compatible bridge window
[    0.293723] pci 0000:04:08.0: bridge window [mem 0xa8000000-0xdcefffff]: can't claim; no compatible bridge window
[    0.293724] pci 0000:06:00.0: bridge window [mem 0xa8000000-0xdcefffff]: can't claim; no compatible bridge window
[    0.293724] pci 0000:07:00.0: bridge window [mem 0xdce00000-0xdcefffff]: can't claim; no compatible bridge window
[    0.293725] pci 0000:07:01.0: bridge window [mem 0xdca00000-0xdcbfffff]: can't claim; no compatible bridge window
[    0.293725] pci 0000:07:02.0: bridge window [mem 0xdc400000-0xdc8fffff]: can't claim; no compatible bridge window
[    0.293725] pci 0000:07:04.0: bridge window [mem 0xa8000000-0xdc0fffff]: can't claim; no compatible bridge window
[    0.293726] pci 0000:0c:00.0: bridge window [mem 0xa8000000-0xdc0fffff]: can't claim; no compatible bridge window
[    0.293726] pci 0000:0d:00.0: bridge window [mem 0xdc000000-0xdc0fffff]: can't claim; no compatible bridge window
[    0.293727] pci 0000:0d:01.0: bridge window [mem 0xc0000000-0xd6efffff]: can't claim; no compatible bridge window
[    0.293727] pci 0000:0f:00.0: bridge window [mem 0xc0000000-0xc01fffff]: can't claim; no compatible bridge window
[    0.293727] pci 0000:10:04.0: bridge window [mem 0xc0000000-0xc01fffff]: can't claim; no compatible bridge window
[    0.293728] pci 0000:0d:02.0: bridge window [mem 0xd8000000-0xd80fffff]: can't claim; no compatible bridge window
[    0.293728] pci 0000:0d:03.0: bridge window [mem 0xa8000000-0xbeffffff]: can't claim; no compatible bridge window
[    0.293729] pci 0000:07:0c.0: bridge window [mem 0xdcd00000-0xdcdfffff]: can't claim; no compatible bridge window
[    0.293729] pci 0000:07:0d.0: bridge window [mem 0xdcc00000-0xdccfffff]: can't claim; no compatible bridge window
[    0.293729] pci 0000:04:0c.0: bridge window [mem 0xdd100000-0xdd1fffff]: can't claim; no compatible bridge window
[    0.293730] pci 0000:04:0d.0: bridge window [mem 0xdd000000-0xdd0fffff]: can't claim; no compatible bridge window
[    0.293883] pci 0000:09:00.0: BAR 0 [mem 0xdca00000-0xdcafffff]: can't claim; no compatible bridge window
[    0.293883] pci 0000:09:00.0: BAR 3 [mem 0xdcb00000-0xdcb03fff]: can't claim; no compatible bridge window
[    0.293886] pci 0000:0a:00.0: BAR 0 [mem 0xdc800000-0xdc87ffff 64bit]: can't claim; no compatible bridge window
[    0.293887] pci 0000:0a:00.0: BAR 2 [mem 0xdc8a0000-0xdc8a0fff 64bit]: can't claim; no compatible bridge window
[    0.293887] pci 0000:0a:00.0: BAR 4 [mem 0xdc400000-0xdc7fffff 64bit]: can't claim; no compatible bridge window
[    0.293920] pci 0000:3a:00.0: BAR 0 [mem 0xd8000000-0xd800ffff 64bit]: can't claim; no compatible bridge window
[    0.293925] pci 0000:67:00.0: BAR 0 [mem 0xdcd00000-0xdcd07fff 64bit]: can't claim; no compatible bridge window
[    0.293929] pci 0000:69:00.0: BAR 0 [mem 0xdd100000-0xdd107fff 64bit]: can't claim; no compatible bridge window
[    0.294012] pci 0000:08:00.0: BAR 2 [mem 0xdce00000-0xdce07fff 64bit]: can't claim; no compatible bridge window
[    0.294047] pci 0000:15:00.0: BAR 0 [mem 0xc0000000-0xc00fffff]: can't claim; no compatible bridge window
[    0.294048] pci 0000:15:00.0: BAR 3 [mem 0xc0100000-0xc0103fff]: can't claim; no compatible bridge window
[    0.294058] pci 0000:68:00.0: BAR 5 [mem 0xdcc80000-0xdcc803ff]: can't claim; no compatible bridge window
[    0.294061] pci 0000:6a:00.0: BAR 5 [mem 0xdd080000-0xdd0803ff]: can't claim; no compatible bridge window
[    0.294070] e820: reserve RAM buffer [mem 0x09aff000-0x0bffffff]
[    0.294071] e820: reserve RAM buffer [mem 0x0a200000-0x0bffffff]
[    0.294071] e820: reserve RAM buffer [mem 0x0b000000-0x0bffffff]
[    0.294071] e820: reserve RAM buffer [mem 0x63223000-0x63ffffff]
[    0.294072] e820: reserve RAM buffer [mem 0x671f1000-0x67ffffff]
[    0.294072] e820: reserve RAM buffer [mem 0x6ad6c000-0x6bffffff]
[    0.294072] e820: reserve RAM buffer [mem 0x79ff7000-0x7bffffff]
[    0.294073] e820: reserve RAM buffer [mem 0x7a000000-0x7bffffff]
[    0.294073] e820: reserve RAM buffer [mem 0x107dd80000-0x107fffffff]
[    0.294087] pci 0000:01:00.0: vgaarb: setting as boot VGA device
[    0.294087] pci 0000:01:00.0: vgaarb: bridge control possible
[    0.294087] pci 0000:01:00.0: vgaarb: VGA device added: decodes=io+mem,owns=none,locks=none
[    0.294087] vgaarb: loaded
[    0.294087] hpet0: at MMIO 0xfed00000, IRQs 2, 8, 0
[    0.294087] hpet0: 3 comparators, 32-bit 14.318180 MHz counter
[    0.296045] clocksource: Switched to clocksource tsc-early
[    0.296074] VFS: Disk quotas dquot_6.6.0
[    0.296078] VFS: Dquot-cache hash table entries: 512 (order 0, 4096 bytes)
[    0.296114] pnp: PnP ACPI init
[    0.296151] system 00:00: [mem 0xe0000000-0xefffffff] has been reserved
[    0.296177] system 00:01: [mem 0x1000000000000 window] could not be reserved
[    0.296253] system 00:03: [io  0x0290-0x029f] has been reserved
[    0.296254] system 00:03: [io  0x0200-0x023f] has been reserved
[    0.296412] pnp 00:04: [dma 0 disabled]
[    0.296492] system 00:05: [io  0x04d0-0x04d1] has been reserved
[    0.296492] system 00:05: [io  0x040b] has been reserved
[    0.296493] system 00:05: [io  0x04d6] has been reserved
[    0.296493] system 00:05: [io  0x0c00-0x0c01] has been reserved
[    0.296494] system 00:05: [io  0x0c14] has been reserved
[    0.296494] system 00:05: [io  0x0c50-0x0c51] has been reserved
[    0.296494] system 00:05: [io  0x0c52] has been reserved
[    0.296495] system 00:05: [io  0x0c6c] has been reserved
[    0.296495] system 00:05: [io  0x0c6f] has been reserved
[    0.296495] system 00:05: [io  0x0cd8-0x0cdf] has been reserved
[    0.296496] system 00:05: [io  0x0800-0x089f] has been reserved
[    0.296496] system 00:05: [io  0x0b00-0x0b0f] has been reserved
[    0.296497] system 00:05: [io  0x0b20-0x0b3f] has been reserved
[    0.296497] system 00:05: [io  0x0900-0x090f] has been reserved
[    0.296497] system 00:05: [io  0x0910-0x091f] has been reserved
[    0.296498] system 00:05: [mem 0xfedc0000-0xfedc0fff] has been reserved
[    0.296499] system 00:05: [mem 0xfee00000-0xfee00fff] has been reserved
[    0.296499] system 00:05: [mem 0xfec10000-0xfec10fff] has been reserved
[    0.296500] system 00:05: [mem 0xfeb00000-0xfeb00fff] has been reserved
[    0.296500] system 00:05: [mem 0xff000000-0xffffffff] has been reserved
[    0.296780] pnp: PnP ACPI: found 6 devices
[    0.301906] clocksource: acpi_pm: mask: 0xffffff max_cycles: 0xffffff, max_idle_ns: 2085701024 ns
[    0.301927] NET: Registered PF_INET protocol family
[    0.301972] IP idents hash table entries: 262144 (order: 9, 2097152 bytes, linear)
[    0.308243] tcp_listen_portaddr_hash hash table entries: 32768 (order: 7, 524288 bytes, linear)
[    0.308274] Table-perturb hash table entries: 65536 (order: 6, 262144 bytes, linear)
[    0.308370] TCP established hash table entries: 524288 (order: 10, 4194304 bytes, linear)
[    0.308552] TCP bind hash table entries: 65536 (order: 9, 2097152 bytes, linear)
[    0.308601] TCP: Hash tables configured (established 524288 bind 65536)
[    0.308671] MPTCP token hash table entries: 65536 (order: 8, 1572864 bytes, linear)
[    0.308753] UDP hash table entries: 32768 (order: 9, 2097152 bytes, linear)
[    0.308870] UDP-Lite hash table entries: 32768 (order: 9, 2097152 bytes, linear)
[    0.308956] NET: Registered PF_UNIX/PF_LOCAL protocol family
[    0.308959] NET: Registered PF_XDP protocol family
[    0.308961] pci 0000:0a:00.0: ROM [mem 0xdc880000-0xdc89ffff pref]: can't claim; no compatible bridge window
[    0.308962] pci 0000:68:00.0: ROM [mem 0xdcc00000-0xdcc7ffff pref]: can't claim; no compatible bridge window
[    0.308963] pci 0000:6a:00.0: ROM [mem 0xdd000000-0xdd07ffff pref]: can't claim; no compatible bridge window
[    0.308967] pci 0000:10:01.0: bridge window [io  0x1000-0x0fff] to [bus 12] add_size 1000
[    0.308968] pci 0000:10:01.0: bridge window [mem 0x00100000-0x000fffff 64bit pref] to [bus 12] add_size 200000 add_align 100000
[    0.308969] pci 0000:10:01.0: bridge window [mem 0x00100000-0x000fffff] to [bus 12] add_size 200000 add_align 100000
[    0.308970] pci 0000:10:02.0: bridge window [io  0x1000-0x0fff] to [bus 13] add_size 1000
[    0.308970] pci 0000:10:02.0: bridge window [mem 0x00100000-0x000fffff 64bit pref] to [bus 13] add_size 200000 add_align 100000
[    0.308971] pci 0000:10:02.0: bridge window [mem 0x00100000-0x000fffff] to [bus 13] add_size 200000 add_align 100000
[    0.308971] pci 0000:10:03.0: bridge window [io  0x1000-0x0fff] to [bus 14] add_size 1000
[    0.308972] pci 0000:10:03.0: bridge window [mem 0x00100000-0x000fffff 64bit pref] to [bus 14] add_size 200000 add_align 100000
[    0.308972] pci 0000:10:03.0: bridge window [mem 0x00100000-0x000fffff] to [bus 14] add_size 200000 add_align 100000
[    0.308974] pci 0000:0f:00.0: bridge window [io  0x1000-0x0fff] to [bus 10-15] add_size 3000
[    0.308974] pci 0000:0f:00.0: bridge window [mem 0x00100000-0x003fffff 64bit pref] to [bus 10-15] add_size 600000 add_align 100000
[    0.308976] pci 0000:0f:00.0: bridge window [mem 0x00100000-0x005fffff] to [bus 10-15] add_size 600000 add_align 100000
[    0.308976] pci 0000:0d:01.0: bridge window [io  0x1000-0x0fff] to [bus 0f-39] add_size 4000
[    0.308977] pci 0000:0d:01.0: bridge window [mem 0x00100000-0x005fffff] to [bus 0f-39] add_size 600000 add_align 100000
[    0.308978] pci 0000:0d:03.0: bridge window [io  0x1000-0x0fff] to [bus 3b-65] add_size 1000
[    0.308978] pci 0000:0d:03.0: bridge window [mem 0x00100000-0x000fffff] to [bus 3b-65] add_size 200000 add_align 100000
[    0.308979] pci 0000:0c:00.0: bridge window [io  0x1000-0x0fff] to [bus 0d-65] add_size 5000
[    0.308980] pci 0000:0c:00.0: bridge window [mem 0x00100000-0x007fffff] to [bus 0d-65] add_size 800000 add_align 100000
[    0.308980] pci 0000:07:04.0: bridge window [io  0x1000-0x0fff] to [bus 0c-65] add_size 5000
[    0.308981] pci 0000:07:04.0: bridge window [mem 0x00100000-0x007fffff] to [bus 0c-65] add_size 800000 add_align 100000
[    0.308982] pci 0000:06:00.0: bridge window [io  0x1000-0x0fff] to [bus 07-68] add_size 5000
[    0.308983] pci 0000:06:00.0: bridge window [mem 0x00100000-0x012fffff] to [bus 07-68] add_size 800000 add_align 100000
[    0.308984] pci 0000:04:08.0: bridge window [io  0x1000-0x0fff] to [bus 06-68] add_size 5000
[    0.308984] pci 0000:04:08.0: bridge window [mem 0x00100000-0x012fffff] to [bus 06-68] add_size 800000 add_align 100000
[    0.308985] pci 0000:03:00.0: bridge window [io  0x1000-0x0fff] to [bus 04-6a] add_size 5000
[    0.308986] pci 0000:03:00.0: bridge window [mem 0x00100000-0x014fffff] to [bus 04-6a] add_size 800000 add_align 100000
[    0.308987] pci 0000:00:02.1: bridge window [io  0x1000-0x0fff] to [bus 03-6a] add_size 6000
[    0.308987] pci 0000:00:02.1: bridge window [mem 0x00100000-0x014fffff] to [bus 03-6a] add_size 800000 add_align 100000
[    0.308991] pci 0000:00:02.1: bridge window [mem 0x80000000-0x81bfffff]: assigned
[    0.308992] pci 0000:00:02.1: bridge window [io  0x1000-0x6fff]: assigned
[    0.308993] pci 0000:00:01.1: PCI bridge to [bus 01]
[    0.308994] pci 0000:00:01.1:   bridge window [io  0xf000-0xffff]
[    0.308996] pci 0000:00:01.1:   bridge window [mem 0xde000000-0xdf0fffff]
[    0.308998] pci 0000:00:01.1:   bridge window [mem 0xf000000000-0xf801ffffff 64bit pref]
[    0.309007] pci 0000:00:01.2: PCI bridge to [bus 02]
[    0.309008] pci 0000:00:01.2:   bridge window [mem 0xdf700000-0xdf7fffff]
[    0.309018] pci 0000:03:00.0: bridge window [mem 0x80000000-0x81bfffff]: assigned
[    0.309019] pci 0000:03:00.0: bridge window [io  0x1000-0x5fff]: assigned
[    0.309020] pci 0000:04:08.0: bridge window [mem 0x80000000-0x819fffff]: assigned
[    0.309021] pci 0000:04:0c.0: bridge window [mem 0x81a00000-0x81afffff]: assigned
[    0.309021] pci 0000:04:0d.0: bridge window [mem 0x81b00000-0x81bfffff]: assigned
[    0.309022] pci 0000:04:08.0: bridge window [io  0x1000-0x5fff]: assigned
[    0.309022] pci 0000:04:00.0: PCI bridge to [bus 05]
[    0.309033] pci 0000:06:00.0: bridge window [mem 0x80000000-0x819fffff]: assigned
[    0.309033] pci 0000:06:00.0: bridge window [io  0x1000-0x5fff]: assigned
[    0.309034] pci 0000:07:02.0: bridge window [mem 0x80000000-0x805fffff]: assigned
[    0.309035] pci 0000:07:00.0: bridge window [mem 0x80600000-0x806fffff]: assigned
[    0.309035] pci 0000:07:01.0: bridge window [mem 0x80700000-0x808fffff]: assigned
[    0.309036] pci 0000:07:04.0: bridge window [mem 0x80900000-0x817fffff]: assigned
[    0.309036] pci 0000:07:0c.0: bridge window [mem 0x81800000-0x818fffff]: assigned
[    0.309037] pci 0000:07:0d.0: bridge window [mem 0x81900000-0x819fffff]: assigned
[    0.309037] pci 0000:07:04.0: bridge window [io  0x1000-0x5fff]: assigned
[    0.309038] pci 0000:08:00.0: BAR 2 [mem 0x80600000-0x80607fff 64bit]: assigned
[    0.309052] pci 0000:07:00.0: PCI bridge to [bus 08]
[    0.309056] pci 0000:07:00.0:   bridge window [mem 0x80600000-0x806fffff]
[    0.309058] pci 0000:07:00.0:   bridge window [mem 0xf865300000-0xf8653fffff 64bit pref]
[    0.309063] pci 0000:09:00.0: BAR 0 [mem 0x80700000-0x807fffff]: assigned
[    0.309067] pci 0000:09:00.0: BAR 3 [mem 0x80800000-0x80803fff]: assigned
[    0.309071] pci 0000:07:01.0: PCI bridge to [bus 09]
[    0.309074] pci 0000:07:01.0:   bridge window [mem 0x80700000-0x808fffff]
[    0.309081] pci 0000:0a:00.0: BAR 4 [mem 0x80000000-0x803fffff 64bit]: assigned
[    0.309091] pci 0000:0a:00.0: BAR 0 [mem 0x80400000-0x8047ffff 64bit]: assigned
[    0.309100] pci 0000:0a:00.0: ROM [mem 0x80480000-0x8049ffff pref]: assigned
[    0.309101] pci 0000:0a:00.0: BAR 2 [mem 0x804a0000-0x804a0fff 64bit]: assigned
[    0.309111] pci 0000:07:02.0: PCI bridge to [bus 0a]
[    0.309114] pci 0000:07:02.0:   bridge window [mem 0x80000000-0x805fffff]
[    0.309120] pci 0000:07:03.0: PCI bridge to [bus 0b]
[    0.309130] pci 0000:0c:00.0: bridge window [mem 0x80900000-0x817fffff]: assigned
[    0.309130] pci 0000:0c:00.0: bridge window [io  0x1000-0x5fff]: assigned
[    0.309131] pci 0000:0d:01.0: bridge window [mem 0x80900000-0x813fffff]: assigned
[    0.309132] pci 0000:0d:02.0: bridge window [mem 0x81400000-0x814fffff]: assigned
[    0.309132] pci 0000:0d:03.0: bridge window [mem 0x81500000-0x816fffff]: assigned
[    0.309133] pci 0000:0d:01.0: bridge window [io  0x1000-0x4fff]: assigned
[    0.309133] pci 0000:0d:03.0: bridge window [io  0x5000-0x5fff]: assigned
[    0.309134] pci 0000:0d:00.0: PCI bridge to [bus 0e]
[    0.309142] pci 0000:0d:00.0:   bridge window [mem 0xf865100000-0xf8651fffff 64bit pref]
[    0.309149] pci 0000:0f:00.0: bridge window [mem 0x80900000-0x813fffff]: assigned
[    0.309150] pci 0000:0f:00.0: bridge window [mem 0xf840000000-0xf8408fffff 64bit pref]: assigned
[    0.309150] pci 0000:0f:00.0: bridge window [io  0x1000-0x3fff]: assigned
[    0.309151] pci 0000:10:01.0: bridge window [mem 0x80900000-0x80afffff]: assigned
[    0.309152] pci 0000:10:01.0: bridge window [mem 0xf840000000-0xf8401fffff 64bit pref]: assigned
[    0.309152] pci 0000:10:02.0: bridge window [mem 0x80b00000-0x80cfffff]: assigned
[    0.309153] pci 0000:10:02.0: bridge window [mem 0xf840200000-0xf8403fffff 64bit pref]: assigned
[    0.309153] pci 0000:10:03.0: bridge window [mem 0x80d00000-0x80efffff]: assigned
[    0.309154] pci 0000:10:03.0: bridge window [mem 0xf840400000-0xf8405fffff 64bit pref]: assigned
[    0.309154] pci 0000:10:04.0: bridge window [mem 0x80f00000-0x810fffff]: assigned
[    0.309154] pci 0000:10:01.0: bridge window [io  0x1000-0x1fff]: assigned
[    0.309155] pci 0000:10:02.0: bridge window [io  0x2000-0x2fff]: assigned
[    0.309155] pci 0000:10:03.0: bridge window [io  0x3000-0x3fff]: assigned
[    0.309156] pci 0000:10:00.0: PCI bridge to [bus 11]
[    0.309182] pci 0000:10:01.0: PCI bridge to [bus 12]
[    0.309185] pci 0000:10:01.0:   bridge window [io  0x1000-0x1fff]
[    0.309194] pci 0000:10:01.0:   bridge window [mem 0x80900000-0x80afffff]
[    0.309200] pci 0000:10:01.0:   bridge window [mem 0xf840000000-0xf8401fffff 64bit pref]
[    0.309211] pci 0000:10:02.0: PCI bridge to [bus 13]
[    0.309214] pci 0000:10:02.0:   bridge window [io  0x2000-0x2fff]
[    0.309223] pci 0000:10:02.0:   bridge window [mem 0x80b00000-0x80cfffff]
[    0.309229] pci 0000:10:02.0:   bridge window [mem 0xf840200000-0xf8403fffff 64bit pref]
[    0.309241] pci 0000:10:03.0: PCI bridge to [bus 14]
[    0.309244] pci 0000:10:03.0:   bridge window [io  0x3000-0x3fff]
[    0.309253] pci 0000:10:03.0:   bridge window [mem 0x80d00000-0x80efffff]
[    0.309259] pci 0000:10:03.0:   bridge window [mem 0xf840400000-0xf8405fffff 64bit pref]
[    0.309271] pci 0000:15:00.0: BAR 0 [mem 0x80f00000-0x80ffffff]: assigned
[    0.309279] pci 0000:15:00.0: BAR 3 [mem 0x81000000-0x81003fff]: assigned
[    0.309287] pci 0000:10:04.0: PCI bridge to [bus 15]
[    0.309297] pci 0000:10:04.0:   bridge window [mem 0x80f00000-0x810fffff]
[    0.309315] pci 0000:0f:00.0: PCI bridge to [bus 10-15]
[    0.309318] pci 0000:0f:00.0:   bridge window [io  0x1000-0x3fff]
[    0.309327] pci 0000:0f:00.0:   bridge window [mem 0x80900000-0x813fffff]
[    0.309333] pci 0000:0f:00.0:   bridge window [mem 0xf840000000-0xf8408fffff 64bit pref]
[    0.309344] pci 0000:0d:01.0: PCI bridge to [bus 0f-39]
[    0.309346] pci 0000:0d:01.0:   bridge window [io  0x1000-0x4fff]
[    0.309352] pci 0000:0d:01.0:   bridge window [mem 0x80900000-0x813fffff]
[    0.309355] pci 0000:0d:01.0:   bridge window [mem 0xf840000000-0xf864ffffff 64bit pref]
[    0.309362] pci 0000:3a:00.0: BAR 0 [mem 0x81400000-0x8140ffff 64bit]: assigned
[    0.309375] pci 0000:0d:02.0: PCI bridge to [bus 3a]
[    0.309380] pci 0000:0d:02.0:   bridge window [mem 0x81400000-0x814fffff]
[    0.309390] pci 0000:0d:03.0: PCI bridge to [bus 3b-65]
[    0.309392] pci 0000:0d:03.0:   bridge window [io  0x5000-0x5fff]
[    0.309397] pci 0000:0d:03.0:   bridge window [mem 0x81500000-0x816fffff]
[    0.309400] pci 0000:0d:03.0:   bridge window [mem 0xf810000000-0xf834ffffff 64bit pref]
[    0.309407] pci 0000:0c:00.0: PCI bridge to [bus 0d-65]
[    0.309409] pci 0000:0c:00.0:   bridge window [io  0x1000-0x5fff]
[    0.309414] pci 0000:0c:00.0:   bridge window [mem 0x80900000-0x817fffff]
[    0.309418] pci 0000:0c:00.0:   bridge window [mem 0xf810000000-0xf8651fffff 64bit pref]
[    0.309424] pci 0000:07:04.0: PCI bridge to [bus 0c-65]
[    0.309426] pci 0000:07:04.0:   bridge window [io  0x1000-0x5fff]
[    0.309429] pci 0000:07:04.0:   bridge window [mem 0x80900000-0x817fffff]
[    0.309431] pci 0000:07:04.0:   bridge window [mem 0xf810000000-0xf8651fffff 64bit pref]
[    0.309435] pci 0000:07:08.0: PCI bridge to [bus 66]
[    0.309445] pci 0000:67:00.0: BAR 0 [mem 0x81800000-0x81807fff 64bit]: assigned
[    0.309452] pci 0000:07:0c.0: PCI bridge to [bus 67]
[    0.309455] pci 0000:07:0c.0:   bridge window [mem 0x81800000-0x818fffff]
[    0.309462] pci 0000:68:00.0: ROM [mem 0x81900000-0x8197ffff pref]: assigned
[    0.309462] pci 0000:68:00.0: BAR 5 [mem 0x81980000-0x819803ff]: assigned
[    0.309465] pci 0000:07:0d.0: PCI bridge to [bus 68]
[    0.309468] pci 0000:07:0d.0:   bridge window [mem 0x81900000-0x819fffff]
[    0.309474] pci 0000:06:00.0: PCI bridge to [bus 07-68]
[    0.309475] pci 0000:06:00.0:   bridge window [io  0x1000-0x5fff]
[    0.309479] pci 0000:06:00.0:   bridge window [mem 0x80000000-0x819fffff]
[    0.309481] pci 0000:06:00.0:   bridge window [mem 0xf810000000-0xf8653fffff 64bit pref]
[    0.309485] pci 0000:04:08.0: PCI bridge to [bus 06-68]
[    0.309486] pci 0000:04:08.0:   bridge window [io  0x1000-0x5fff]
[    0.309488] pci 0000:04:08.0:   bridge window [mem 0x80000000-0x819fffff]
[    0.309490] pci 0000:04:08.0:   bridge window [mem 0xf810000000-0xf8653fffff 64bit pref]
[    0.309493] pci 0000:69:00.0: BAR 0 [mem 0x81a00000-0x81a07fff 64bit]: assigned
[    0.309497] pci 0000:04:0c.0: PCI bridge to [bus 69]
[    0.309500] pci 0000:04:0c.0:   bridge window [mem 0x81a00000-0x81afffff]
[    0.309504] pci 0000:6a:00.0: ROM [mem 0x81b00000-0x81b7ffff pref]: assigned
[    0.309504] pci 0000:6a:00.0: BAR 5 [mem 0x81b80000-0x81b803ff]: assigned
[    0.309506] pci 0000:04:0d.0: PCI bridge to [bus 6a]
[    0.309508] pci 0000:04:0d.0:   bridge window [mem 0x81b00000-0x81bfffff]
[    0.309512] pci 0000:03:00.0: PCI bridge to [bus 04-6a]
[    0.309513] pci 0000:03:00.0:   bridge window [io  0x1000-0x5fff]
[    0.309515] pci 0000:03:00.0:   bridge window [mem 0x80000000-0x81bfffff]
[    0.309516] pci 0000:03:00.0:   bridge window [mem 0xf810000000-0xf8653fffff 64bit pref]
[    0.309519] pci 0000:00:02.1: PCI bridge to [bus 03-6a]
[    0.309520] pci 0000:00:02.1:   bridge window [io  0x1000-0x6fff]
[    0.309522] pci 0000:00:02.1:   bridge window [mem 0x80000000-0x81bfffff]
[    0.309523] pci 0000:00:02.1:   bridge window [mem 0xf810000000-0xf8653fffff 64bit pref]
[    0.309532] pci 0000:00:08.1: PCI bridge to [bus 6b]
[    0.309538] pci 0000:00:08.1:   bridge window [mem 0xdf200000-0xdf5fffff]
[    0.309540] pci 0000:00:08.3: PCI bridge to [bus 6c]
[    0.309541] pci 0000:00:08.3:   bridge window [mem 0xdf600000-0xdf6fffff]
[    0.309544] pci_bus 0000:00: resource 4 [io  0x0000-0x03af window]
[    0.309544] pci_bus 0000:00: resource 5 [io  0x03e0-0x0cf7 window]
[    0.309545] pci_bus 0000:00: resource 6 [io  0x03b0-0x03df window]
[    0.309545] pci_bus 0000:00: resource 7 [io  0x0d00-0xffff window]
[    0.309545] pci_bus 0000:00: resource 8 [mem 0x000a0000-0x000dffff window]
[    0.309546] pci_bus 0000:00: resource 9 [mem 0x80000000-0xdfffffff window]
[    0.309546] pci_bus 0000:00: resource 10 [mem 0x1080000000-0xffffffffff window]
[    0.309547] pci_bus 0000:01: resource 0 [io  0xf000-0xffff]
[    0.309547] pci_bus 0000:01: resource 1 [mem 0xde000000-0xdf0fffff]
[    0.309548] pci_bus 0000:01: resource 2 [mem 0xf000000000-0xf801ffffff 64bit pref]
[    0.309548] pci_bus 0000:02: resource 1 [mem 0xdf700000-0xdf7fffff]
[    0.309548] pci_bus 0000:03: resource 0 [io  0x1000-0x6fff]
[    0.309549] pci_bus 0000:03: resource 1 [mem 0x80000000-0x81bfffff]
[    0.309549] pci_bus 0000:03: resource 2 [mem 0xf810000000-0xf8653fffff 64bit pref]
[    0.309550] pci_bus 0000:04: resource 0 [io  0x1000-0x5fff]
[    0.309550] pci_bus 0000:04: resource 1 [mem 0x80000000-0x81bfffff]
[    0.309550] pci_bus 0000:04: resource 2 [mem 0xf810000000-0xf8653fffff 64bit pref]
[    0.309551] pci_bus 0000:06: resource 0 [io  0x1000-0x5fff]
[    0.309551] pci_bus 0000:06: resource 1 [mem 0x80000000-0x819fffff]
[    0.309551] pci_bus 0000:06: resource 2 [mem 0xf810000000-0xf8653fffff 64bit pref]
[    0.309552] pci_bus 0000:07: resource 0 [io  0x1000-0x5fff]
[    0.309552] pci_bus 0000:07: resource 1 [mem 0x80000000-0x819fffff]
[    0.309552] pci_bus 0000:07: resource 2 [mem 0xf810000000-0xf8653fffff 64bit pref]
[    0.309553] pci_bus 0000:08: resource 1 [mem 0x80600000-0x806fffff]
[    0.309553] pci_bus 0000:08: resource 2 [mem 0xf865300000-0xf8653fffff 64bit pref]
[    0.309554] pci_bus 0000:09: resource 1 [mem 0x80700000-0x808fffff]
[    0.309554] pci_bus 0000:0a: resource 1 [mem 0x80000000-0x805fffff]
[    0.309554] pci_bus 0000:0c: resource 0 [io  0x1000-0x5fff]
[    0.309555] pci_bus 0000:0c: resource 1 [mem 0x80900000-0x817fffff]
[    0.309555] pci_bus 0000:0c: resource 2 [mem 0xf810000000-0xf8651fffff 64bit pref]
[    0.309555] pci_bus 0000:0d: resource 0 [io  0x1000-0x5fff]
[    0.309556] pci_bus 0000:0d: resource 1 [mem 0x80900000-0x817fffff]
[    0.309556] pci_bus 0000:0d: resource 2 [mem 0xf810000000-0xf8651fffff 64bit pref]
[    0.309556] pci_bus 0000:0e: resource 2 [mem 0xf865100000-0xf8651fffff 64bit pref]
[    0.309557] pci_bus 0000:0f: resource 0 [io  0x1000-0x4fff]
[    0.309557] pci_bus 0000:0f: resource 1 [mem 0x80900000-0x813fffff]
[    0.309558] pci_bus 0000:0f: resource 2 [mem 0xf840000000-0xf864ffffff 64bit pref]
[    0.309558] pci_bus 0000:10: resource 0 [io  0x1000-0x3fff]
[    0.309558] pci_bus 0000:10: resource 1 [mem 0x80900000-0x813fffff]
[    0.309559] pci_bus 0000:10: resource 2 [mem 0xf840000000-0xf8408fffff 64bit pref]
[    0.309559] pci_bus 0000:12: resource 0 [io  0x1000-0x1fff]
[    0.309559] pci_bus 0000:12: resource 1 [mem 0x80900000-0x80afffff]
[    0.309560] pci_bus 0000:12: resource 2 [mem 0xf840000000-0xf8401fffff 64bit pref]
[    0.309560] pci_bus 0000:13: resource 0 [io  0x2000-0x2fff]
[    0.309560] pci_bus 0000:13: resource 1 [mem 0x80b00000-0x80cfffff]
[    0.309561] pci_bus 0000:13: resource 2 [mem 0xf840200000-0xf8403fffff 64bit pref]
[    0.309561] pci_bus 0000:14: resource 0 [io  0x3000-0x3fff]
[    0.309561] pci_bus 0000:14: resource 1 [mem 0x80d00000-0x80efffff]
[    0.309562] pci_bus 0000:14: resource 2 [mem 0xf840400000-0xf8405fffff 64bit pref]
[    0.309562] pci_bus 0000:15: resource 1 [mem 0x80f00000-0x810fffff]
[    0.309563] pci_bus 0000:3a: resource 1 [mem 0x81400000-0x814fffff]
[    0.309563] pci_bus 0000:3b: resource 0 [io  0x5000-0x5fff]
[    0.309563] pci_bus 0000:3b: resource 1 [mem 0x81500000-0x816fffff]
[    0.309564] pci_bus 0000:3b: resource 2 [mem 0xf810000000-0xf834ffffff 64bit pref]
[    0.309564] pci_bus 0000:67: resource 1 [mem 0x81800000-0x818fffff]
[    0.309564] pci_bus 0000:68: resource 1 [mem 0x81900000-0x819fffff]
[    0.309565] pci_bus 0000:69: resource 1 [mem 0x81a00000-0x81afffff]
[    0.309565] pci_bus 0000:6a: resource 1 [mem 0x81b00000-0x81bfffff]
[    0.309565] pci_bus 0000:6b: resource 1 [mem 0xdf200000-0xdf5fffff]
[    0.309566] pci_bus 0000:6c: resource 1 [mem 0xdf600000-0xdf6fffff]
[    0.309617] pci 0000:01:00.1: extending delay after power-on from D3hot to 20 msec
[    0.309627] pci 0000:01:00.1: D0 power state depends on 0000:01:00.0
[    0.309814] pci 0000:0c:00.0: CLS mismatch (64 != 128), using 64 bytes
[    0.310134] pci 0000:00:00.2: AMD-Vi: IOMMU performance counters supported
[    0.310154] Trying to unpack rootfs image as initramfs...
[    0.310162] pci 0000:00:00.0: Adding to iommu group 0
[    0.310172] pci 0000:00:01.0: Adding to iommu group 1
[    0.310178] pci 0000:00:01.1: Adding to iommu group 2
[    0.310185] pci 0000:00:01.2: Adding to iommu group 3
[    0.310194] pci 0000:00:02.0: Adding to iommu group 4
[    0.310200] pci 0000:00:02.1: Adding to iommu group 5
[    0.310209] pci 0000:00:03.0: Adding to iommu group 6
[    0.310217] pci 0000:00:04.0: Adding to iommu group 7
[    0.310227] pci 0000:00:08.0: Adding to iommu group 8
[    0.310233] pci 0000:00:08.1: Adding to iommu group 9
[    0.310238] pci 0000:00:08.3: Adding to iommu group 10
[    0.310251] pci 0000:00:14.0: Adding to iommu group 11
[    0.310256] pci 0000:00:14.3: Adding to iommu group 11
[    0.310289] pci 0000:00:18.0: Adding to iommu group 12
[    0.310294] pci 0000:00:18.1: Adding to iommu group 12
[    0.310294] pci 0000:00:18.2: Adding to iommu group 12
[    0.310307] pci 0000:00:18.3: Adding to iommu group 12
[    0.310312] pci 0000:00:18.4: Adding to iommu group 12
[    0.310318] pci 0000:00:18.5: Adding to iommu group 12
[    0.310323] pci 0000:00:18.6: Adding to iommu group 12
[    0.310328] pci 0000:00:18.7: Adding to iommu group 12
[    0.310341] pci 0000:01:00.0: Adding to iommu group 13
[    0.310348] pci 0000:01:00.1: Adding to iommu group 13
[    0.310354] pci 0000:02:00.0: Adding to iommu group 14
[    0.310360] pci 0000:03:00.0: Adding to iommu group 15
[    0.310366] pci 0000:04:00.0: Adding to iommu group 16
[    0.310372] pci 0000:04:08.0: Adding to iommu group 17
[    0.310379] pci 0000:04:0c.0: Adding to iommu group 18
[    0.310385] pci 0000:04:0d.0: Adding to iommu group 19
[    0.310386] pci 0000:06:00.0: Adding to iommu group 17
[    0.310387] pci 0000:07:00.0: Adding to iommu group 17
[    0.310389] pci 0000:07:01.0: Adding to iommu group 17
[    0.310390] pci 0000:07:02.0: Adding to iommu group 17
[    0.310392] pci 0000:07:03.0: Adding to iommu group 17
[    0.310393] pci 0000:07:04.0: Adding to iommu group 17
[    0.310394] pci 0000:07:08.0: Adding to iommu group 17
[    0.310396] pci 0000:07:0c.0: Adding to iommu group 17
[    0.310397] pci 0000:07:0d.0: Adding to iommu group 17
[    0.310399] pci 0000:08:00.0: Adding to iommu group 17
[    0.310400] pci 0000:09:00.0: Adding to iommu group 17
[    0.310401] pci 0000:0a:00.0: Adding to iommu group 17
[    0.310403] pci 0000:0c:00.0: Adding to iommu group 17
[    0.310405] pci 0000:0d:00.0: Adding to iommu group 17
[    0.310406] pci 0000:0d:01.0: Adding to iommu group 17
[    0.310407] pci 0000:0d:02.0: Adding to iommu group 17
[    0.310409] pci 0000:0d:03.0: Adding to iommu group 17
[    0.310418] pci 0000:0e:00.0: Adding to iommu group 17
[    0.310422] pci 0000:0f:00.0: Adding to iommu group 17
[    0.310427] pci 0000:10:00.0: Adding to iommu group 17
[    0.310431] pci 0000:10:01.0: Adding to iommu group 17
[    0.310436] pci 0000:10:02.0: Adding to iommu group 17
[    0.310440] pci 0000:10:03.0: Adding to iommu group 17
[    0.310445] pci 0000:10:04.0: Adding to iommu group 17
[    0.310455] pci 0000:15:00.0: Adding to iommu group 17
[    0.310459] pci 0000:3a:00.0: Adding to iommu group 17
[    0.310461] pci 0000:67:00.0: Adding to iommu group 17
[    0.310463] pci 0000:68:00.0: Adding to iommu group 17
[    0.310464] pci 0000:69:00.0: Adding to iommu group 18
[    0.310465] pci 0000:6a:00.0: Adding to iommu group 19
[    0.310476] pci 0000:6b:00.0: Adding to iommu group 20
[    0.310483] pci 0000:6b:00.2: Adding to iommu group 21
[    0.310489] pci 0000:6b:00.3: Adding to iommu group 22
[    0.310495] pci 0000:6b:00.4: Adding to iommu group 23
[    0.310502] pci 0000:6b:00.6: Adding to iommu group 24
[    0.310508] pci 0000:6c:00.0: Adding to iommu group 25
[    0.312298] AMD-Vi: Extended features (0x246577efa2254afa, 0x0): PPR NX GT [5] IA GA PC GA_vAPIC
[    0.312301] AMD-Vi: Interrupt remapping enabled
[    0.387625] Freeing initrd memory: 218212K
[    1.249460] AMD-Vi: Virtual APIC enabled
[    1.249463] PCI-DMA: Using software bounce buffering for IO (SWIOTLB)
[    1.249466] software IO TLB: mapped [mem 0x000000005eda2000-0x0000000062da2000] (64MB)
[    1.249482] LVT offset 0 assigned for vector 0x400
[    1.249619] perf: AMD IBS detected (0x00081bff)
[    1.249622] perf/amd_iommu: Detected AMD IOMMU #0 (2 banks, 4 counters/bank).
[    1.259061] Initialise system trusted keyrings
[    1.259069] Key type blacklist registered
[    1.259091] workingset: timestamp_bits=36 max_order=24 bucket_order=0
[    1.259189] fuse: init (API version 7.43)
[    1.259227] integrity: Platform Keyring initialized
[    1.259228] integrity: Machine keyring initialized
[    1.263289] xor: automatically using best checksumming function   avx       
[    1.263290] Key type asymmetric registered
[    1.263290] Asymmetric key parser 'x509' registered
[    1.263298] Block layer SCSI generic (bsg) driver version 0.4 loaded (major 246)
[    1.263323] io scheduler mq-deadline registered
[    1.263324] io scheduler kyber registered
[    1.263327] io scheduler bfq registered
[    1.264242] ledtrig-cpu: registered to indicate activity on CPUs
[    1.264334] pcieport 0000:00:01.1: PME: Signaling with IRQ 28
[    1.264435] pcieport 0000:00:01.2: PME: Signaling with IRQ 29
[    1.264528] pcieport 0000:00:02.1: PME: Signaling with IRQ 30
[    1.264539] pcieport 0000:00:02.1: pciehp: Slot #0 AttnBtn- PwrCtrl- MRL- AttnInd- PwrInd- HotPlug+ Surprise+ Interlock- NoCompl+ IbPresDis- LLActRep+
[    1.264660] pcieport 0000:00:08.1: PME: Signaling with IRQ 31
[    1.264740] pcieport 0000:00:08.3: PME: Signaling with IRQ 32
[    1.266375] pcieport 0000:0d:01.0: pciehp: Slot #1 AttnBtn- PwrCtrl- MRL- AttnInd- PwrInd- HotPlug+ Surprise+ Interlock- NoCompl+ IbPresDis- LLActRep+
[    1.266717] pcieport 0000:0d:03.0: pciehp: Slot #3 AttnBtn- PwrCtrl- MRL- AttnInd- PwrInd- HotPlug+ Surprise+ Interlock- NoCompl+ IbPresDis- LLActRep+
[    1.267461] pcieport 0000:10:01.0: pciehp: Slot #1 AttnBtn- PwrCtrl- MRL- AttnInd- PwrInd- HotPlug+ Surprise+ Interlock- NoCompl+ IbPresDis- LLActRep+
[    1.267811] pcieport 0000:10:02.0: pciehp: Slot #2 AttnBtn- PwrCtrl- MRL- AttnInd- PwrInd- HotPlug+ Surprise+ Interlock- NoCompl+ IbPresDis- LLActRep+
[    1.268160] pcieport 0000:10:03.0: pciehp: Slot #3 AttnBtn- PwrCtrl- MRL- AttnInd- PwrInd- HotPlug+ Surprise+ Interlock- NoCompl+ IbPresDis- LLActRep+
[    1.268821] input: Power Button as /devices/LNXSYSTM:00/LNXSYBUS:00/PNP0C0C:00/input/input0
[    1.268830] ACPI: button: Power Button [PWRB]
[    1.268841] input: Power Button as /devices/LNXSYSTM:00/LNXPWRBN:00/input/input1
[    1.269325] ACPI: button: Power Button [PWRF]
[    1.269567] Monitor-Mwait will be used to enter C-1 state
[    1.271204] Estimated ratio of average max frequency by base frequency (times 1024): 1197
[    1.271323] Serial: 8250/16550 driver, 32 ports, IRQ sharing enabled
[    1.271595] 00:04: ttyS0 at I/O 0x3f8 (irq = 4, base_baud = 115200) is a 16550A
[    1.272507] Non-volatile memory driver v1.3
[    1.272508] Linux agpgart interface v0.103
[    1.322966] tpm_crb MSFT0101:00: Disabling hwrng
[    1.323096] ACPI: bus type drm_connector registered
[    1.324349] ahci 0000:68:00.0: version 3.0
[    1.324362] ahci 0000:68:00.0: enabling device (0000 -> 0002)
[    1.324444] ahci 0000:68:00.0: SSS flag set, parallel bus scan disabled
[    1.324480] ahci 0000:68:00.0: AHCI vers 0001.0301, 32 command slots, 6 Gbps, SATA mode
[    1.324481] ahci 0000:68:00.0: 4/6 ports implemented (port mask 0xf)
[    1.324482] ahci 0000:68:00.0: flags: 64bit ncq sntf stag pm led clo only pmp pio slum part sxs deso sadm sds apst 
[    1.324655] scsi host0: ahci
[    1.324701] scsi host1: ahci
[    1.324739] scsi host2: ahci
[    1.324771] scsi host3: ahci
[    1.324805] scsi host4: ahci
[    1.324837] scsi host5: ahci
[    1.324853] ata1: SATA max UDMA/133 abar m1024@0x81980000 port 0x81980100 irq 49 lpm-pol 3
[    1.324854] ata2: SATA max UDMA/133 abar m1024@0x81980000 port 0x81980180 irq 49 lpm-pol 3
[    1.324855] ata3: SATA max UDMA/133 abar m1024@0x81980000 port 0x81980200 irq 49 lpm-pol 3
[    1.324856] ata4: SATA max UDMA/133 abar m1024@0x81980000 port 0x81980280 irq 49 lpm-pol 3
[    1.324858] ata5: DUMMY
[    1.324858] ata6: DUMMY
[    1.324868] ahci 0000:6a:00.0: enabling device (0000 -> 0002)
[    1.324926] ahci 0000:6a:00.0: SSS flag set, parallel bus scan disabled
[    1.324947] ahci 0000:6a:00.0: AHCI vers 0001.0301, 32 command slots, 6 Gbps, SATA mode
[    1.324948] ahci 0000:6a:00.0: 4/6 ports implemented (port mask 0xf)
[    1.324949] ahci 0000:6a:00.0: flags: 64bit ncq sntf stag pm led clo only pmp pio slum part sxs deso sadm sds apst 
[    1.325087] scsi host6: ahci
[    1.325122] scsi host7: ahci
[    1.325156] scsi host8: ahci
[    1.325189] scsi host9: ahci
[    1.325223] scsi host10: ahci
[    1.325257] scsi host11: ahci
[    1.325265] ata7: SATA max UDMA/133 abar m1024@0x81b80000 port 0x81b80100 irq 50 lpm-pol 3
[    1.325271] ata8: SATA max UDMA/133 abar m1024@0x81b80000 port 0x81b80180 irq 50 lpm-pol 3
[    1.325272] ata9: SATA max UDMA/133 abar m1024@0x81b80000 port 0x81b80200 irq 50 lpm-pol 3
[    1.325273] ata10: SATA max UDMA/133 abar m1024@0x81b80000 port 0x81b80280 irq 50 lpm-pol 3
[    1.325273] ata11: DUMMY
[    1.325274] ata12: DUMMY
[    1.325337] xhci_hcd 0000:3a:00.0: xHCI Host Controller
[    1.325340] xhci_hcd 0000:3a:00.0: new USB bus registered, assigned bus number 1
[    1.326473] xhci_hcd 0000:3a:00.0: hcc params 0x20007fc1 hci version 0x110 quirks 0x0000000200009810
[    1.326814] xhci_hcd 0000:3a:00.0: xHCI Host Controller
[    1.326814] xhci_hcd 0000:3a:00.0: new USB bus registered, assigned bus number 2
[    1.326815] xhci_hcd 0000:3a:00.0: Host supports USB 3.1 Enhanced SuperSpeed
[    1.326837] usb usb1: New USB device found, idVendor=1d6b, idProduct=0002, bcdDevice= 6.15
[    1.326838] usb usb1: New USB device strings: Mfr=3, Product=2, SerialNumber=1
[    1.326839] usb usb1: Product: xHCI Host Controller
[    1.326839] usb usb1: Manufacturer: Linux 6.15.9-arch1-1 xhci-hcd
[    1.326840] usb usb1: SerialNumber: 0000:3a:00.0
[    1.326878] hub 1-0:1.0: USB hub found
[    1.326889] hub 1-0:1.0: 2 ports detected
[    1.326960] usb usb2: New USB device found, idVendor=1d6b, idProduct=0003, bcdDevice= 6.15
[    1.326961] usb usb2: New USB device strings: Mfr=3, Product=2, SerialNumber=1
[    1.326961] usb usb2: Product: xHCI Host Controller
[    1.326962] usb usb2: Manufacturer: Linux 6.15.9-arch1-1 xhci-hcd
[    1.326962] usb usb2: SerialNumber: 0000:3a:00.0
[    1.326987] hub 2-0:1.0: USB hub found
[    1.326997] hub 2-0:1.0: 2 ports detected
[    1.327156] xhci_hcd 0000:67:00.0: xHCI Host Controller
[    1.327157] xhci_hcd 0000:67:00.0: new USB bus registered, assigned bus number 3
[    1.383130] xhci_hcd 0000:67:00.0: hcc params 0x0200ef81 hci version 0x110 quirks 0x0000000200000010
[    1.383341] xhci_hcd 0000:67:00.0: xHCI Host Controller
[    1.383342] xhci_hcd 0000:67:00.0: new USB bus registered, assigned bus number 4
[    1.383342] xhci_hcd 0000:67:00.0: Host supports USB 3.2 Enhanced SuperSpeed
[    1.384137] usb usb3: New USB device found, idVendor=1d6b, idProduct=0002, bcdDevice= 6.15
[    1.384138] usb usb3: New USB device strings: Mfr=3, Product=2, SerialNumber=1
[    1.384139] usb usb3: Product: xHCI Host Controller
[    1.384139] usb usb3: Manufacturer: Linux 6.15.9-arch1-1 xhci-hcd
[    1.384139] usb usb3: SerialNumber: 0000:67:00.0
[    1.384189] hub 3-0:1.0: USB hub found
[    1.384207] hub 3-0:1.0: 12 ports detected
[    1.385097] usb usb4: We don't know the algorithms for LPM for this host, disabling LPM.
[    1.385102] usb usb4: New USB device found, idVendor=1d6b, idProduct=0003, bcdDevice= 6.15
[    1.385103] usb usb4: New USB device strings: Mfr=3, Product=2, SerialNumber=1
[    1.385103] usb usb4: Product: xHCI Host Controller
[    1.385104] usb usb4: Manufacturer: Linux 6.15.9-arch1-1 xhci-hcd
[    1.385104] usb usb4: SerialNumber: 0000:67:00.0
[    1.385128] hub 4-0:1.0: USB hub found
[    1.385142] hub 4-0:1.0: 5 ports detected
[    1.385807] xhci_hcd 0000:69:00.0: xHCI Host Controller
[    1.385808] xhci_hcd 0000:69:00.0: new USB bus registered, assigned bus number 5
[    1.441860] xhci_hcd 0000:69:00.0: hcc params 0x0200ef81 hci version 0x110 quirks 0x0000000200000010
[    1.442029] xhci_hcd 0000:69:00.0: xHCI Host Controller
[    1.442029] xhci_hcd 0000:69:00.0: new USB bus registered, assigned bus number 6
[    1.442030] xhci_hcd 0000:69:00.0: Host supports USB 3.2 Enhanced SuperSpeed
[    1.442835] usb usb5: New USB device found, idVendor=1d6b, idProduct=0002, bcdDevice= 6.15
[    1.442835] usb usb5: New USB device strings: Mfr=3, Product=2, SerialNumber=1
[    1.442836] usb usb5: Product: xHCI Host Controller
[    1.442836] usb usb5: Manufacturer: Linux 6.15.9-arch1-1 xhci-hcd
[    1.442837] usb usb5: SerialNumber: 0000:69:00.0
[    1.442884] hub 5-0:1.0: USB hub found
[    1.442893] hub 5-0:1.0: 12 ports detected
[    1.443703] usb usb6: We don't know the algorithms for LPM for this host, disabling LPM.
[    1.443707] usb usb6: New USB device found, idVendor=1d6b, idProduct=0003, bcdDevice= 6.15
[    1.443708] usb usb6: New USB device strings: Mfr=3, Product=2, SerialNumber=1
[    1.443708] usb usb6: Product: xHCI Host Controller
[    1.443709] usb usb6: Manufacturer: Linux 6.15.9-arch1-1 xhci-hcd
[    1.443709] usb usb6: SerialNumber: 0000:69:00.0
[    1.443742] hub 6-0:1.0: USB hub found
[    1.443751] hub 6-0:1.0: 5 ports detected
[    1.444116] xhci_hcd 0000:6b:00.3: xHCI Host Controller
[    1.444117] xhci_hcd 0000:6b:00.3: new USB bus registered, assigned bus number 7
[    1.444462] xhci_hcd 0000:6b:00.3: hcc params 0x0120ffc5 hci version 0x120 quirks 0x0000000200000010
[    1.444626] xhci_hcd 0000:6b:00.3: xHCI Host Controller
[    1.444626] xhci_hcd 0000:6b:00.3: new USB bus registered, assigned bus number 8
[    1.444627] xhci_hcd 0000:6b:00.3: Host supports USB 3.1 Enhanced SuperSpeed
[    1.444635] usb usb7: New USB device found, idVendor=1d6b, idProduct=0002, bcdDevice= 6.15
[    1.444636] usb usb7: New USB device strings: Mfr=3, Product=2, SerialNumber=1
[    1.444636] usb usb7: Product: xHCI Host Controller
[    1.444636] usb usb7: Manufacturer: Linux 6.15.9-arch1-1 xhci-hcd
[    1.444637] usb usb7: SerialNumber: 0000:6b:00.3
[    1.444675] hub 7-0:1.0: USB hub found
[    1.444681] hub 7-0:1.0: 2 ports detected
[    1.444813] usb usb8: We don't know the algorithms for LPM for this host, disabling LPM.
[    1.444817] usb usb8: New USB device found, idVendor=1d6b, idProduct=0003, bcdDevice= 6.15
[    1.444818] usb usb8: New USB device strings: Mfr=3, Product=2, SerialNumber=1
[    1.444818] usb usb8: Product: xHCI Host Controller
[    1.444818] usb usb8: Manufacturer: Linux 6.15.9-arch1-1 xhci-hcd
[    1.444819] usb usb8: SerialNumber: 0000:6b:00.3
[    1.444851] hub 8-0:1.0: USB hub found
[    1.444857] hub 8-0:1.0: 2 ports detected
[    1.445009] xhci_hcd 0000:6b:00.4: xHCI Host Controller
[    1.445011] xhci_hcd 0000:6b:00.4: new USB bus registered, assigned bus number 9
[    1.445352] xhci_hcd 0000:6b:00.4: hcc params 0x0120ffc5 hci version 0x120 quirks 0x0000000200000010
[    1.445524] xhci_hcd 0000:6b:00.4: xHCI Host Controller
[    1.445525] xhci_hcd 0000:6b:00.4: new USB bus registered, assigned bus number 10
[    1.445525] xhci_hcd 0000:6b:00.4: Host supports USB 3.1 Enhanced SuperSpeed
[    1.445534] usb usb9: New USB device found, idVendor=1d6b, idProduct=0002, bcdDevice= 6.15
[    1.445534] usb usb9: New USB device strings: Mfr=3, Product=2, SerialNumber=1
[    1.445535] usb usb9: Product: xHCI Host Controller
[    1.445535] usb usb9: Manufacturer: Linux 6.15.9-arch1-1 xhci-hcd
[    1.445535] usb usb9: SerialNumber: 0000:6b:00.4
[    1.445564] hub 9-0:1.0: USB hub found
[    1.445571] hub 9-0:1.0: 2 ports detected
[    1.445714] usb usb10: We don't know the algorithms for LPM for this host, disabling LPM.
[    1.445719] usb usb10: New USB device found, idVendor=1d6b, idProduct=0003, bcdDevice= 6.15
[    1.445720] usb usb10: New USB device strings: Mfr=3, Product=2, SerialNumber=1
[    1.445720] usb usb10: Product: xHCI Host Controller
[    1.445720] usb usb10: Manufacturer: Linux 6.15.9-arch1-1 xhci-hcd
[    1.445721] usb usb10: SerialNumber: 0000:6b:00.4
[    1.445744] hub 10-0:1.0: USB hub found
[    1.445750] hub 10-0:1.0: 2 ports detected
[    1.445894] xhci_hcd 0000:6c:00.0: xHCI Host Controller
[    1.445895] xhci_hcd 0000:6c:00.0: new USB bus registered, assigned bus number 11
[    1.447160] xhci_hcd 0000:6c:00.0: USB3 root hub has no ports
[    1.447162] xhci_hcd 0000:6c:00.0: hcc params 0x0110ffc5 hci version 0x120 quirks 0x0000000200000010
[    1.447347] xhci_hcd 0000:6c:00.0: xHCI Host Controller
[    1.447348] xhci_hcd 0000:6c:00.0: new USB bus registered, assigned bus number 12
[    1.447348] xhci_hcd 0000:6c:00.0: Host supports USB 3.0 SuperSpeed
[    1.447361] usb usb11: New USB device found, idVendor=1d6b, idProduct=0002, bcdDevice= 6.15
[    1.447361] usb usb11: New USB device strings: Mfr=3, Product=2, SerialNumber=1
[    1.447361] usb usb11: Product: xHCI Host Controller
[    1.447362] usb usb11: Manufacturer: Linux 6.15.9-arch1-1 xhci-hcd
[    1.447362] usb usb11: SerialNumber: 0000:6c:00.0
[    1.447387] hub 11-0:1.0: USB hub found
[    1.447389] hub 11-0:1.0: 1 port detected
[    1.447460] usb usb12: We don't know the algorithms for LPM for this host, disabling LPM.
[    1.447464] usb usb12: New USB device found, idVendor=1d6b, idProduct=0003, bcdDevice= 6.15
[    1.447465] usb usb12: New USB device strings: Mfr=3, Product=2, SerialNumber=1
[    1.447465] usb usb12: Product: xHCI Host Controller
[    1.447466] usb usb12: Manufacturer: Linux 6.15.9-arch1-1 xhci-hcd
[    1.447466] usb usb12: SerialNumber: 0000:6c:00.0
[    1.447487] hub 12-0:1.0: USB hub found
[    1.447488] hub 12-0:1.0: config failed, hub doesn't have any ports! (err -19)
[    1.447509] usbcore: registered new interface driver usbserial_generic
[    1.447511] usbserial: USB Serial support registered for generic
[    1.447524] i8042: PNP: No PS/2 controller found.
[    1.447553] rtc_cmos 00:02: RTC can wake from S4
[    1.447685] rtc_cmos 00:02: registered as rtc0
[    1.447707] rtc_cmos 00:02: setting system clock to 2025-08-05T02:45:46 UTC (1754361946)
[    1.447720] rtc_cmos 00:02: alarms up to one month, y3k, 114 bytes nvram
[    1.449160] simple-framebuffer simple-framebuffer.0: [drm] Registered 1 planes with drm panic
[    1.449161] [drm] Initialized simpledrm 1.0.0 for simple-framebuffer.0 on minor 0
[    1.449668] Console: switching to colour frame buffer device 128x48
[    1.450059] simple-framebuffer simple-framebuffer.0: [drm] fb0: simpledrmdrmfb frame buffer device
[    1.450251] hid: raw HID events driver (C) Jiri Kosina
[    1.450260] usbcore: registered new interface driver usbhid
[    1.450261] usbhid: USB HID core driver
[    1.450298] drop_monitor: Initializing network drop monitor service
[    1.450355] NET: Registered PF_INET6 protocol family
[    1.453228] Segment Routing with IPv6
[    1.453230] RPL Segment Routing with IPv6
[    1.453238] In-situ OAM (IOAM) with IPv6
[    1.453258] NET: Registered PF_PACKET protocol family
[    1.454685] microcode: Current revision: 0x0b404032
[    1.455191] resctrl: L3 allocation detected
[    1.455192] resctrl: MB allocation detected
[    1.455192] resctrl: SMBA allocation detected
[    1.455193] resctrl: L3 monitoring detected
[    1.455206] IPI shorthand broadcast: enabled
[    1.455992] sched_clock: Marking stable (1455000542, 293172)->(1462244050, -6950336)
[    1.456121] registered taskstats version 1
[    1.456574] Loading compiled-in X.509 certificates
[    1.459195] Loaded X.509 cert 'Build time autogenerated kernel key: fe6b385b4e4616e889bee7ce4d741f05caf1b4d2'
[    1.460042] Demotion targets for Node 0: null
[    1.460127] Key type .fscrypt registered
[    1.460128] Key type fscrypt-provisioning registered
[    1.460358] Btrfs loaded, zoned=yes, fsverity=yes
[    1.460376] Key type big_key registered
[    1.460431] integrity: Loading X.509 certificate: UEFI:db
[    1.461535] integrity: Loaded X.509 cert 'ASUSTeK MotherBoard SW Key Certificate: da83b990422ebc8c441f8d8b039a65a2'
[    1.461535] integrity: Loading X.509 certificate: UEFI:db
[    1.461603] integrity: Loaded X.509 cert 'ASUSTeK Notebook SW Key Certificate: b8e581e4df77a5bb4282d5ccfc00c071'
[    1.461604] integrity: Loading X.509 certificate: UEFI:db
[    1.461612] integrity: Loaded X.509 cert 'Microsoft Corporation UEFI CA 2011: 13adbf4309bd82709c8cd54f316ed522988a1bd4'
[    1.461613] integrity: Loading X.509 certificate: UEFI:db
[    1.461619] integrity: Loaded X.509 cert 'Microsoft Windows Production PCA 2011: a92902398e16c49778cd90f99e4f9ae17c55af53'
[    1.461619] integrity: Loading X.509 certificate: UEFI:db
[    1.461624] integrity: Loaded X.509 cert 'Microsoft UEFI CA 2023: 81aa6b3244c935bce0d6628af39827421e32497d'
[    1.461625] integrity: Loading X.509 certificate: UEFI:db
[    1.461630] integrity: Loaded X.509 cert 'Microsoft Corporation: Windows UEFI CA 2023: aefc5fbbbe055d8f8daa585473499417ab5a5272'
[    1.462062] PM:   Magic number: 5:831:762
[    1.462629] RAS: Correctable Errors collector initialized.
[    1.464498] clk: Disabling unused clocks
[    1.464500] PM: genpd: Disabling unused power domains
[    1.631305] ata1: SATA link down (SStatus 0 SControl 300)
[    1.631332] ata7: SATA link down (SStatus 0 SControl 300)
[    1.685595] usb 3-6: new high-speed USB device number 2 using xhci_hcd
[    1.768060] usb 6-5: new SuperSpeed USB device number 2 using xhci_hcd
[    1.775396] usb 2-1: new SuperSpeed Plus Gen 2x1 USB device number 2 using xhci_hcd
[    1.786535] usb 6-5: New USB device found, idVendor=154b, idProduct=1006, bcdDevice= 1.10
[    1.786540] usb 6-5: New USB device strings: Mfr=1, Product=2, SerialNumber=3
[    1.786541] usb 6-5: Product: USB 3.2.1 FD
[    1.786542] usb 6-5: Manufacturer: PNY
[    1.786542] usb 6-5: SerialNumber: REDACTED
[    1.787747] usb 2-1: New USB device found, idVendor=8087, idProduct=0b40, bcdDevice=12.34
[    1.787753] usb 2-1: New USB device strings: Mfr=1, Product=2, SerialNumber=0
[    1.787754] usb 2-1: Product: USB3.0 Hub
[    1.787755] usb 2-1: Manufacturer: Intel Corporation.
[    1.788615] hub 2-1:1.0: USB hub found
[    1.788649] hub 2-1:1.0: 4 ports detected
[    1.903003] usb 3-6: New USB device found, idVendor=0489, idProduct=e0e2, bcdDevice= 1.00
[    1.903009] usb 3-6: New USB device strings: Mfr=5, Product=6, SerialNumber=7
[    1.903010] usb 3-6: Product: Wireless_Device
[    1.903011] usb 3-6: Manufacturer: MediaTek Inc.
[    1.903012] usb 3-6: SerialNumber: 000000000
[    1.941536] ata2: SATA link down (SStatus 0 SControl 300)
[    2.110599] usb 3-7: new full-speed USB device number 3 using xhci_hcd
[    2.245328] ata3: SATA link down (SStatus 0 SControl 300)
[    2.255615] tsc: Refined TSC clocksource calibration: 4299.998 MHz
[    2.255625] clocksource: tsc: mask: 0xffffffffffffffff max_cycles: 0x3dfb61fc0d6, max_idle_ns: 440795385101 ns
[    2.255673] clocksource: Switched to clocksource tsc
[    2.310187] usb 2-1.4: new SuperSpeed Plus Gen 2x1 USB device number 3 using xhci_hcd
[    2.325824] usb 2-1.4: New USB device found, idVendor=2188, idProduct=5500, bcdDevice= 1.02
[    2.325830] usb 2-1.4: New USB device strings: Mfr=1, Product=2, SerialNumber=0
[    2.325831] usb 2-1.4: Product: TS4 USB3.2 Gen2 HUB
[    2.325832] usb 2-1.4: Manufacturer: CalDigit, Inc
[    2.327219] hub 2-1.4:1.0: USB hub found
[    2.327569] hub 2-1.4:1.0: 4 ports detected
[    2.469800] usb 3-7: config 1 has an invalid interface number: 2 but max is 1
[    2.469806] usb 3-7: config 1 has no interface number 1
[    2.481769] usb 3-7: New USB device found, idVendor=0b05, idProduct=19af, bcdDevice= 1.00
[    2.481774] usb 3-7: New USB device strings: Mfr=1, Product=2, SerialNumber=3
[    2.481775] usb 3-7: Product: AURA LED Controller
[    2.481776] usb 3-7: Manufacturer: AsusTek Computer Inc.
[    2.481776] usb 3-7: SerialNumber: REDACTED
[    2.497676] hid-generic 0003:0B05:19AF.0001: hiddev96,hidraw0: USB HID v1.11 Device [AsusTek Computer Inc. AURA LED Controller] on usb-0000:67:00.0-7/input2
[    2.551988] ata4: SATA link down (SStatus 0 SControl 300)
[    2.670598] usb 3-8: new high-speed USB device number 4 using xhci_hcd
[    2.856848] usb 2-1.4.1: new SuperSpeed Plus Gen 2x1 USB device number 4 using xhci_hcd
[    2.865289] ata8: SATA link down (SStatus 0 SControl 300)
[    2.872808] usb 2-1.4.1: New USB device found, idVendor=2188, idProduct=5501, bcdDevice= 1.02
[    2.872814] usb 2-1.4.1: New USB device strings: Mfr=1, Product=2, SerialNumber=0
[    2.872815] usb 2-1.4.1: Product: TS4 USB3.2 Gen2 HUB
[    2.872816] usb 2-1.4.1: Manufacturer: CalDigit, Inc
[    2.873769] hub 2-1.4.1:1.0: USB hub found
[    2.874115] hub 2-1.4.1:1.0: 4 ports detected
[    2.880950] usb 3-8: New USB device found, idVendor=2188, idProduct=5802, bcdDevice= 1.01
[    2.880955] usb 3-8: New USB device strings: Mfr=1, Product=2, SerialNumber=0
[    2.880957] usb 3-8: Product: TS4 USB2.0 Hub
[    2.880958] usb 3-8: Manufacturer: CalDigit, Inc.
[    2.889035] hub 3-8:1.0: USB hub found
[    2.891938] hub 3-8:1.0: 5 ports detected
[    2.939853] usb 2-1.4.2: new SuperSpeed Plus Gen 2x1 USB device number 5 using xhci_hcd
[    2.956101] usb 2-1.4.2: New USB device found, idVendor=2188, idProduct=5502, bcdDevice= 1.02
[    2.956107] usb 2-1.4.2: New USB device strings: Mfr=1, Product=2, SerialNumber=0
[    2.956108] usb 2-1.4.2: Product: TS4 USB3.2 Gen2 HUB
[    2.956109] usb 2-1.4.2: Manufacturer: CalDigit, Inc
[    2.957205] hub 2-1.4.2:1.0: USB hub found
[    2.957546] hub 2-1.4.2:1.0: 4 ports detected
[    3.173362] ata9: SATA link down (SStatus 0 SControl 300)
