[    0.000000] Linux version 6.15.9-arch1-1 (linux@archlinux) (gcc (GCC) 15.1.1 20250729, GNU ld (GNU Binutils) 2.45.0) #1 SMP PREEMPT_DYNAMIC Sat, 02 Aug 2025 01:20:06 +0000
[    0.000000] Command line: initrd=\initramfs-linux.img root=PARTUUID=f5c1a274-c240-4cf3-abc4-e7199951ebf7 zswap.enabled=0 rootflags=subvol=@ rw rootfstype=btrfs
[    0.000000] x86/split lock detection: #DB: warning on user-space bus_locks
[    0.000000] BIOS-provided physical RAM map:
[    0.000000] BIOS-e820: [mem 0x0000000000000000-0x000000000009ffff] usable
[    0.000000] BIOS-e820: [mem 0x00000000000a0000-0x00000000000fffff] reserved
[    0.000000] BIOS-e820: [mem 0x0000000000100000-0x0000000009afefff] usable
[    0.000000] BIOS-e820: [mem 0x0000000009aff000-0x0000000009ffffff] reserved
[    0.000000] BIOS-e820: [mem 0x000000000a000000-0x000000000a1fffff] usable
[    0.000000] BIOS-e820: [mem 0x000000000a200000-0x000000000a21dfff] ACPI NVS
[    0.000000] BIOS-e820: [mem 0x000000000a21e000-0x000000000affffff] usable
[    0.000000] BIOS-e820: [mem 0x000000000b000000-0x000000000b020fff] reserved
[    0.000000] BIOS-e820: [mem 0x000000000b021000-0x000000006ad6bfff] usable
[    0.000000] BIOS-e820: [mem 0x000000006ad6c000-0x00000000715bafff] reserved
[    0.000000] BIOS-e820: [mem 0x00000000715bb000-0x00000000716bafff] ACPI data
[    0.000000] BIOS-e820: [mem 0x00000000716bb000-0x00000000736bafff] ACPI NVS
[    0.000000] BIOS-e820: [mem 0x00000000736bb000-0x00000000785fefff] reserved
[    0.000000] BIOS-e820: [mem 0x00000000785ff000-0x0000000079ff6fff] usable
[    0.000000] BIOS-e820: [mem 0x0000000079ff7000-0x0000000079ffbfff] reserved
[    0.000000] BIOS-e820: [mem 0x0000000079ffc000-0x0000000079ffffff] usable
[    0.000000] BIOS-e820: [mem 0x000000007a000000-0x000000007bffffff] reserved
[    0.000000] BIOS-e820: [mem 0x000000007d7f3000-0x000000007fffffff] reserved
[    0.000000] BIOS-e820: [mem 0x00000000e0000000-0x00000000efffffff] reserved
[    0.000000] BIOS-e820: [mem 0x00000000f7000000-0x00000000ffffffff] reserved
[    0.000000] BIOS-e820: [mem 0x0000000100000000-0x000000107dd7ffff] usable
[    0.000000] BIOS-e820: [mem 0x000000107edc0000-0x00000010a01fffff] reserved
[    0.000000] BIOS-e820: [mem 0x000000fd00000000-0x000000ffffffffff] reserved
[    0.000000] NX (Execute Disable) protection: active
[    0.000000] APIC: Static calls initialized
[    0.000000] efi: EFI v2.9 by American Megatrends
[    0.000000] efi: ACPI=0x716ba000 ACPI 2.0=0x716ba014 TPMFinalLog=0x73671000 SMBIOS=0x77a87000 SMBIOS 3.0=0x77a86000 MEMATTR=0x6558c018 ESRT=0x671f1118 RNG=0x7169ff18 INITRD=0x5cd6a718 TPMEventLog=0x71665018 
[    0.000000] random: crng init done
[    0.000000] efi: Remove mem57: MMIO range=[0xe0000000-0xefffffff] (256MB) from e820 map
[    0.000000] e820: remove [mem 0xe0000000-0xefffffff] reserved
[    0.000000] efi: Remove mem58: MMIO range=[0xf7000000-0xfedfffff] (126MB) from e820 map
[    0.000000] e820: remove [mem 0xf7000000-0xfedfffff] reserved
[    0.000000] efi: Not removing mem59: MMIO range=[0xfee00000-0xfee00fff] (4KB) from e820 map
[    0.000000] efi: Remove mem60: MMIO range=[0xfee01000-0xffffffff] (17MB) from e820 map
[    0.000000] e820: remove [mem 0xfee01000-0xffffffff] reserved
[    0.000000] efi: Remove mem62: MMIO range=[0x1080000000-0x10a01fffff] (514MB) from e820 map
[    0.000000] e820: remove [mem 0x1080000000-0x10a01fffff] reserved
[    0.000000] SMBIOS 3.6.0 present.
[    0.000000] DMI: ASUS System Product Name/ProArt X670E-CREATOR WIFI, BIOS 3205 07/15/2025
[    0.000000] DMI: Memory slots populated: 2/4
[    0.000000] tsc: Fast TSC calibration using PIT
[    0.000000] tsc: Detected 4299.993 MHz processor
[    0.000109] e820: update [mem 0x00000000-0x00000fff] usable ==> reserved
[    0.000110] e820: remove [mem 0x000a0000-0x000fffff] usable
[    0.000115] last_pfn = 0x107dd80 max_arch_pfn = 0x400000000
[    0.000119] MTRR map: 5 entries (3 fixed + 2 variable; max 20), built from 9 variable MTRRs
[    0.000120] x86/PAT: Configuration [0-7]: WB  WC  UC- UC  WB  WP  UC- WT  
[    0.000243] e820: update [mem 0x80000000-0xffffffff] usable ==> reserved
[    0.000248] last_pfn = 0x7a000 max_arch_pfn = 0x400000000
[    0.002995] esrt: Reserving ESRT space from 0x00000000671f1118 to 0x00000000671f1150.
[    0.002999] e820: update [mem 0x671f1000-0x671f1fff] usable ==> reserved
[    0.003008] Using GB pages for direct mapping
[    0.003125] Secure boot disabled
[    0.003125] RAMDISK: [mem 0x411fd000-0x4e7f1fff]
[    0.003167] ACPI: Early table checksum verification disabled
[    0.003170] ACPI: RSDP 0x00000000716BA014 000024 (v02 ALASKA)
[    0.003172] ACPI: XSDT 0x00000000716B9728 0000E4 (v01 ALASKA A M I    01072009 AMI  01000013)
[    0.003176] ACPI: FACP 0x00000000716AE000 000114 (v06 ALASKA A M I    01072009 AMI  00010013)
[    0.003179] ACPI: DSDT 0x0000000071687000 014878 (v63 ALASKA A M I    01072009 INTL 20230331)
[    0.003181] ACPI: FACS 0x00000000736A1000 000040
[    0.003182] ACPI: SSDT 0x00000000716B0000 00816C (v02 AMD    Splinter 00000002 MSFT 05000000)
[    0.003183] ACPI: SSDT 0x00000000716AF000 0003F1 (v02 ALASKA CPUSSDT  01072009 AMI  01072009)
[    0.003184] ACPI: FIDT 0x00000000716A0000 00009C (v01 ALASKA A M I    01072009 AMI  00010013)
[    0.003185] ACPI: MCFG 0x000000007169E000 00003C (v01 ALASKA A M I    01072009 MSFT 00010013)
[    0.003186] ACPI: HPET 0x000000007169D000 000038 (v01 ALASKA A M I    01072009 AMI  00000005)
[    0.003187] ACPI: FPDT 0x000000007169C000 000044 (v01 ALASKA A M I    01072009 AMI  01000013)
[    0.003188] ACPI: BGRT 0x00000000716AD000 000038 (v01 ALASKA A M I    01072009 AMI  00010013)
[    0.003189] ACPI: SSDT 0x00000000716A3000 009BAE (v02 AMD    AMD CPU  00000001 AMD  00000001)
[    0.003190] ACPI: SSDT 0x00000000716A2000 000041 (v01 AMD    AppCompD 00000001 INTL 20230331)
[    0.003191] ACPI: SSDT 0x0000000071685000 001616 (v02 AMD    CPMTBASL 00000001 INTL 20230331)
[    0.003192] ACPI: SSDT 0x00000000716A1000 00078F (v02 AMD    CPMDFDG1 00000001 INTL 20230331)
[    0.003193] ACPI: SSDT 0x000000007167A000 00A665 (v02 AMD    CPMCMN   00000001 INTL 20230331)
[    0.003194] ACPI: SSDT 0x0000000071677000 0029D5 (v02 AMD    AOD      00000001 INTL 20230331)
[    0.003195] ACPI: TPM2 0x0000000071676000 00004C (v04 ALASKA A M I    00000001 AMI  00000000)
[    0.003196] ACPI: WSMT 0x0000000071675000 000028 (v01 ALASKA A M I    01072009 AMI  00010013)
[    0.003197] ACPI: APIC 0x0000000071674000 00015E (v06 ALASKA A M I    01072009 AMI  00010013)
[    0.003198] ACPI: IVRS 0x0000000071673000 0000C8 (v02 AMD    AmdTable 00000001 AMD  00000001)
[    0.003199] ACPI: SSDT 0x0000000071672000 000500 (v02 AMD    MEMTOOL0 00000002 INTL 20230331)
[    0.003200] ACPI: SSDT 0x0000000071671000 0009E6 (v02 AMD    CPMMSOSC 00000001 INTL 20230331)
[    0.003201] ACPI: SSDT 0x0000000071670000 00047C (v02 AMD    AMDWOV   00000001 INTL 20230331)
[    0.003202] ACPI: SSDT 0x000000007166F000 00053E (v01 AMD    CPMAPMFD 00000001 INTL 20230331)
[    0.003203] ACPI: SSDT 0x000000007166E000 00044E (v02 AMD    AmdTable 00000001 INTL 20230331)
[    0.003204] ACPI: SSDT 0x000000007166D000 000771 (v02 AMD    AmdTable 00000001 INTL 20230331)
[    0.003204] ACPI: Reserving FACP table memory at [mem 0x716ae000-0x716ae113]
[    0.003205] ACPI: Reserving DSDT table memory at [mem 0x71687000-0x7169b877]
[    0.003205] ACPI: Reserving FACS table memory at [mem 0x736a1000-0x736a103f]
[    0.003206] ACPI: Reserving SSDT table memory at [mem 0x716b0000-0x716b816b]
[    0.003206] ACPI: Reserving SSDT table memory at [mem 0x716af000-0x716af3f0]
[    0.003206] ACPI: Reserving FIDT table memory at [mem 0x716a0000-0x716a009b]
[    0.003206] ACPI: Reserving MCFG table memory at [mem 0x7169e000-0x7169e03b]
[    0.003206] ACPI: Reserving HPET table memory at [mem 0x7169d000-0x7169d037]
[    0.003207] ACPI: Reserving FPDT table memory at [mem 0x7169c000-0x7169c043]
[    0.003207] ACPI: Reserving BGRT table memory at [mem 0x716ad000-0x716ad037]
[    0.003207] ACPI: Reserving SSDT table memory at [mem 0x716a3000-0x716acbad]
[    0.003207] ACPI: Reserving SSDT table memory at [mem 0x716a2000-0x716a2040]
[    0.003208] ACPI: Reserving SSDT table memory at [mem 0x71685000-0x71686615]
[    0.003208] ACPI: Reserving SSDT table memory at [mem 0x716a1000-0x716a178e]
[    0.003208] ACPI: Reserving SSDT table memory at [mem 0x7167a000-0x71684664]
[    0.003208] ACPI: Reserving SSDT table memory at [mem 0x71677000-0x716799d4]
[    0.003209] ACPI: Reserving TPM2 table memory at [mem 0x71676000-0x7167604b]
[    0.003209] ACPI: Reserving WSMT table memory at [mem 0x71675000-0x71675027]
[    0.003209] ACPI: Reserving APIC table memory at [mem 0x71674000-0x7167415d]
[    0.003209] ACPI: Reserving IVRS table memory at [mem 0x71673000-0x716730c7]
[    0.003209] ACPI: Reserving SSDT table memory at [mem 0x71672000-0x716724ff]
[    0.003210] ACPI: Reserving SSDT table memory at [mem 0x71671000-0x716719e5]
[    0.003210] ACPI: Reserving SSDT table memory at [mem 0x71670000-0x7167047b]
[    0.003210] ACPI: Reserving SSDT table memory at [mem 0x7166f000-0x7166f53d]
[    0.003210] ACPI: Reserving SSDT table memory at [mem 0x7166e000-0x7166e44d]
[    0.003211] ACPI: Reserving SSDT table memory at [mem 0x7166d000-0x7166d770]
[    0.003252] No NUMA configuration found
[    0.003252] Faking a node at [mem 0x0000000000000000-0x000000107dd7ffff]
[    0.003256] NODE_DATA(0) allocated [mem 0x107dd55280-0x107dd7ffff]
[    0.003358] Zone ranges:
[    0.003358]   DMA      [mem 0x0000000000001000-0x0000000000ffffff]
[    0.003359]   DMA32    [mem 0x0000000001000000-0x00000000ffffffff]
[    0.003360]   Normal   [mem 0x0000000100000000-0x000000107dd7ffff]
[    0.003360]   Device   empty
[    0.003361] Movable zone start for each node
[    0.003361] Early memory node ranges
[    0.003361]   node   0: [mem 0x0000000000001000-0x000000000009ffff]
[    0.003362]   node   0: [mem 0x0000000000100000-0x0000000009afefff]
[    0.003362]   node   0: [mem 0x000000000a000000-0x000000000a1fffff]
[    0.003363]   node   0: [mem 0x000000000a21e000-0x000000000affffff]
[    0.003363]   node   0: [mem 0x000000000b021000-0x000000006ad6bfff]
[    0.003363]   node   0: [mem 0x00000000785ff000-0x0000000079ff6fff]
[    0.003364]   node   0: [mem 0x0000000079ffc000-0x0000000079ffffff]
[    0.003364]   node   0: [mem 0x0000000100000000-0x000000107dd7ffff]
[    0.003366] Initmem setup node 0 [mem 0x0000000000001000-0x000000107dd7ffff]
[    0.003369] On node 0, zone DMA: 1 pages in unavailable ranges
[    0.003376] On node 0, zone DMA: 96 pages in unavailable ranges
[    0.003424] On node 0, zone DMA32: 1281 pages in unavailable ranges
[    0.003429] On node 0, zone DMA32: 30 pages in unavailable ranges
[    0.003911] On node 0, zone DMA32: 33 pages in unavailable ranges
[    0.003975] On node 0, zone DMA32: 22675 pages in unavailable ranges
[    0.003976] On node 0, zone DMA32: 5 pages in unavailable ranges
[    0.040716] On node 0, zone Normal: 24576 pages in unavailable ranges
[    0.040743] On node 0, zone Normal: 8832 pages in unavailable ranges
[    0.042382] ACPI: PM-Timer IO Port: 0x808
[    0.042390] ACPI: LAPIC_NMI (acpi_id[0xff] high edge lint[0x1])
[    0.042399] IOAPIC[0]: apic_id 32, version 33, address 0xfec00000, GSI 0-23
[    0.042402] IOAPIC[1]: apic_id 33, version 33, address 0xfec01000, GSI 24-55
[    0.042403] ACPI: INT_SRC_OVR (bus 0 bus_irq 0 global_irq 2 dfl dfl)
[    0.042404] ACPI: INT_SRC_OVR (bus 0 bus_irq 9 global_irq 9 low level)
[    0.042407] ACPI: Using ACPI (MADT) for SMP configuration information
[    0.042407] ACPI: HPET id: 0x10228201 base: 0xfed00000
[    0.042415] e820: update [mem 0x63223000-0x63438fff] usable ==> reserved
[    0.042424] CPU topo: Max. logical packages:   1
[    0.042424] CPU topo: Max. logical dies:       2
[    0.042424] CPU topo: Max. dies per package:   2
[    0.042426] CPU topo: Max. threads per core:   2
[    0.042427] CPU topo: Num. cores per package:    16
[    0.042427] CPU topo: Num. threads per package:  32
[    0.042427] CPU topo: Allowing 32 present CPUs plus 0 hotplug CPUs
[    0.042437] PM: hibernation: Registered nosave memory: [mem 0x00000000-0x00000fff]
[    0.042438] PM: hibernation: Registered nosave memory: [mem 0x000a0000-0x000fffff]
[    0.042438] PM: hibernation: Registered nosave memory: [mem 0x09aff000-0x09ffffff]
[    0.042439] PM: hibernation: Registered nosave memory: [mem 0x0a200000-0x0a21dfff]
[    0.042439] PM: hibernation: Registered nosave memory: [mem 0x0b000000-0x0b020fff]
[    0.042440] PM: hibernation: Registered nosave memory: [mem 0x63223000-0x63438fff]
[    0.042440] PM: hibernation: Registered nosave memory: [mem 0x671f1000-0x671f1fff]
[    0.042441] PM: hibernation: Registered nosave memory: [mem 0x6ad6c000-0x785fefff]
[    0.042441] PM: hibernation: Registered nosave memory: [mem 0x79ff7000-0x79ffbfff]
[    0.042442] PM: hibernation: Registered nosave memory: [mem 0x7a000000-0xffffffff]
[    0.042443] [mem 0x80000000-0xfedfffff] available for PCI devices
[    0.042443] Booting paravirtualized kernel on bare hardware
[    0.042445] clocksource: refined-jiffies: mask: 0xffffffff max_cycles: 0xffffffff, max_idle_ns: 1910969940391419 ns
[    0.045680] setup_percpu: NR_CPUS:8192 nr_cpumask_bits:32 nr_cpu_ids:32 nr_node_ids:1
[    0.046099] percpu: Embedded 62 pages/cpu s217088 r8192 d28672 u262144
[    0.046103] pcpu-alloc: s217088 r8192 d28672 u262144 alloc=1*2097152
[    0.046103] pcpu-alloc: [0] 00 01 02 03 04 05 06 07 [0] 08 09 10 11 12 13 14 15 
[    0.046106] pcpu-alloc: [0] 16 17 18 19 20 21 22 23 [0] 24 25 26 27 28 29 30 31 
[    0.046117] Kernel command line: initrd=\initramfs-linux.img root=PARTUUID=f5c1a274-c240-4cf3-abc4-e7199951ebf7 zswap.enabled=0 rootflags=subvol=@ rw rootfstype=btrfs
[    0.046339] printk: log_buf_len individual max cpu contribution: 4096 bytes
[    0.046339] printk: log_buf_len total cpu_extra contributions: 126976 bytes
[    0.046340] printk: log_buf_len min size: 131072 bytes
[    0.046391] printk: log buffer data + meta data: 262144 + 917504 = 1179648 bytes
[    0.046392] printk: early log buf free: 117976(90%)
[    0.048900] Dentry cache hash table entries: 8388608 (order: 14, 67108864 bytes, linear)
[    0.050013] Inode-cache hash table entries: 4194304 (order: 13, 33554432 bytes, linear)
[    0.050139] software IO TLB: area num 32.
[    0.052942] Fallback order for Node 0: 0 
[    0.052945] Built 1 zonelists, mobility grouping on.  Total pages: 16686919
[    0.052945] Policy zone: Normal
[    0.053009] mem auto-init: stack:all(zero), heap alloc:on, heap free:off
[    0.102104] SLUB: HWalign=64, Order=0-3, MinObjects=0, CPUs=32, Nodes=1
[    0.108854] ftrace: allocating 55585 entries in 220 pages
[    0.108855] ftrace: allocated 220 pages with 5 groups
[    0.108905] Dynamic Preempt: full
[    0.108956] rcu: Preemptible hierarchical RCU implementation.
[    0.108957] rcu: 	RCU restricting CPUs from NR_CPUS=8192 to nr_cpu_ids=32.
[    0.108957] rcu: 	RCU priority boosting: priority 1 delay 500 ms.
[    0.108958] 	Trampoline variant of Tasks RCU enabled.
[    0.108958] 	Rude variant of Tasks RCU enabled.
[    0.108958] 	Tracing variant of Tasks RCU enabled.
[    0.108959] rcu: RCU calculated value of scheduler-enlistment delay is 100 jiffies.
[    0.108959] rcu: Adjusting geometry for rcu_fanout_leaf=16, nr_cpu_ids=32
[    0.108967] RCU Tasks: Setting shift to 5 and lim to 1 rcu_task_cb_adjust=1 rcu_task_cpu_ids=32.
[    0.108968] RCU Tasks Rude: Setting shift to 5 and lim to 1 rcu_task_cb_adjust=1 rcu_task_cpu_ids=32.
[    0.108970] RCU Tasks Trace: Setting shift to 5 and lim to 1 rcu_task_cb_adjust=1 rcu_task_cpu_ids=32.
[    0.111174] NR_IRQS: 524544, nr_irqs: 1224, preallocated irqs: 16
[    0.111351] rcu: srcu_init: Setting srcu_struct sizes based on contention.
[    0.111496] kfence: initialized - using 2097152 bytes for 255 objects at 0x(____ptrval____)-0x(____ptrval____)
[    0.111522] Console: colour dummy device 80x25
[    0.111523] printk: legacy console [tty0] enabled
[    0.111548] ACPI: Core revision 20240827
[    0.111647] clocksource: hpet: mask: 0xffffffff max_cycles: 0xffffffff, max_idle_ns: 133484873504 ns
[    0.111658] APIC: Switch to symmetric I/O mode setup
[    0.111850] AMD-Vi: Using global IVHD EFR:0x246577efa2254afa, EFR2:0x0
[    0.112622] ..TIMER: vector=0x30 apic1=0 pin1=2 apic2=-1 pin2=-1
[    0.116663] clocksource: tsc-early: mask: 0xffffffffffffffff max_cycles: 0x3dfb5d4b80a, max_idle_ns: 440795257018 ns
[    0.116665] Calibrating delay loop (skipped), value calculated using timer frequency.. 8599.98 BogoMIPS (lpj=4299993)
[    0.116678] x86/cpu: User Mode Instruction Prevention (UMIP) activated
[    0.116736] LVT offset 1 assigned for vector 0xf9
[    0.116945] LVT offset 2 assigned for vector 0xf4
[    0.117007] Last level iTLB entries: 4KB 64, 2MB 64, 4MB 32
[    0.117007] Last level dTLB entries: 4KB 128, 2MB 128, 4MB 64, 1GB 0
[    0.117009] process: using mwait in idle threads
[    0.117010] Spectre V1 : Mitigation: usercopy/swapgs barriers and __user pointer sanitization
[    0.117012] Spectre V2 : Mitigation: Enhanced / Automatic IBRS
[    0.117013] Spectre V2 : mitigation: Enabling conditional Indirect Branch Prediction Barrier
[    0.117013] Spectre V2 : User space: Mitigation: STIBP always-on protection
[    0.117014] Speculative Store Bypass: Mitigation: Speculative Store Bypass disabled via prctl
[    0.117015] Speculative Return Stack Overflow: Mitigation: IBPB on VMEXIT only
[    0.117020] x86/fpu: Supporting XSAVE feature 0x001: 'x87 floating point registers'
[    0.117020] x86/fpu: Supporting XSAVE feature 0x002: 'SSE registers'
[    0.117021] x86/fpu: Supporting XSAVE feature 0x004: 'AVX registers'
[    0.117021] x86/fpu: Supporting XSAVE feature 0x020: 'AVX-512 opmask'
[    0.117022] x86/fpu: Supporting XSAVE feature 0x040: 'AVX-512 Hi256'
[    0.117022] x86/fpu: Supporting XSAVE feature 0x080: 'AVX-512 ZMM_Hi256'
[    0.117023] x86/fpu: Supporting XSAVE feature 0x200: 'Protection Keys User registers'
[    0.117023] x86/fpu: Supporting XSAVE feature 0x800: 'Control-flow User registers'
[    0.117024] x86/fpu: xstate_offset[2]:  576, xstate_sizes[2]:  256
[    0.117025] x86/fpu: xstate_offset[5]:  832, xstate_sizes[5]:   64
[    0.117025] x86/fpu: xstate_offset[6]:  896, xstate_sizes[6]:  512
[    0.117026] x86/fpu: xstate_offset[7]: 1408, xstate_sizes[7]: 1024
[    0.117026] x86/fpu: xstate_offset[9]: 2432, xstate_sizes[9]:    8
[    0.117027] x86/fpu: xstate_offset[11]: 2440, xstate_sizes[11]:   16
[    0.117027] x86/fpu: Enabled xstate features 0xae7, context size is 2456 bytes, using 'compacted' format.
[    0.132276] Freeing SMP alternatives memory: 52K
[    0.132278] pid_max: default: 32768 minimum: 301
[    0.133268] LSM: initializing lsm=capability,landlock,lockdown,yama,bpf
[    0.133307] landlock: Up and running.
[    0.133309] Yama: becoming mindful.
[    0.133404] LSM support for eBPF active
[    0.133446] Mount-cache hash table entries: 131072 (order: 8, 1048576 bytes, linear)
[    0.133486] Mountpoint-cache hash table entries: 131072 (order: 8, 1048576 bytes, linear)
[    0.236062] smpboot: CPU0: AMD Ryzen 9 9950X3D 16-Core Processor (family: 0x1a, model: 0x44, stepping: 0x0)
[    0.236129] Performance Events: Fam17h+ 16-deep LBR, core perfctr, AMD PMU driver.
[    0.236145] ... version:                2
[    0.236146] ... bit width:              48
[    0.236146] ... generic registers:      6
[    0.236146] ... value mask:             0000ffffffffffff
[    0.236146] ... max period:             00007fffffffffff
[    0.236147] ... fixed-purpose events:   0
[    0.236147] ... event mask:             000000000000003f
[    0.236207] signal: max sigframe size: 3376
[    0.236257] rcu: Hierarchical SRCU implementation.
[    0.236258] rcu: 	Max phase no-delay instances is 400.
[    0.236280] Timer migration: 2 hierarchy levels; 8 children per group; 2 crossnode level
[    0.236382] MCE: In-kernel MCE decoding enabled.
[    0.236399] NMI watchdog: Enabled. Permanently consumes one hw-PMU counter.
[    0.236473] smp: Bringing up secondary CPUs ...
[    0.236506] smpboot: x86: Booting SMP configuration:
[    0.236507] .... node  #0, CPUs:        #1  #2  #3  #4  #5  #6  #7  #8  #9 #10 #11 #12 #13 #14 #15 #16 #17 #18 #19 #20 #21 #22 #23 #24 #25 #26 #27 #28 #29 #30 #31
[    0.242756] Spectre V2 : Update user space SMT mitigation: STIBP always-on
[    0.243696] smp: Brought up 1 node, 32 CPUs
[    0.243696] smpboot: Total of 32 processors activated (275199.55 BogoMIPS)
[    0.244822] Memory: 65206228K/66747676K available (19713K kernel code, 2940K rwdata, 16528K rodata, 4644K init, 5024K bss, 1502712K reserved, 0K cma-reserved)
[    0.244964] devtmpfs: initialized
[    0.244964] x86/mm: Memory block size: 2048MB
[    0.245716] ACPI: PM: Registering ACPI NVS region [mem 0x0a200000-0x0a21dfff] (122880 bytes)
[    0.245716] ACPI: PM: Registering ACPI NVS region [mem 0x716bb000-0x736bafff] (33554432 bytes)
[    0.245781] clocksource: jiffies: mask: 0xffffffff max_cycles: 0xffffffff, max_idle_ns: 1911260446275000 ns
[    0.245781] posixtimers hash table entries: 16384 (order: 6, 262144 bytes, linear)
[    0.245781] futex hash table entries: 8192 (order: 7, 524288 bytes, linear)
[    0.245781] pinctrl core: initialized pinctrl subsystem
[    0.245793] PM: RTC time: 02:11:45, date: 2025-08-05
[    0.245978] NET: Registered PF_NETLINK/PF_ROUTE protocol family
[    0.246114] DMA: preallocated 4096 KiB GFP_KERNEL pool for atomic allocations
[    0.246209] DMA: preallocated 4096 KiB GFP_KERNEL|GFP_DMA pool for atomic allocations
[    0.246303] DMA: preallocated 4096 KiB GFP_KERNEL|GFP_DMA32 pool for atomic allocations
[    0.246306] audit: initializing netlink subsys (disabled)
[    0.246309] audit: type=2000 audit(1754359904.000:1): state=initialized audit_enabled=0 res=1
[    0.246309] thermal_sys: Registered thermal governor 'fair_share'
[    0.246309] thermal_sys: Registered thermal governor 'bang_bang'
[    0.246309] thermal_sys: Registered thermal governor 'step_wise'
[    0.246309] thermal_sys: Registered thermal governor 'user_space'
[    0.246309] thermal_sys: Registered thermal governor 'power_allocator'
[    0.246309] cpuidle: using governor ladder
[    0.246309] cpuidle: using governor menu
[    0.246775] acpiphp: ACPI Hot Plug PCI Controller Driver version: 0.5
[    0.246814] PCI: ECAM [mem 0xe0000000-0xefffffff] (base 0xe0000000) for domain 0000 [bus 00-ff]
[    0.246823] PCI: Using configuration type 1 for base access
[    0.246880] kprobes: kprobe jump-optimization is enabled. All kprobes are optimized if possible.
[    0.246883] HugeTLB: allocation took 0ms with hugepage_allocation_threads=8
[    0.246883] HugeTLB: registered 1.00 GiB page size, pre-allocated 0 pages
[    0.246883] HugeTLB: 16380 KiB vmemmap can be freed for a 1.00 GiB page
[    0.246883] HugeTLB: registered 2.00 MiB page size, pre-allocated 0 pages
[    0.246883] HugeTLB: 28 KiB vmemmap can be freed for a 2.00 MiB page
[    0.246883] raid6: skipped pq benchmark and selected avx512x4
[    0.246883] raid6: using avx512x2 recovery algorithm
[    0.246883] ACPI: Added _OSI(Module Device)
[    0.246883] ACPI: Added _OSI(Processor Device)
[    0.246883] ACPI: Added _OSI(Processor Aggregator Device)
[    0.253292] ACPI: 15 ACPI AML tables successfully acquired and loaded
[    0.255113] ACPI: EC: EC started
[    0.255114] ACPI: EC: interrupt blocked
[    0.255245] ACPI: EC: EC_CMD/EC_SC=0x66, EC_DATA=0x62
[    0.255246] ACPI: \_SB_.PCI0.SBRG.EC0_: Boot DSDT EC used to handle transactions
[    0.255247] ACPI: Interpreter enabled
[    0.255255] ACPI: PM: (supports S0 S3 S4 S5)
[    0.255255] ACPI: Using IOAPIC for interrupt routing
[    0.255833] PCI: Using host bridge windows from ACPI; if necessary, use "pci=nocrs" and report a bug
[    0.255833] PCI: Ignoring E820 reservations for host bridge windows
[    0.255980] ACPI: Enabled 7 GPEs in block 00 to 1F
[    0.257441] ACPI: \_SB_.PCI0.GPP0.M237: New power resource
[    0.260814] ACPI: PCI Root Bridge [PCI0] (domain 0000 [bus 00-ff])
[    0.260817] acpi PNP0A08:00: _OSC: OS supports [ExtendedConfig ASPM ClockPM Segments MSI EDR HPX-Type3]
[    0.260869] acpi PNP0A08:00: _OSC: OS now controls [PCIeHotplug SHPCHotplug PME AER PCIeCapability LTR DPC]
[    0.261087] PCI host bridge to bus 0000:00
[    0.261089] pci_bus 0000:00: root bus resource [io  0x0000-0x03af window]
[    0.261090] pci_bus 0000:00: root bus resource [io  0x03e0-0x0cf7 window]
[    0.261090] pci_bus 0000:00: root bus resource [io  0x03b0-0x03df window]
[    0.261091] pci_bus 0000:00: root bus resource [io  0x0d00-0xffff window]
[    0.261091] pci_bus 0000:00: root bus resource [mem 0x000a0000-0x000dffff window]
[    0.261092] pci_bus 0000:00: root bus resource [mem 0x80000000-0xdfffffff window]
[    0.261092] pci_bus 0000:00: root bus resource [mem 0x1080000000-0xffffffffff window]
[    0.261093] pci_bus 0000:00: root bus resource [bus 00-ff]
[    0.261103] pci 0000:00:00.0: [1022:14d8] type 00 class 0x060000 conventional PCI endpoint
[    0.261161] pci 0000:00:00.2: [1022:14d9] type 00 class 0x080600 conventional PCI endpoint
[    0.261211] pci 0000:00:01.0: [1022:14da] type 00 class 0x060000 conventional PCI endpoint
[    0.261250] pci 0000:00:01.1: [1022:14db] type 01 class 0x060400 PCIe Root Port
[    0.261261] pci 0000:00:01.1: PCI bridge to [bus 01]
[    0.261264] pci 0000:00:01.1:   bridge window [io  0xf000-0xffff]
[    0.261266] pci 0000:00:01.1:   bridge window [mem 0xde000000-0xdf0fffff]
[    0.261270] pci 0000:00:01.1:   bridge window [mem 0xf000000000-0xf801ffffff 64bit pref]
[    0.261319] pci 0000:00:01.1: PME# supported from D0 D3hot D3cold
[    0.261507] pci 0000:00:01.2: [1022:14db] type 01 class 0x060400 PCIe Root Port
[    0.261518] pci 0000:00:01.2: PCI bridge to [bus 02]
[    0.261521] pci 0000:00:01.2:   bridge window [mem 0xdf700000-0xdf7fffff]
[    0.261571] pci 0000:00:01.2: PME# supported from D0 D3hot D3cold
[    0.261642] pci 0000:00:02.0: [1022:14da] type 00 class 0x060000 conventional PCI endpoint
[    0.261682] pci 0000:00:02.1: [1022:14db] type 01 class 0x060400 PCIe Root Port
[    0.261693] pci 0000:00:02.1: PCI bridge to [bus 03-6a]
[    0.261696] pci 0000:00:02.1:   bridge window [mem 0xa8000000-0xdd1fffff]
[    0.261700] pci 0000:00:02.1:   bridge window [mem 0xf810000000-0xf8653fffff 64bit pref]
[    0.261705] pci 0000:00:02.1: enabling Extended Tags
[    0.261749] pci 0000:00:02.1: PME# supported from D0 D3hot D3cold
[    0.261857] pci 0000:00:03.0: [1022:14da] type 00 class 0x060000 conventional PCI endpoint
[    0.261902] pci 0000:00:04.0: [1022:14da] type 00 class 0x060000 conventional PCI endpoint
[    0.261947] pci 0000:00:08.0: [1022:14da] type 00 class 0x060000 conventional PCI endpoint
[    0.261988] pci 0000:00:08.1: [1022:14dd] type 01 class 0x060400 PCIe Root Port
[    0.261996] pci 0000:00:08.1: PCI bridge to [bus 6b]
[    0.261999] pci 0000:00:08.1:   bridge window [mem 0xdf200000-0xdf5fffff]
[    0.262005] pci 0000:00:08.1: enabling Extended Tags
[    0.262028] pci 0000:00:08.1: PME# supported from D0 D3hot D3cold
[    0.262083] pci 0000:00:08.3: [1022:14dd] type 01 class 0x060400 PCIe Root Port
[    0.262091] pci 0000:00:08.3: PCI bridge to [bus 6c]
[    0.262094] pci 0000:00:08.3:   bridge window [mem 0xdf600000-0xdf6fffff]
[    0.262100] pci 0000:00:08.3: enabling Extended Tags
[    0.262123] pci 0000:00:08.3: PME# supported from D0 D3hot D3cold
[    0.262182] pci 0000:00:14.0: [1022:790b] type 00 class 0x0c0500 conventional PCI endpoint
[    0.262241] pci 0000:00:14.3: [1022:790e] type 00 class 0x060100 conventional PCI endpoint
[    0.262309] pci 0000:00:18.0: [1022:14e0] type 00 class 0x060000 conventional PCI endpoint
[    0.262327] pci 0000:00:18.1: [1022:14e1] type 00 class 0x060000 conventional PCI endpoint
[    0.262345] pci 0000:00:18.2: [1022:14e2] type 00 class 0x060000 conventional PCI endpoint
[    0.262362] pci 0000:00:18.3: [1022:14e3] type 00 class 0x060000 conventional PCI endpoint
[    0.262380] pci 0000:00:18.4: [1022:14e4] type 00 class 0x060000 conventional PCI endpoint
[    0.262397] pci 0000:00:18.5: [1022:14e5] type 00 class 0x060000 conventional PCI endpoint
[    0.262414] pci 0000:00:18.6: [1022:14e6] type 00 class 0x060000 conventional PCI endpoint
[    0.262431] pci 0000:00:18.7: [1022:14e7] type 00 class 0x060000 conventional PCI endpoint
[    0.262490] pci 0000:01:00.0: [10de:2684] type 00 class 0x030000 PCIe Legacy Endpoint
[    0.262507] pci 0000:01:00.0: BAR 0 [mem 0xde000000-0xdeffffff]
[    0.262509] pci 0000:01:00.0: BAR 1 [mem 0xf000000000-0xf7ffffffff 64bit pref]
[    0.262510] pci 0000:01:00.0: BAR 3 [mem 0xf800000000-0xf801ffffff 64bit pref]
[    0.262511] pci 0000:01:00.0: BAR 5 [io  0xf000-0xf07f]
[    0.262512] pci 0000:01:00.0: ROM [mem 0xdf000000-0xdf07ffff pref]
[    0.262547] pci 0000:01:00.0: PME# supported from D0 D3hot
[    0.262649] pci 0000:01:00.1: [10de:22ba] type 00 class 0x040300 PCIe Endpoint
[    0.262669] pci 0000:01:00.1: BAR 0 [mem 0xdf080000-0xdf083fff]
[    0.262751] pci 0000:00:01.1: PCI bridge to [bus 01]
[    0.262941] pci 0000:02:00.0: [144d:a80c] type 00 class 0x010802 PCIe Endpoint
[    0.262967] pci 0000:02:00.0: BAR 0 [mem 0xdf700000-0xdf703fff 64bit]
[    0.263116] pci 0000:00:01.2: PCI bridge to [bus 02]
[    0.263170] pci 0000:03:00.0: [1022:43f4] type 01 class 0x060400 PCIe Switch Upstream Port
[    0.263185] pci 0000:03:00.0: PCI bridge to [bus 04-6a]
[    0.263190] pci 0000:03:00.0:   bridge window [mem 0xa8000000-0xdd1fffff]
[    0.263196] pci 0000:03:00.0:   bridge window [mem 0xf810000000-0xf8653fffff 64bit pref]
[    0.263203] pci 0000:03:00.0: enabling Extended Tags
[    0.263245] pci 0000:03:00.0: PME# supported from D0 D3hot D3cold
[    0.263376] pci 0000:00:02.1: PCI bridge to [bus 03-6a]
[    0.263434] pci 0000:04:00.0: [1022:43f5] type 01 class 0x060400 PCIe Switch Downstream Port
[    0.263449] pci 0000:04:00.0: PCI bridge to [bus 05]
[    0.263467] pci 0000:04:00.0: enabling Extended Tags
[    0.263512] pci 0000:04:00.0: PME# supported from D0 D3hot D3cold
[    0.263600] pci 0000:04:08.0: [1022:43f5] type 01 class 0x060400 PCIe Switch Downstream Port
[    0.263616] pci 0000:04:08.0: PCI bridge to [bus 06-68]
[    0.263621] pci 0000:04:08.0:   bridge window [mem 0xa8000000-0xdcefffff]
[    0.263626] pci 0000:04:08.0:   bridge window [mem 0xf810000000-0xf8653fffff 64bit pref]
[    0.263635] pci 0000:04:08.0: enabling Extended Tags
[    0.263678] pci 0000:04:08.0: PME# supported from D0 D3hot D3cold
[    0.263787] pci 0000:04:0c.0: [1022:43f5] type 01 class 0x060400 PCIe Switch Downstream Port
[    0.263803] pci 0000:04:0c.0: PCI bridge to [bus 69]
[    0.263806] pci 0000:04:0c.0:   bridge window [mem 0xdd100000-0xdd1fffff]
[    0.263819] pci 0000:04:0c.0: enabling Extended Tags
[    0.263848] pci 0000:04:0c.0: PME# supported from D0 D3hot D3cold
[    0.263912] pci 0000:04:0d.0: [1022:43f5] type 01 class 0x060400 PCIe Switch Downstream Port
[    0.263928] pci 0000:04:0d.0: PCI bridge to [bus 6a]
[    0.263931] pci 0000:04:0d.0:   bridge window [mem 0xdd000000-0xdd0fffff]
[    0.263944] pci 0000:04:0d.0: enabling Extended Tags
[    0.263973] pci 0000:04:0d.0: PME# supported from D0 D3hot D3cold
[    0.264028] pci 0000:03:00.0: PCI bridge to [bus 04-6a]
[    0.264056] pci 0000:04:00.0: PCI bridge to [bus 05]
[    0.264099] pci 0000:06:00.0: [1022:43f4] type 01 class 0x060400 PCIe Switch Upstream Port
[    0.264124] pci 0000:06:00.0: PCI bridge to [bus 07-68]
[    0.264132] pci 0000:06:00.0:   bridge window [mem 0xa8000000-0xdcefffff]
[    0.264141] pci 0000:06:00.0:   bridge window [mem 0xf810000000-0xf8653fffff 64bit pref]
[    0.264153] pci 0000:06:00.0: enabling Extended Tags
[    0.264222] pci 0000:06:00.0: PME# supported from D0 D3hot D3cold
[    0.264387] pci 0000:04:08.0: PCI bridge to [bus 06-68]
[    0.264466] pci 0000:07:00.0: [1022:43f5] type 01 class 0x060400 PCIe Switch Downstream Port
[    0.264491] pci 0000:07:00.0: PCI bridge to [bus 08]
[    0.264499] pci 0000:07:00.0:   bridge window [mem 0xdce00000-0xdcefffff]
[    0.264508] pci 0000:07:00.0:   bridge window [mem 0xf865300000-0xf8653fffff 64bit pref]
[    0.264521] pci 0000:07:00.0: enabling Extended Tags
[    0.264592] pci 0000:07:00.0: PME# supported from D0 D3hot D3cold
[    0.264723] pci 0000:07:01.0: [1022:43f5] type 01 class 0x060400 PCIe Switch Downstream Port
[    0.264748] pci 0000:07:01.0: PCI bridge to [bus 09]
[    0.264755] pci 0000:07:01.0:   bridge window [mem 0xdca00000-0xdcbfffff]
[    0.264777] pci 0000:07:01.0: enabling Extended Tags
[    0.264847] pci 0000:07:01.0: PME# supported from D0 D3hot D3cold
[    0.264977] pci 0000:07:02.0: [1022:43f5] type 01 class 0x060400 PCIe Switch Downstream Port
[    0.265002] pci 0000:07:02.0: PCI bridge to [bus 0a]
[    0.265009] pci 0000:07:02.0:   bridge window [mem 0xdc400000-0xdc8fffff]
[    0.265031] pci 0000:07:02.0: enabling Extended Tags
[    0.265101] pci 0000:07:02.0: PME# supported from D0 D3hot D3cold
[    0.265231] pci 0000:07:03.0: [1022:43f5] type 01 class 0x060400 PCIe Switch Downstream Port
[    0.265255] pci 0000:07:03.0: PCI bridge to [bus 0b]
[    0.265284] pci 0000:07:03.0: enabling Extended Tags
[    0.265357] pci 0000:07:03.0: PME# supported from D0 D3hot D3cold
[    0.265488] pci 0000:07:04.0: [1022:43f5] type 01 class 0x060400 PCIe Switch Downstream Port
[    0.265513] pci 0000:07:04.0: PCI bridge to [bus 0c-65]
[    0.265520] pci 0000:07:04.0:   bridge window [mem 0xa8000000-0xdc0fffff]
[    0.265529] pci 0000:07:04.0:   bridge window [mem 0xf810000000-0xf8651fffff 64bit pref]
[    0.265542] pci 0000:07:04.0: enabling Extended Tags
[    0.265613] pci 0000:07:04.0: PME# supported from D0 D3hot D3cold
[    0.265750] pci 0000:07:08.0: [1022:43f5] type 01 class 0x060400 PCIe Switch Downstream Port
[    0.265775] pci 0000:07:08.0: PCI bridge to [bus 66]
[    0.265804] pci 0000:07:08.0: enabling Extended Tags
[    0.265877] pci 0000:07:08.0: PME# supported from D0 D3hot D3cold
[    0.266014] pci 0000:07:0c.0: [1022:43f5] type 01 class 0x060400 PCIe Switch Downstream Port
[    0.266038] pci 0000:07:0c.0: PCI bridge to [bus 67]
[    0.266044] pci 0000:07:0c.0:   bridge window [mem 0xdcd00000-0xdcdfffff]
[    0.266065] pci 0000:07:0c.0: enabling Extended Tags
[    0.266111] pci 0000:07:0c.0: PME# supported from D0 D3hot D3cold
[    0.266205] pci 0000:07:0d.0: [1022:43f5] type 01 class 0x060400 PCIe Switch Downstream Port
[    0.266230] pci 0000:07:0d.0: PCI bridge to [bus 68]
[    0.266235] pci 0000:07:0d.0:   bridge window [mem 0xdcc00000-0xdccfffff]
[    0.266256] pci 0000:07:0d.0: enabling Extended Tags
[    0.266302] pci 0000:07:0d.0: PME# supported from D0 D3hot D3cold
[    0.266389] pci 0000:06:00.0: PCI bridge to [bus 07-68]
[    0.266460] pci 0000:08:00.0: [14c3:0616] type 00 class 0x028000 PCIe Endpoint
[    0.266529] pci 0000:08:00.0: BAR 0 [mem 0xf865300000-0xf8653fffff 64bit pref]
[    0.266534] pci 0000:08:00.0: BAR 2 [mem 0xdce00000-0xdce07fff 64bit]
[    0.266550] pci 0000:08:00.0: enabling Extended Tags
[    0.266654] pci 0000:08:00.0: PME# supported from D0 D3hot D3cold
[    0.266866] pci 0000:07:00.0: PCI bridge to [bus 08]
[    0.266949] pci 0000:09:00.0: [8086:15f3] type 00 class 0x020000 PCIe Endpoint
[    0.267017] pci 0000:09:00.0: BAR 0 [mem 0xdca00000-0xdcafffff]
[    0.267022] pci 0000:09:00.0: BAR 3 [mem 0xdcb00000-0xdcb03fff]
[    0.267152] pci 0000:09:00.0: PME# supported from D0 D3hot D3cold
[    0.267355] pci 0000:07:01.0: PCI bridge to [bus 09]
[    0.267417] pci 0000:0a:00.0: [1d6a:94c0] type 00 class 0x020000 PCIe Endpoint
[    0.267468] pci 0000:0a:00.0: BAR 0 [mem 0xdc800000-0xdc87ffff 64bit]
[    0.267471] pci 0000:0a:00.0: BAR 2 [mem 0xdc8a0000-0xdc8a0fff 64bit]
[    0.267474] pci 0000:0a:00.0: BAR 4 [mem 0xdc400000-0xdc7fffff 64bit]
[    0.267476] pci 0000:0a:00.0: ROM [mem 0xdc880000-0xdc89ffff pref]
[    0.267484] pci 0000:0a:00.0: enabling Extended Tags
[    0.267602] pci 0000:0a:00.0: supports D1 D2
[    0.267603] pci 0000:0a:00.0: PME# supported from D0 D1 D3hot D3cold
[    0.267794] pci 0000:0a:00.0: 15.753 Gb/s available PCIe bandwidth, limited by 16.0 GT/s PCIe x1 link at 0000:07:02.0 (capable of 31.506 Gb/s with 16.0 GT/s PCIe x2 link)
[    0.267850] pci 0000:07:02.0: PCI bridge to [bus 0a]
[    0.267893] pci 0000:07:03.0: PCI bridge to [bus 0b]
[    0.267971] pci 0000:0c:00.0: [8086:1136] type 01 class 0x060400 PCIe Switch Upstream Port
[    0.268010] pci 0000:0c:00.0: PCI bridge to [bus 0d-65]
[    0.268021] pci 0000:0c:00.0:   bridge window [mem 0xa8000000-0xdc0fffff]
[    0.268035] pci 0000:0c:00.0:   bridge window [mem 0xf810000000-0xf8651fffff 64bit pref]
[    0.268052] pci 0000:0c:00.0: enabling Extended Tags
[    0.268201] pci 0000:0c:00.0: supports D1 D2
[    0.268202] pci 0000:0c:00.0: PME# supported from D0 D1 D2 D3hot D3cold
[    0.268493] pci 0000:07:04.0: PCI bridge to [bus 0c-65]
[    0.268594] pci 0000:0d:00.0: [8086:1136] type 01 class 0x060400 PCIe Switch Downstream Port
[    0.268634] pci 0000:0d:00.0: PCI bridge to [bus 0e]
[    0.268645] pci 0000:0d:00.0:   bridge window [mem 0xdc000000-0xdc0fffff]
[    0.268660] pci 0000:0d:00.0:   bridge window [mem 0xf865100000-0xf8651fffff 64bit pref]
[    0.268678] pci 0000:0d:00.0: enabling Extended Tags
[    0.268830] pci 0000:0d:00.0: supports D1 D2
[    0.268831] pci 0000:0d:00.0: PME# supported from D0 D1 D2 D3hot D3cold
[    0.269093] pci 0000:0d:01.0: [8086:1136] type 01 class 0x060400 PCIe Switch Downstream Port
[    0.269132] pci 0000:0d:01.0: PCI bridge to [bus 0f-39]
[    0.269144] pci 0000:0d:01.0:   bridge window [mem 0xc0000000-0xd6efffff]
[    0.269158] pci 0000:0d:01.0:   bridge window [mem 0xf840000000-0xf864ffffff 64bit pref]
[    0.269178] pci 0000:0d:01.0: enabling Extended Tags
[    0.269332] pci 0000:0d:01.0: supports D1 D2
[    0.269332] pci 0000:0d:01.0: PME# supported from D0 D1 D2 D3hot D3cold
[    0.269589] pci 0000:0d:02.0: [8086:1136] type 01 class 0x060400 PCIe Switch Downstream Port
[    0.269629] pci 0000:0d:02.0: PCI bridge to [bus 3a]
[    0.269640] pci 0000:0d:02.0:   bridge window [mem 0xd8000000-0xd80fffff]
[    0.269674] pci 0000:0d:02.0: enabling Extended Tags
[    0.269815] pci 0000:0d:02.0: supports D1 D2
[    0.269815] pci 0000:0d:02.0: PME# supported from D0 D1 D2 D3hot D3cold
[    0.270066] pci 0000:0d:03.0: [8086:1136] type 01 class 0x060400 PCIe Switch Downstream Port
[    0.270105] pci 0000:0d:03.0: PCI bridge to [bus 3b-65]
[    0.270117] pci 0000:0d:03.0:   bridge window [mem 0xa8000000-0xbeffffff]
[    0.270131] pci 0000:0d:03.0:   bridge window [mem 0xf810000000-0xf834ffffff 64bit pref]
[    0.270150] pci 0000:0d:03.0: enabling Extended Tags
[    0.270303] pci 0000:0d:03.0: supports D1 D2
[    0.270304] pci 0000:0d:03.0: PME# supported from D0 D1 D2 D3hot D3cold
[    0.270570] pci 0000:0c:00.0: PCI bridge to [bus 0d-65]
[    0.270679] pci 0000:0e:00.0: [8086:1137] type 00 class 0x0c0340 PCIe Endpoint
[    0.270748] pci 0000:0e:00.0: BAR 0 [mem 0xf865100000-0xf86513ffff 64bit pref]
[    0.270753] pci 0000:0e:00.0: BAR 2 [mem 0xf865140000-0xf865140fff 64bit pref]
[    0.270770] pci 0000:0e:00.0: enabling Extended Tags
[    0.270917] pci 0000:0e:00.0: supports D1 D2
[    0.270918] pci 0000:0e:00.0: PME# supported from D0 D1 D2 D3hot D3cold
[    0.271174] pci 0000:0d:00.0: PCI bridge to [bus 0e]
[    0.271301] pci 0000:0f:00.0: [8086:0b26] type 01 class 0x060400 PCIe Switch Upstream Port
[    0.271371] pci 0000:0f:00.0: PCI bridge to [bus 10-15]
[    0.271391] pci 0000:0f:00.0:   bridge window [mem 0xc0000000-0xc01fffff]
[    0.271445] pci 0000:0f:00.0: enabling Extended Tags
[    0.271722] pci 0000:0f:00.0: supports D1 D2
[    0.271722] pci 0000:0f:00.0: PME# supported from D0 D1 D2 D3hot D3cold
[    0.272211] pci 0000:0d:01.0: PCI bridge to [bus 0f-39]
[    0.272371] pci 0000:10:00.0: [8086:0b26] type 01 class 0x060400 PCIe Switch Downstream Port
[    0.272442] pci 0000:10:00.0: PCI bridge to [bus 11]
[    0.272520] pci 0000:10:00.0: enabling Extended Tags
[    0.272799] pci 0000:10:00.0: supports D1 D2
[    0.272799] pci 0000:10:00.0: PME# supported from D0 D1 D2 D3hot D3cold
[    0.273286] pci 0000:10:01.0: [8086:0b26] type 01 class 0x060400 PCIe Switch Downstream Port
[    0.273357] pci 0000:10:01.0: PCI bridge to [bus 12]
[    0.273435] pci 0000:10:01.0: enabling Extended Tags
[    0.273725] pci 0000:10:01.0: supports D1 D2
[    0.273725] pci 0000:10:01.0: PME# supported from D0 D1 D2 D3hot D3cold
[    0.274212] pci 0000:10:02.0: [8086:0b26] type 01 class 0x060400 PCIe Switch Downstream Port
[    0.274283] pci 0000:10:02.0: PCI bridge to [bus 13]
[    0.274361] pci 0000:10:02.0: enabling Extended Tags
[    0.274649] pci 0000:10:02.0: supports D1 D2
[    0.274649] pci 0000:10:02.0: PME# supported from D0 D1 D2 D3hot D3cold
[    0.275137] pci 0000:10:03.0: [8086:0b26] type 01 class 0x060400 PCIe Switch Downstream Port
[    0.275207] pci 0000:10:03.0: PCI bridge to [bus 14]
[    0.275286] pci 0000:10:03.0: enabling Extended Tags
[    0.275573] pci 0000:10:03.0: supports D1 D2
[    0.275573] pci 0000:10:03.0: PME# supported from D0 D1 D2 D3hot D3cold
[    0.276065] pci 0000:10:04.0: [8086:0b26] type 01 class 0x060400 PCIe Switch Downstream Port
[    0.276136] pci 0000:10:04.0: PCI bridge to [bus 15]
[    0.276156] pci 0000:10:04.0:   bridge window [mem 0xc0000000-0xc01fffff]
[    0.276215] pci 0000:10:04.0: enabling Extended Tags
[    0.276499] pci 0000:10:04.0: supports D1 D2
[    0.276499] pci 0000:10:04.0: PME# supported from D0 D1 D2 D3hot D3cold
[    0.277003] pci 0000:0f:00.0: PCI bridge to [bus 10-15]
[    0.277113] pci 0000:10:00.0: PCI bridge to [bus 11]
[    0.277227] pci 0000:10:01.0: PCI bridge to [bus 12]
[    0.277342] pci 0000:10:02.0: PCI bridge to [bus 13]
[    0.277457] pci 0000:10:03.0: PCI bridge to [bus 14]
[    0.277649] pci 0000:15:00.0: [8086:5502] type 00 class 0x020000 PCIe Endpoint
[    0.277782] pci 0000:15:00.0: BAR 0 [mem 0xc0000000-0xc00fffff]
[    0.277794] pci 0000:15:00.0: BAR 3 [mem 0xc0100000-0xc0103fff]
[    0.278071] pci 0000:15:00.0: PME# supported from D0 D3hot D3cold
[    0.278523] pci 0000:10:04.0: PCI bridge to [bus 15]
[    0.278735] pci 0000:3a:00.0: [8086:1138] type 00 class 0x0c0330 PCIe Endpoint
[    0.278801] pci 0000:3a:00.0: BAR 0 [mem 0xd8000000-0xd800ffff 64bit]
[    0.278821] pci 0000:3a:00.0: enabling Extended Tags
[    0.278914] pci 0000:3a:00.0: PME# supported from D3hot D3cold
[    0.279056] pci 0000:0d:02.0: PCI bridge to [bus 3a]
[    0.279121] pci 0000:0d:03.0: PCI bridge to [bus 3b-65]
[    0.279216] pci 0000:07:08.0: PCI bridge to [bus 66]
[    0.279275] pci 0000:67:00.0: [1022:43f7] type 00 class 0x0c0330 PCIe Legacy Endpoint
[    0.279314] pci 0000:67:00.0: BAR 0 [mem 0xdcd00000-0xdcd07fff 64bit]
[    0.279325] pci 0000:67:00.0: enabling Extended Tags
[    0.279376] pci 0000:67:00.0: PME# supported from D0 D3hot D3cold
[    0.279466] pci 0000:07:0c.0: PCI bridge to [bus 67]
[    0.279530] pci 0000:68:00.0: [1022:43f6] type 00 class 0x010601 PCIe Legacy Endpoint
[    0.279570] pci 0000:68:00.0: BAR 5 [mem 0xdcc80000-0xdcc803ff]
[    0.279572] pci 0000:68:00.0: ROM [mem 0xdcc00000-0xdcc7ffff pref]
[    0.279578] pci 0000:68:00.0: enabling Extended Tags
[    0.279619] pci 0000:68:00.0: PME# supported from D0 D3hot D3cold
[    0.279691] pci 0000:07:0d.0: PCI bridge to [bus 68]
[    0.279779] pci 0000:69:00.0: [1022:43f7] type 00 class 0x0c0330 PCIe Legacy Endpoint
[    0.279802] pci 0000:69:00.0: BAR 0 [mem 0xdd100000-0xdd107fff 64bit]
[    0.279809] pci 0000:69:00.0: enabling Extended Tags
[    0.279841] pci 0000:69:00.0: PME# supported from D0 D3hot D3cold
[    0.279902] pci 0000:04:0c.0: PCI bridge to [bus 69]
[    0.279939] pci 0000:6a:00.0: [1022:43f6] type 00 class 0x010601 PCIe Legacy Endpoint
[    0.279964] pci 0000:6a:00.0: BAR 5 [mem 0xdd080000-0xdd0803ff]
[    0.279965] pci 0000:6a:00.0: ROM [mem 0xdd000000-0xdd07ffff pref]
[    0.279969] pci 0000:6a:00.0: enabling Extended Tags
[    0.279994] pci 0000:6a:00.0: PME# supported from D0 D3hot D3cold
[    0.280041] pci 0000:04:0d.0: PCI bridge to [bus 6a]
[    0.280107] pci 0000:6b:00.0: [1022:14de] type 00 class 0x130000 PCIe Legacy Endpoint
[    0.280125] pci 0000:6b:00.0: enabling Extended Tags
[    0.280190] pci 0000:6b:00.2: [1022:1649] type 00 class 0x108000 PCIe Endpoint
[    0.280224] pci 0000:6b:00.2: BAR 2 [mem 0xdf400000-0xdf4fffff]
[    0.280225] pci 0000:6b:00.2: BAR 5 [mem 0xdf508000-0xdf509fff]
[    0.280228] pci 0000:6b:00.2: enabling Extended Tags
[    0.280277] pci 0000:6b:00.3: [1022:15b6] type 00 class 0x0c0330 PCIe Endpoint
[    0.280291] pci 0000:6b:00.3: BAR 0 [mem 0xdf300000-0xdf3fffff 64bit]
[    0.280296] pci 0000:6b:00.3: enabling Extended Tags
[    0.280316] pci 0000:6b:00.3: PME# supported from D0 D3hot D3cold
[    0.280353] pci 0000:6b:00.4: [1022:15b7] type 00 class 0x0c0330 PCIe Endpoint
[    0.280367] pci 0000:6b:00.4: BAR 0 [mem 0xdf200000-0xdf2fffff 64bit]
[    0.280371] pci 0000:6b:00.4: enabling Extended Tags
[    0.280391] pci 0000:6b:00.4: PME# supported from D0 D3hot D3cold
[    0.280429] pci 0000:6b:00.6: [1022:15e3] type 00 class 0x040300 PCIe Endpoint
[    0.280442] pci 0000:6b:00.6: BAR 0 [mem 0xdf500000-0xdf507fff]
[    0.280447] pci 0000:6b:00.6: enabling Extended Tags
[    0.280466] pci 0000:6b:00.6: PME# supported from D0 D3hot D3cold
[    0.280507] pci 0000:00:08.1: PCI bridge to [bus 6b]
[    0.280529] pci 0000:6c:00.0: [1022:15b8] type 00 class 0x0c0330 PCIe Endpoint
[    0.280548] pci 0000:6c:00.0: BAR 0 [mem 0xdf600000-0xdf6fffff 64bit]
[    0.280552] pci 0000:6c:00.0: enabling Extended Tags
[    0.280577] pci 0000:6c:00.0: PME# supported from D0 D3hot D3cold
[    0.280624] pci 0000:00:08.3: PCI bridge to [bus 6c]
[    0.281007] ACPI: PCI: Interrupt link LNKA configured for IRQ 0
[    0.281026] ACPI: PCI: Interrupt link LNKB configured for IRQ 0
[    0.281041] ACPI: PCI: Interrupt link LNKC configured for IRQ 0
[    0.281061] ACPI: PCI: Interrupt link LNKD configured for IRQ 0
[    0.281078] ACPI: PCI: Interrupt link LNKE configured for IRQ 0
[    0.281093] ACPI: PCI: Interrupt link LNKF configured for IRQ 0
[    0.281107] ACPI: PCI: Interrupt link LNKG configured for IRQ 0
[    0.281121] ACPI: PCI: Interrupt link LNKH configured for IRQ 0
[    0.281627] ACPI: EC: interrupt unblocked
[    0.281628] ACPI: EC: event unblocked
[    0.281632] ACPI: EC: EC_CMD/EC_SC=0x66, EC_DATA=0x62
[    0.281632] ACPI: EC: GPE=0x4
[    0.281633] ACPI: \_SB_.PCI0.SBRG.EC0_: Boot DSDT EC initialization complete
[    0.281634] ACPI: \_SB_.PCI0.SBRG.EC0_: EC: Used to handle transactions and events
[    0.281679] iommu: Default domain type: Translated
[    0.281679] iommu: DMA domain TLB invalidation policy: lazy mode
[    0.281719] SCSI subsystem initialized
[    0.281723] libata version 3.00 loaded.
[    0.281723] ACPI: bus type USB registered
[    0.281723] usbcore: registered new interface driver usbfs
[    0.281723] usbcore: registered new interface driver hub
[    0.281723] usbcore: registered new device driver usb
[    0.282700] i2c i2c-0: Failed to register i2c client MSFT8000:00 at 0x4e (-16)
[    0.282703] fbcon: Taking over console
[    0.282770] EDAC MC: Ver: 3.0.0
[    0.283101] efivars: Registered efivars operations
[    0.283101] NetLabel: Initializing
[    0.283101] NetLabel:  domain hash size = 128
[    0.283101] NetLabel:  protocols = UNLABELED CIPSOv4 CALIPSO
[    0.283101] NetLabel:  unlabeled traffic allowed by default
[    0.283101] mctp: management component transport protocol core
[    0.283101] NET: Registered PF_MCTP protocol family
[    0.283101] PCI: Using ACPI for IRQ routing
[    0.292158] PCI: pci_cache_line_size set to 64 bytes
[    0.292160] pci 0000:00:02.1: bridge window [mem 0xa8000000-0xdd1fffff]: can't claim; address conflict with AMDIF031:00 [mem 0xdcc00000-0xdcc00fff]
[    0.292162] pci 0000:03:00.0: bridge window [mem 0xa8000000-0xdd1fffff]: can't claim; no compatible bridge window
[    0.292163] pci 0000:04:08.0: bridge window [mem 0xa8000000-0xdcefffff]: can't claim; no compatible bridge window
[    0.292163] pci 0000:06:00.0: bridge window [mem 0xa8000000-0xdcefffff]: can't claim; no compatible bridge window
[    0.292163] pci 0000:07:00.0: bridge window [mem 0xdce00000-0xdcefffff]: can't claim; no compatible bridge window
[    0.292164] pci 0000:07:01.0: bridge window [mem 0xdca00000-0xdcbfffff]: can't claim; no compatible bridge window
[    0.292164] pci 0000:07:02.0: bridge window [mem 0xdc400000-0xdc8fffff]: can't claim; no compatible bridge window
[    0.292165] pci 0000:07:04.0: bridge window [mem 0xa8000000-0xdc0fffff]: can't claim; no compatible bridge window
[    0.292165] pci 0000:0c:00.0: bridge window [mem 0xa8000000-0xdc0fffff]: can't claim; no compatible bridge window
[    0.292165] pci 0000:0d:00.0: bridge window [mem 0xdc000000-0xdc0fffff]: can't claim; no compatible bridge window
[    0.292166] pci 0000:0d:01.0: bridge window [mem 0xc0000000-0xd6efffff]: can't claim; no compatible bridge window
[    0.292166] pci 0000:0f:00.0: bridge window [mem 0xc0000000-0xc01fffff]: can't claim; no compatible bridge window
[    0.292167] pci 0000:10:04.0: bridge window [mem 0xc0000000-0xc01fffff]: can't claim; no compatible bridge window
[    0.292167] pci 0000:0d:02.0: bridge window [mem 0xd8000000-0xd80fffff]: can't claim; no compatible bridge window
[    0.292168] pci 0000:0d:03.0: bridge window [mem 0xa8000000-0xbeffffff]: can't claim; no compatible bridge window
[    0.292168] pci 0000:07:0c.0: bridge window [mem 0xdcd00000-0xdcdfffff]: can't claim; no compatible bridge window
[    0.292168] pci 0000:07:0d.0: bridge window [mem 0xdcc00000-0xdccfffff]: can't claim; no compatible bridge window
[    0.292169] pci 0000:04:0c.0: bridge window [mem 0xdd100000-0xdd1fffff]: can't claim; no compatible bridge window
[    0.292169] pci 0000:04:0d.0: bridge window [mem 0xdd000000-0xdd0fffff]: can't claim; no compatible bridge window
[    0.292320] pci 0000:09:00.0: BAR 0 [mem 0xdca00000-0xdcafffff]: can't claim; no compatible bridge window
[    0.292321] pci 0000:09:00.0: BAR 3 [mem 0xdcb00000-0xdcb03fff]: can't claim; no compatible bridge window
[    0.292323] pci 0000:0a:00.0: BAR 0 [mem 0xdc800000-0xdc87ffff 64bit]: can't claim; no compatible bridge window
[    0.292324] pci 0000:0a:00.0: BAR 2 [mem 0xdc8a0000-0xdc8a0fff 64bit]: can't claim; no compatible bridge window
[    0.292324] pci 0000:0a:00.0: BAR 4 [mem 0xdc400000-0xdc7fffff 64bit]: can't claim; no compatible bridge window
[    0.292357] pci 0000:3a:00.0: BAR 0 [mem 0xd8000000-0xd800ffff 64bit]: can't claim; no compatible bridge window
[    0.292363] pci 0000:67:00.0: BAR 0 [mem 0xdcd00000-0xdcd07fff 64bit]: can't claim; no compatible bridge window
[    0.292366] pci 0000:69:00.0: BAR 0 [mem 0xdd100000-0xdd107fff 64bit]: can't claim; no compatible bridge window
[    0.292529] pci 0000:08:00.0: BAR 2 [mem 0xdce00000-0xdce07fff 64bit]: can't claim; no compatible bridge window
[    0.292564] pci 0000:15:00.0: BAR 0 [mem 0xc0000000-0xc00fffff]: can't claim; no compatible bridge window
[    0.292564] pci 0000:15:00.0: BAR 3 [mem 0xc0100000-0xc0103fff]: can't claim; no compatible bridge window
[    0.292574] pci 0000:68:00.0: BAR 5 [mem 0xdcc80000-0xdcc803ff]: can't claim; no compatible bridge window
[    0.292577] pci 0000:6a:00.0: BAR 5 [mem 0xdd080000-0xdd0803ff]: can't claim; no compatible bridge window
[    0.292586] e820: reserve RAM buffer [mem 0x09aff000-0x0bffffff]
[    0.292586] e820: reserve RAM buffer [mem 0x0a200000-0x0bffffff]
[    0.292587] e820: reserve RAM buffer [mem 0x0b000000-0x0bffffff]
[    0.292587] e820: reserve RAM buffer [mem 0x63223000-0x63ffffff]
[    0.292587] e820: reserve RAM buffer [mem 0x671f1000-0x67ffffff]
[    0.292588] e820: reserve RAM buffer [mem 0x6ad6c000-0x6bffffff]
[    0.292588] e820: reserve RAM buffer [mem 0x79ff7000-0x7bffffff]
[    0.292588] e820: reserve RAM buffer [mem 0x7a000000-0x7bffffff]
[    0.292589] e820: reserve RAM buffer [mem 0x107dd80000-0x107fffffff]
[    0.292670] pci 0000:01:00.0: vgaarb: setting as boot VGA device
[    0.292671] pci 0000:01:00.0: vgaarb: bridge control possible
[    0.292671] pci 0000:01:00.0: vgaarb: VGA device added: decodes=io+mem,owns=none,locks=none
[    0.292674] vgaarb: loaded
[    0.292682] hpet0: at MMIO 0xfed00000, IRQs 2, 8, 0
[    0.292684] hpet0: 3 comparators, 32-bit 14.318180 MHz counter
[    0.294709] clocksource: Switched to clocksource tsc-early
[    0.294763] VFS: Disk quotas dquot_6.6.0
[    0.294768] VFS: Dquot-cache hash table entries: 512 (order 0, 4096 bytes)
[    0.294781] pnp: PnP ACPI init
[    0.294821] system 00:00: [mem 0xe0000000-0xefffffff] has been reserved
[    0.294846] system 00:01: [mem 0x1000000000000 window] could not be reserved
[    0.294923] system 00:03: [io  0x0290-0x029f] has been reserved
[    0.294924] system 00:03: [io  0x0200-0x023f] has been reserved
[    0.295083] pnp 00:04: [dma 0 disabled]
[    0.295164] system 00:05: [io  0x04d0-0x04d1] has been reserved
[    0.295165] system 00:05: [io  0x040b] has been reserved
[    0.295165] system 00:05: [io  0x04d6] has been reserved
[    0.295166] system 00:05: [io  0x0c00-0x0c01] has been reserved
[    0.295166] system 00:05: [io  0x0c14] has been reserved
[    0.295166] system 00:05: [io  0x0c50-0x0c51] has been reserved
[    0.295167] system 00:05: [io  0x0c52] has been reserved
[    0.295167] system 00:05: [io  0x0c6c] has been reserved
[    0.295168] system 00:05: [io  0x0c6f] has been reserved
[    0.295168] system 00:05: [io  0x0cd8-0x0cdf] has been reserved
[    0.295168] system 00:05: [io  0x0800-0x089f] has been reserved
[    0.295169] system 00:05: [io  0x0b00-0x0b0f] has been reserved
[    0.295169] system 00:05: [io  0x0b20-0x0b3f] has been reserved
[    0.295169] system 00:05: [io  0x0900-0x090f] has been reserved
[    0.295170] system 00:05: [io  0x0910-0x091f] has been reserved
[    0.295171] system 00:05: [mem 0xfedc0000-0xfedc0fff] has been reserved
[    0.295171] system 00:05: [mem 0xfee00000-0xfee00fff] has been reserved
[    0.295172] system 00:05: [mem 0xfec10000-0xfec10fff] has been reserved
[    0.295172] system 00:05: [mem 0xfeb00000-0xfeb00fff] has been reserved
[    0.295173] system 00:05: [mem 0xff000000-0xffffffff] has been reserved
[    0.295448] pnp: PnP ACPI: found 6 devices
[    0.300573] clocksource: acpi_pm: mask: 0xffffff max_cycles: 0xffffff, max_idle_ns: 2085701024 ns
[    0.300594] NET: Registered PF_INET protocol family
[    0.300639] IP idents hash table entries: 262144 (order: 9, 2097152 bytes, linear)
[    0.306979] tcp_listen_portaddr_hash hash table entries: 32768 (order: 7, 524288 bytes, linear)
[    0.307003] Table-perturb hash table entries: 65536 (order: 6, 262144 bytes, linear)
[    0.307098] TCP established hash table entries: 524288 (order: 10, 4194304 bytes, linear)
[    0.307279] TCP bind hash table entries: 65536 (order: 9, 2097152 bytes, linear)
[    0.307336] TCP: Hash tables configured (established 524288 bind 65536)
[    0.307408] MPTCP token hash table entries: 65536 (order: 8, 1572864 bytes, linear)
[    0.307488] UDP hash table entries: 32768 (order: 9, 2097152 bytes, linear)
[    0.307605] UDP-Lite hash table entries: 32768 (order: 9, 2097152 bytes, linear)
[    0.307692] NET: Registered PF_UNIX/PF_LOCAL protocol family
[    0.307695] NET: Registered PF_XDP protocol family
[    0.307697] pci 0000:0a:00.0: ROM [mem 0xdc880000-0xdc89ffff pref]: can't claim; no compatible bridge window
[    0.307698] pci 0000:68:00.0: ROM [mem 0xdcc00000-0xdcc7ffff pref]: can't claim; no compatible bridge window
[    0.307699] pci 0000:6a:00.0: ROM [mem 0xdd000000-0xdd07ffff pref]: can't claim; no compatible bridge window
[    0.307702] pci 0000:10:01.0: bridge window [io  0x1000-0x0fff] to [bus 12] add_size 1000
[    0.307704] pci 0000:10:01.0: bridge window [mem 0x00100000-0x000fffff 64bit pref] to [bus 12] add_size 200000 add_align 100000
[    0.307705] pci 0000:10:01.0: bridge window [mem 0x00100000-0x000fffff] to [bus 12] add_size 200000 add_align 100000
[    0.307706] pci 0000:10:02.0: bridge window [io  0x1000-0x0fff] to [bus 13] add_size 1000
[    0.307706] pci 0000:10:02.0: bridge window [mem 0x00100000-0x000fffff 64bit pref] to [bus 13] add_size 200000 add_align 100000
[    0.307707] pci 0000:10:02.0: bridge window [mem 0x00100000-0x000fffff] to [bus 13] add_size 200000 add_align 100000
[    0.307707] pci 0000:10:03.0: bridge window [io  0x1000-0x0fff] to [bus 14] add_size 1000
[    0.307707] pci 0000:10:03.0: bridge window [mem 0x00100000-0x000fffff 64bit pref] to [bus 14] add_size 200000 add_align 100000
[    0.307708] pci 0000:10:03.0: bridge window [mem 0x00100000-0x000fffff] to [bus 14] add_size 200000 add_align 100000
[    0.307709] pci 0000:0f:00.0: bridge window [io  0x1000-0x0fff] to [bus 10-15] add_size 3000
[    0.307710] pci 0000:0f:00.0: bridge window [mem 0x00100000-0x003fffff 64bit pref] to [bus 10-15] add_size 600000 add_align 100000
[    0.307711] pci 0000:0f:00.0: bridge window [mem 0x00100000-0x005fffff] to [bus 10-15] add_size 600000 add_align 100000
[    0.307712] pci 0000:0d:01.0: bridge window [io  0x1000-0x0fff] to [bus 0f-39] add_size 4000
[    0.307712] pci 0000:0d:01.0: bridge window [mem 0x00100000-0x005fffff] to [bus 0f-39] add_size 600000 add_align 100000
[    0.307713] pci 0000:0d:03.0: bridge window [io  0x1000-0x0fff] to [bus 3b-65] add_size 1000
[    0.307714] pci 0000:0d:03.0: bridge window [mem 0x00100000-0x000fffff] to [bus 3b-65] add_size 200000 add_align 100000
[    0.307714] pci 0000:0c:00.0: bridge window [io  0x1000-0x0fff] to [bus 0d-65] add_size 5000
[    0.307715] pci 0000:0c:00.0: bridge window [mem 0x00100000-0x007fffff] to [bus 0d-65] add_size 800000 add_align 100000
[    0.307716] pci 0000:07:04.0: bridge window [io  0x1000-0x0fff] to [bus 0c-65] add_size 5000
[    0.307716] pci 0000:07:04.0: bridge window [mem 0x00100000-0x007fffff] to [bus 0c-65] add_size 800000 add_align 100000
[    0.307717] pci 0000:06:00.0: bridge window [io  0x1000-0x0fff] to [bus 07-68] add_size 5000
[    0.307718] pci 0000:06:00.0: bridge window [mem 0x00100000-0x012fffff] to [bus 07-68] add_size 800000 add_align 100000
[    0.307719] pci 0000:04:08.0: bridge window [io  0x1000-0x0fff] to [bus 06-68] add_size 5000
[    0.307719] pci 0000:04:08.0: bridge window [mem 0x00100000-0x012fffff] to [bus 06-68] add_size 800000 add_align 100000
[    0.307720] pci 0000:03:00.0: bridge window [io  0x1000-0x0fff] to [bus 04-6a] add_size 5000
[    0.307721] pci 0000:03:00.0: bridge window [mem 0x00100000-0x014fffff] to [bus 04-6a] add_size 800000 add_align 100000
[    0.307722] pci 0000:00:02.1: bridge window [io  0x1000-0x0fff] to [bus 03-6a] add_size 6000
[    0.307722] pci 0000:00:02.1: bridge window [mem 0x00100000-0x014fffff] to [bus 03-6a] add_size 800000 add_align 100000
[    0.307726] pci 0000:00:02.1: bridge window [mem 0x80000000-0x81bfffff]: assigned
[    0.307727] pci 0000:00:02.1: bridge window [io  0x1000-0x6fff]: assigned
[    0.307729] pci 0000:00:01.1: PCI bridge to [bus 01]
[    0.307730] pci 0000:00:01.1:   bridge window [io  0xf000-0xffff]
[    0.307732] pci 0000:00:01.1:   bridge window [mem 0xde000000-0xdf0fffff]
[    0.307733] pci 0000:00:01.1:   bridge window [mem 0xf000000000-0xf801ffffff 64bit pref]
[    0.307742] pci 0000:00:01.2: PCI bridge to [bus 02]
[    0.307744] pci 0000:00:01.2:   bridge window [mem 0xdf700000-0xdf7fffff]
[    0.307754] pci 0000:03:00.0: bridge window [mem 0x80000000-0x81bfffff]: assigned
[    0.307754] pci 0000:03:00.0: bridge window [io  0x1000-0x5fff]: assigned
[    0.307755] pci 0000:04:08.0: bridge window [mem 0x80000000-0x819fffff]: assigned
[    0.307756] pci 0000:04:0c.0: bridge window [mem 0x81a00000-0x81afffff]: assigned
[    0.307756] pci 0000:04:0d.0: bridge window [mem 0x81b00000-0x81bfffff]: assigned
[    0.307757] pci 0000:04:08.0: bridge window [io  0x1000-0x5fff]: assigned
[    0.307758] pci 0000:04:00.0: PCI bridge to [bus 05]
[    0.307768] pci 0000:06:00.0: bridge window [mem 0x80000000-0x819fffff]: assigned
[    0.307768] pci 0000:06:00.0: bridge window [io  0x1000-0x5fff]: assigned
[    0.307770] pci 0000:07:02.0: bridge window [mem 0x80000000-0x805fffff]: assigned
[    0.307770] pci 0000:07:00.0: bridge window [mem 0x80600000-0x806fffff]: assigned
[    0.307771] pci 0000:07:01.0: bridge window [mem 0x80700000-0x808fffff]: assigned
[    0.307771] pci 0000:07:04.0: bridge window [mem 0x80900000-0x817fffff]: assigned
[    0.307771] pci 0000:07:0c.0: bridge window [mem 0x81800000-0x818fffff]: assigned
[    0.307772] pci 0000:07:0d.0: bridge window [mem 0x81900000-0x819fffff]: assigned
[    0.307772] pci 0000:07:04.0: bridge window [io  0x1000-0x5fff]: assigned
[    0.307773] pci 0000:08:00.0: BAR 2 [mem 0x80600000-0x80607fff 64bit]: assigned
[    0.307787] pci 0000:07:00.0: PCI bridge to [bus 08]
[    0.307791] pci 0000:07:00.0:   bridge window [mem 0x80600000-0x806fffff]
[    0.307793] pci 0000:07:00.0:   bridge window [mem 0xf865300000-0xf8653fffff 64bit pref]
[    0.307798] pci 0000:09:00.0: BAR 0 [mem 0x80700000-0x807fffff]: assigned
[    0.307802] pci 0000:09:00.0: BAR 3 [mem 0x80800000-0x80803fff]: assigned
[    0.307806] pci 0000:07:01.0: PCI bridge to [bus 09]
[    0.307809] pci 0000:07:01.0:   bridge window [mem 0x80700000-0x808fffff]
[    0.307816] pci 0000:0a:00.0: BAR 4 [mem 0x80000000-0x803fffff 64bit]: assigned
[    0.307825] pci 0000:0a:00.0: BAR 0 [mem 0x80400000-0x8047ffff 64bit]: assigned
[    0.307835] pci 0000:0a:00.0: ROM [mem 0x80480000-0x8049ffff pref]: assigned
[    0.307836] pci 0000:0a:00.0: BAR 2 [mem 0x804a0000-0x804a0fff 64bit]: assigned
[    0.307845] pci 0000:07:02.0: PCI bridge to [bus 0a]
[    0.307849] pci 0000:07:02.0:   bridge window [mem 0x80000000-0x805fffff]
[    0.307855] pci 0000:07:03.0: PCI bridge to [bus 0b]
[    0.307864] pci 0000:0c:00.0: bridge window [mem 0x80900000-0x817fffff]: assigned
[    0.307865] pci 0000:0c:00.0: bridge window [io  0x1000-0x5fff]: assigned
[    0.307866] pci 0000:0d:01.0: bridge window [mem 0x80900000-0x813fffff]: assigned
[    0.307866] pci 0000:0d:02.0: bridge window [mem 0x81400000-0x814fffff]: assigned
[    0.307867] pci 0000:0d:03.0: bridge window [mem 0x81500000-0x816fffff]: assigned
[    0.307867] pci 0000:0d:01.0: bridge window [io  0x1000-0x4fff]: assigned
[    0.307867] pci 0000:0d:03.0: bridge window [io  0x5000-0x5fff]: assigned
[    0.307868] pci 0000:0d:00.0: PCI bridge to [bus 0e]
[    0.307876] pci 0000:0d:00.0:   bridge window [mem 0xf865100000-0xf8651fffff 64bit pref]
[    0.307883] pci 0000:0f:00.0: bridge window [mem 0x80900000-0x813fffff]: assigned
[    0.307884] pci 0000:0f:00.0: bridge window [mem 0xf840000000-0xf8408fffff 64bit pref]: assigned
[    0.307884] pci 0000:0f:00.0: bridge window [io  0x1000-0x3fff]: assigned
[    0.307886] pci 0000:10:01.0: bridge window [mem 0x80900000-0x80afffff]: assigned
[    0.307886] pci 0000:10:01.0: bridge window [mem 0xf840000000-0xf8401fffff 64bit pref]: assigned
[    0.307887] pci 0000:10:02.0: bridge window [mem 0x80b00000-0x80cfffff]: assigned
[    0.307887] pci 0000:10:02.0: bridge window [mem 0xf840200000-0xf8403fffff 64bit pref]: assigned
[    0.307887] pci 0000:10:03.0: bridge window [mem 0x80d00000-0x80efffff]: assigned
[    0.307888] pci 0000:10:03.0: bridge window [mem 0xf840400000-0xf8405fffff 64bit pref]: assigned
[    0.307888] pci 0000:10:04.0: bridge window [mem 0x80f00000-0x810fffff]: assigned
[    0.307889] pci 0000:10:01.0: bridge window [io  0x1000-0x1fff]: assigned
[    0.307889] pci 0000:10:02.0: bridge window [io  0x2000-0x2fff]: assigned
[    0.307890] pci 0000:10:03.0: bridge window [io  0x3000-0x3fff]: assigned
[    0.307890] pci 0000:10:00.0: PCI bridge to [bus 11]
[    0.307916] pci 0000:10:01.0: PCI bridge to [bus 12]
[    0.307919] pci 0000:10:01.0:   bridge window [io  0x1000-0x1fff]
[    0.307928] pci 0000:10:01.0:   bridge window [mem 0x80900000-0x80afffff]
[    0.307934] pci 0000:10:01.0:   bridge window [mem 0xf840000000-0xf8401fffff 64bit pref]
[    0.307946] pci 0000:10:02.0: PCI bridge to [bus 13]
[    0.307949] pci 0000:10:02.0:   bridge window [io  0x2000-0x2fff]
[    0.307957] pci 0000:10:02.0:   bridge window [mem 0x80b00000-0x80cfffff]
[    0.307963] pci 0000:10:02.0:   bridge window [mem 0xf840200000-0xf8403fffff 64bit pref]
[    0.307975] pci 0000:10:03.0: PCI bridge to [bus 14]
[    0.307978] pci 0000:10:03.0:   bridge window [io  0x3000-0x3fff]
[    0.307987] pci 0000:10:03.0:   bridge window [mem 0x80d00000-0x80efffff]
[    0.307993] pci 0000:10:03.0:   bridge window [mem 0xf840400000-0xf8405fffff 64bit pref]
[    0.308005] pci 0000:15:00.0: BAR 0 [mem 0x80f00000-0x80ffffff]: assigned
[    0.308012] pci 0000:15:00.0: BAR 3 [mem 0x81000000-0x81003fff]: assigned
[    0.308020] pci 0000:10:04.0: PCI bridge to [bus 15]
[    0.308029] pci 0000:10:04.0:   bridge window [mem 0x80f00000-0x810fffff]
[    0.308046] pci 0000:0f:00.0: PCI bridge to [bus 10-15]
[    0.308049] pci 0000:0f:00.0:   bridge window [io  0x1000-0x3fff]
[    0.308058] pci 0000:0f:00.0:   bridge window [mem 0x80900000-0x813fffff]
[    0.308064] pci 0000:0f:00.0:   bridge window [mem 0xf840000000-0xf8408fffff 64bit pref]
[    0.308076] pci 0000:0d:01.0: PCI bridge to [bus 0f-39]
[    0.308078] pci 0000:0d:01.0:   bridge window [io  0x1000-0x4fff]
[    0.308083] pci 0000:0d:01.0:   bridge window [mem 0x80900000-0x813fffff]
[    0.308086] pci 0000:0d:01.0:   bridge window [mem 0xf840000000-0xf864ffffff 64bit pref]
[    0.308093] pci 0000:3a:00.0: BAR 0 [mem 0x81400000-0x8140ffff 64bit]: assigned
[    0.308106] pci 0000:0d:02.0: PCI bridge to [bus 3a]
[    0.308111] pci 0000:0d:02.0:   bridge window [mem 0x81400000-0x814fffff]
[    0.308121] pci 0000:0d:03.0: PCI bridge to [bus 3b-65]
[    0.308123] pci 0000:0d:03.0:   bridge window [io  0x5000-0x5fff]
[    0.308128] pci 0000:0d:03.0:   bridge window [mem 0x81500000-0x816fffff]
[    0.308131] pci 0000:0d:03.0:   bridge window [mem 0xf810000000-0xf834ffffff 64bit pref]
[    0.308138] pci 0000:0c:00.0: PCI bridge to [bus 0d-65]
[    0.308140] pci 0000:0c:00.0:   bridge window [io  0x1000-0x5fff]
[    0.308145] pci 0000:0c:00.0:   bridge window [mem 0x80900000-0x817fffff]
[    0.308148] pci 0000:0c:00.0:   bridge window [mem 0xf810000000-0xf8651fffff 64bit pref]
[    0.308155] pci 0000:07:04.0: PCI bridge to [bus 0c-65]
[    0.308156] pci 0000:07:04.0:   bridge window [io  0x1000-0x5fff]
[    0.308160] pci 0000:07:04.0:   bridge window [mem 0x80900000-0x817fffff]
[    0.308162] pci 0000:07:04.0:   bridge window [mem 0xf810000000-0xf8651fffff 64bit pref]
[    0.308166] pci 0000:07:08.0: PCI bridge to [bus 66]
[    0.308176] pci 0000:67:00.0: BAR 0 [mem 0x81800000-0x81807fff 64bit]: assigned
[    0.308183] pci 0000:07:0c.0: PCI bridge to [bus 67]
[    0.308186] pci 0000:07:0c.0:   bridge window [mem 0x81800000-0x818fffff]
[    0.308193] pci 0000:68:00.0: ROM [mem 0x81900000-0x8197ffff pref]: assigned
[    0.308193] pci 0000:68:00.0: BAR 5 [mem 0x81980000-0x819803ff]: assigned
[    0.308195] pci 0000:07:0d.0: PCI bridge to [bus 68]
[    0.308199] pci 0000:07:0d.0:   bridge window [mem 0x81900000-0x819fffff]
[    0.308205] pci 0000:06:00.0: PCI bridge to [bus 07-68]
[    0.308206] pci 0000:06:00.0:   bridge window [io  0x1000-0x5fff]
[    0.308210] pci 0000:06:00.0:   bridge window [mem 0x80000000-0x819fffff]
[    0.308212] pci 0000:06:00.0:   bridge window [mem 0xf810000000-0xf8653fffff 64bit pref]
[    0.308216] pci 0000:04:08.0: PCI bridge to [bus 06-68]
[    0.308217] pci 0000:04:08.0:   bridge window [io  0x1000-0x5fff]
[    0.308219] pci 0000:04:08.0:   bridge window [mem 0x80000000-0x819fffff]
[    0.308221] pci 0000:04:08.0:   bridge window [mem 0xf810000000-0xf8653fffff 64bit pref]
[    0.308224] pci 0000:69:00.0: BAR 0 [mem 0x81a00000-0x81a07fff 64bit]: assigned
[    0.308228] pci 0000:04:0c.0: PCI bridge to [bus 69]
[    0.308231] pci 0000:04:0c.0:   bridge window [mem 0x81a00000-0x81afffff]
[    0.308235] pci 0000:6a:00.0: ROM [mem 0x81b00000-0x81b7ffff pref]: assigned
[    0.308235] pci 0000:6a:00.0: BAR 5 [mem 0x81b80000-0x81b803ff]: assigned
[    0.308237] pci 0000:04:0d.0: PCI bridge to [bus 6a]
[    0.308239] pci 0000:04:0d.0:   bridge window [mem 0x81b00000-0x81bfffff]
[    0.308243] pci 0000:03:00.0: PCI bridge to [bus 04-6a]
[    0.308244] pci 0000:03:00.0:   bridge window [io  0x1000-0x5fff]
[    0.308246] pci 0000:03:00.0:   bridge window [mem 0x80000000-0x81bfffff]
[    0.308247] pci 0000:03:00.0:   bridge window [mem 0xf810000000-0xf8653fffff 64bit pref]
[    0.308250] pci 0000:00:02.1: PCI bridge to [bus 03-6a]
[    0.308251] pci 0000:00:02.1:   bridge window [io  0x1000-0x6fff]
[    0.308253] pci 0000:00:02.1:   bridge window [mem 0x80000000-0x81bfffff]
[    0.308254] pci 0000:00:02.1:   bridge window [mem 0xf810000000-0xf8653fffff 64bit pref]
[    0.308263] pci 0000:00:08.1: PCI bridge to [bus 6b]
[    0.308269] pci 0000:00:08.1:   bridge window [mem 0xdf200000-0xdf5fffff]
[    0.308271] pci 0000:00:08.3: PCI bridge to [bus 6c]
[    0.308272] pci 0000:00:08.3:   bridge window [mem 0xdf600000-0xdf6fffff]
[    0.308275] pci_bus 0000:00: resource 4 [io  0x0000-0x03af window]
[    0.308276] pci_bus 0000:00: resource 5 [io  0x03e0-0x0cf7 window]
[    0.308276] pci_bus 0000:00: resource 6 [io  0x03b0-0x03df window]
[    0.308276] pci_bus 0000:00: resource 7 [io  0x0d00-0xffff window]
[    0.308277] pci_bus 0000:00: resource 8 [mem 0x000a0000-0x000dffff window]
[    0.308277] pci_bus 0000:00: resource 9 [mem 0x80000000-0xdfffffff window]
[    0.308278] pci_bus 0000:00: resource 10 [mem 0x1080000000-0xffffffffff window]
[    0.308278] pci_bus 0000:01: resource 0 [io  0xf000-0xffff]
[    0.308279] pci_bus 0000:01: resource 1 [mem 0xde000000-0xdf0fffff]
[    0.308279] pci_bus 0000:01: resource 2 [mem 0xf000000000-0xf801ffffff 64bit pref]
[    0.308279] pci_bus 0000:02: resource 1 [mem 0xdf700000-0xdf7fffff]
[    0.308280] pci_bus 0000:03: resource 0 [io  0x1000-0x6fff]
[    0.308280] pci_bus 0000:03: resource 1 [mem 0x80000000-0x81bfffff]
[    0.308281] pci_bus 0000:03: resource 2 [mem 0xf810000000-0xf8653fffff 64bit pref]
[    0.308281] pci_bus 0000:04: resource 0 [io  0x1000-0x5fff]
[    0.308281] pci_bus 0000:04: resource 1 [mem 0x80000000-0x81bfffff]
[    0.308282] pci_bus 0000:04: resource 2 [mem 0xf810000000-0xf8653fffff 64bit pref]
[    0.308282] pci_bus 0000:06: resource 0 [io  0x1000-0x5fff]
[    0.308282] pci_bus 0000:06: resource 1 [mem 0x80000000-0x819fffff]
[    0.308283] pci_bus 0000:06: resource 2 [mem 0xf810000000-0xf8653fffff 64bit pref]
[    0.308283] pci_bus 0000:07: resource 0 [io  0x1000-0x5fff]
[    0.308284] pci_bus 0000:07: resource 1 [mem 0x80000000-0x819fffff]
[    0.308284] pci_bus 0000:07: resource 2 [mem 0xf810000000-0xf8653fffff 64bit pref]
[    0.308284] pci_bus 0000:08: resource 1 [mem 0x80600000-0x806fffff]
[    0.308285] pci_bus 0000:08: resource 2 [mem 0xf865300000-0xf8653fffff 64bit pref]
[    0.308285] pci_bus 0000:09: resource 1 [mem 0x80700000-0x808fffff]
[    0.308285] pci_bus 0000:0a: resource 1 [mem 0x80000000-0x805fffff]
[    0.308286] pci_bus 0000:0c: resource 0 [io  0x1000-0x5fff]
[    0.308286] pci_bus 0000:0c: resource 1 [mem 0x80900000-0x817fffff]
[    0.308287] pci_bus 0000:0c: resource 2 [mem 0xf810000000-0xf8651fffff 64bit pref]
[    0.308287] pci_bus 0000:0d: resource 0 [io  0x1000-0x5fff]
[    0.308287] pci_bus 0000:0d: resource 1 [mem 0x80900000-0x817fffff]
[    0.308288] pci_bus 0000:0d: resource 2 [mem 0xf810000000-0xf8651fffff 64bit pref]
[    0.308288] pci_bus 0000:0e: resource 2 [mem 0xf865100000-0xf8651fffff 64bit pref]
[    0.308288] pci_bus 0000:0f: resource 0 [io  0x1000-0x4fff]
[    0.308289] pci_bus 0000:0f: resource 1 [mem 0x80900000-0x813fffff]
[    0.308289] pci_bus 0000:0f: resource 2 [mem 0xf840000000-0xf864ffffff 64bit pref]
[    0.308290] pci_bus 0000:10: resource 0 [io  0x1000-0x3fff]
[    0.308290] pci_bus 0000:10: resource 1 [mem 0x80900000-0x813fffff]
[    0.308290] pci_bus 0000:10: resource 2 [mem 0xf840000000-0xf8408fffff 64bit pref]
[    0.308291] pci_bus 0000:12: resource 0 [io  0x1000-0x1fff]
[    0.308291] pci_bus 0000:12: resource 1 [mem 0x80900000-0x80afffff]
[    0.308291] pci_bus 0000:12: resource 2 [mem 0xf840000000-0xf8401fffff 64bit pref]
[    0.308292] pci_bus 0000:13: resource 0 [io  0x2000-0x2fff]
[    0.308292] pci_bus 0000:13: resource 1 [mem 0x80b00000-0x80cfffff]
[    0.308293] pci_bus 0000:13: resource 2 [mem 0xf840200000-0xf8403fffff 64bit pref]
[    0.308293] pci_bus 0000:14: resource 0 [io  0x3000-0x3fff]
[    0.308294] pci_bus 0000:14: resource 1 [mem 0x80d00000-0x80efffff]
[    0.308294] pci_bus 0000:14: resource 2 [mem 0xf840400000-0xf8405fffff 64bit pref]
[    0.308294] pci_bus 0000:15: resource 1 [mem 0x80f00000-0x810fffff]
[    0.308295] pci_bus 0000:3a: resource 1 [mem 0x81400000-0x814fffff]
[    0.308295] pci_bus 0000:3b: resource 0 [io  0x5000-0x5fff]
[    0.308295] pci_bus 0000:3b: resource 1 [mem 0x81500000-0x816fffff]
[    0.308296] pci_bus 0000:3b: resource 2 [mem 0xf810000000-0xf834ffffff 64bit pref]
[    0.308296] pci_bus 0000:67: resource 1 [mem 0x81800000-0x818fffff]
[    0.308297] pci_bus 0000:68: resource 1 [mem 0x81900000-0x819fffff]
[    0.308297] pci_bus 0000:69: resource 1 [mem 0x81a00000-0x81afffff]
[    0.308297] pci_bus 0000:6a: resource 1 [mem 0x81b00000-0x81bfffff]
[    0.308298] pci_bus 0000:6b: resource 1 [mem 0xdf200000-0xdf5fffff]
[    0.308298] pci_bus 0000:6c: resource 1 [mem 0xdf600000-0xdf6fffff]
[    0.308360] pci 0000:01:00.1: extending delay after power-on from D3hot to 20 msec
[    0.308371] pci 0000:01:00.1: D0 power state depends on 0000:01:00.0
[    0.308559] pci 0000:0c:00.0: CLS mismatch (64 != 128), using 64 bytes
[    0.308881] pci 0000:00:00.2: AMD-Vi: IOMMU performance counters supported
[    0.308900] Trying to unpack rootfs image as initramfs...
[    0.308908] pci 0000:00:00.0: Adding to iommu group 0
[    0.308919] pci 0000:00:01.0: Adding to iommu group 1
[    0.308925] pci 0000:00:01.1: Adding to iommu group 2
[    0.308931] pci 0000:00:01.2: Adding to iommu group 3
[    0.308940] pci 0000:00:02.0: Adding to iommu group 4
[    0.308946] pci 0000:00:02.1: Adding to iommu group 5
[    0.308954] pci 0000:00:03.0: Adding to iommu group 6
[    0.308963] pci 0000:00:04.0: Adding to iommu group 7
[    0.308972] pci 0000:00:08.0: Adding to iommu group 8
[    0.308978] pci 0000:00:08.1: Adding to iommu group 9
[    0.308984] pci 0000:00:08.3: Adding to iommu group 10
[    0.308996] pci 0000:00:14.0: Adding to iommu group 11
[    0.309001] pci 0000:00:14.3: Adding to iommu group 11
[    0.309035] pci 0000:00:18.0: Adding to iommu group 12
[    0.309040] pci 0000:00:18.1: Adding to iommu group 12
[    0.309045] pci 0000:00:18.2: Adding to iommu group 12
[    0.309052] pci 0000:00:18.3: Adding to iommu group 12
[    0.309058] pci 0000:00:18.4: Adding to iommu group 12
[    0.309063] pci 0000:00:18.5: Adding to iommu group 12
[    0.309068] pci 0000:00:18.6: Adding to iommu group 12
[    0.309074] pci 0000:00:18.7: Adding to iommu group 12
[    0.309087] pci 0000:01:00.0: Adding to iommu group 13
[    0.309094] pci 0000:01:00.1: Adding to iommu group 13
[    0.309100] pci 0000:02:00.0: Adding to iommu group 14
[    0.309106] pci 0000:03:00.0: Adding to iommu group 15
[    0.309112] pci 0000:04:00.0: Adding to iommu group 16
[    0.309118] pci 0000:04:08.0: Adding to iommu group 17
[    0.309125] pci 0000:04:0c.0: Adding to iommu group 18
[    0.309131] pci 0000:04:0d.0: Adding to iommu group 19
[    0.309132] pci 0000:06:00.0: Adding to iommu group 17
[    0.309133] pci 0000:07:00.0: Adding to iommu group 17
[    0.309135] pci 0000:07:01.0: Adding to iommu group 17
[    0.309137] pci 0000:07:02.0: Adding to iommu group 17
[    0.309138] pci 0000:07:03.0: Adding to iommu group 17
[    0.309139] pci 0000:07:04.0: Adding to iommu group 17
[    0.309141] pci 0000:07:08.0: Adding to iommu group 17
[    0.309142] pci 0000:07:0c.0: Adding to iommu group 17
[    0.309143] pci 0000:07:0d.0: Adding to iommu group 17
[    0.309145] pci 0000:08:00.0: Adding to iommu group 17
[    0.309146] pci 0000:09:00.0: Adding to iommu group 17
[    0.309148] pci 0000:0a:00.0: Adding to iommu group 17
[    0.309149] pci 0000:0c:00.0: Adding to iommu group 17
[    0.309151] pci 0000:0d:00.0: Adding to iommu group 17
[    0.309152] pci 0000:0d:01.0: Adding to iommu group 17
[    0.309154] pci 0000:0d:02.0: Adding to iommu group 17
[    0.309155] pci 0000:0d:03.0: Adding to iommu group 17
[    0.309164] pci 0000:0e:00.0: Adding to iommu group 17
[    0.309169] pci 0000:0f:00.0: Adding to iommu group 17
[    0.309174] pci 0000:10:00.0: Adding to iommu group 17
[    0.309178] pci 0000:10:01.0: Adding to iommu group 17
[    0.309183] pci 0000:10:02.0: Adding to iommu group 17
[    0.309187] pci 0000:10:03.0: Adding to iommu group 17
[    0.309192] pci 0000:10:04.0: Adding to iommu group 17
[    0.309202] pci 0000:15:00.0: Adding to iommu group 17
[    0.309207] pci 0000:3a:00.0: Adding to iommu group 17
[    0.309208] pci 0000:67:00.0: Adding to iommu group 17
[    0.309210] pci 0000:68:00.0: Adding to iommu group 17
[    0.309211] pci 0000:69:00.0: Adding to iommu group 18
[    0.309212] pci 0000:6a:00.0: Adding to iommu group 19
[    0.309223] pci 0000:6b:00.0: Adding to iommu group 20
[    0.309229] pci 0000:6b:00.2: Adding to iommu group 21
[    0.309236] pci 0000:6b:00.3: Adding to iommu group 22
[    0.309242] pci 0000:6b:00.4: Adding to iommu group 23
[    0.309248] pci 0000:6b:00.6: Adding to iommu group 24
[    0.309254] pci 0000:6c:00.0: Adding to iommu group 25
[    0.311018] AMD-Vi: Extended features (0x246577efa2254afa, 0x0): PPR NX GT [5] IA GA PC GA_vAPIC
[    0.311021] AMD-Vi: Interrupt remapping enabled
[    0.385315] Freeing initrd memory: 219092K
[    1.249458] AMD-Vi: Virtual APIC enabled
[    1.249461] PCI-DMA: Using software bounce buffering for IO (SWIOTLB)
[    1.249463] software IO TLB: mapped [mem 0x000000005eda2000-0x0000000062da2000] (64MB)
[    1.249482] LVT offset 0 assigned for vector 0x400
[    1.249621] perf: AMD IBS detected (0x00081bff)
[    1.249624] perf/amd_iommu: Detected AMD IOMMU #0 (2 banks, 4 counters/bank).
[    1.259062] Initialise system trusted keyrings
[    1.259068] Key type blacklist registered
[    1.259090] workingset: timestamp_bits=36 max_order=24 bucket_order=0
[    1.259200] fuse: init (API version 7.43)
[    1.259235] integrity: Platform Keyring initialized
[    1.259236] integrity: Machine keyring initialized
[    1.263275] xor: automatically using best checksumming function   avx       
[    1.263275] Key type asymmetric registered
[    1.263276] Asymmetric key parser 'x509' registered
[    1.263284] Block layer SCSI generic (bsg) driver version 0.4 loaded (major 246)
[    1.263310] io scheduler mq-deadline registered
[    1.263310] io scheduler kyber registered
[    1.263315] io scheduler bfq registered
[    1.264229] ledtrig-cpu: registered to indicate activity on CPUs
[    1.264316] pcieport 0000:00:01.1: PME: Signaling with IRQ 28
[    1.264418] pcieport 0000:00:01.2: PME: Signaling with IRQ 29
[    1.264509] pcieport 0000:00:02.1: PME: Signaling with IRQ 30
[    1.264521] pcieport 0000:00:02.1: pciehp: Slot #0 AttnBtn- PwrCtrl- MRL- AttnInd- PwrInd- HotPlug+ Surprise+ Interlock- NoCompl+ IbPresDis- LLActRep+
[    1.264642] pcieport 0000:00:08.1: PME: Signaling with IRQ 31
[    1.264723] pcieport 0000:00:08.3: PME: Signaling with IRQ 32
[    1.266370] pcieport 0000:0d:01.0: pciehp: Slot #1 AttnBtn- PwrCtrl- MRL- AttnInd- PwrInd- HotPlug+ Surprise+ Interlock- NoCompl+ IbPresDis- LLActRep+
[    1.266706] pcieport 0000:0d:03.0: pciehp: Slot #3 AttnBtn- PwrCtrl- MRL- AttnInd- PwrInd- HotPlug+ Surprise+ Interlock- NoCompl+ IbPresDis- LLActRep+
[    1.267442] pcieport 0000:10:01.0: pciehp: Slot #1 AttnBtn- PwrCtrl- MRL- AttnInd- PwrInd- HotPlug+ Surprise+ Interlock- NoCompl+ IbPresDis- LLActRep+
[    1.267792] pcieport 0000:10:02.0: pciehp: Slot #2 AttnBtn- PwrCtrl- MRL- AttnInd- PwrInd- HotPlug+ Surprise+ Interlock- NoCompl+ IbPresDis- LLActRep+
[    1.268150] pcieport 0000:10:03.0: pciehp: Slot #3 AttnBtn- PwrCtrl- MRL- AttnInd- PwrInd- HotPlug+ Surprise+ Interlock- NoCompl+ IbPresDis- LLActRep+
[    1.268822] input: Power Button as /devices/LNXSYSTM:00/LNXSYBUS:00/PNP0C0C:00/input/input0
[    1.268831] ACPI: button: Power Button [PWRB]
[    1.268842] input: Power Button as /devices/LNXSYSTM:00/LNXPWRBN:00/input/input1
[    1.269342] ACPI: button: Power Button [PWRF]
[    1.269579] Monitor-Mwait will be used to enter C-1 state
[    1.271105] Estimated ratio of average max frequency by base frequency (times 1024): 1197
[    1.271220] Serial: 8250/16550 driver, 32 ports, IRQ sharing enabled
[    1.271501] 00:04: ttyS0 at I/O 0x3f8 (irq = 4, base_baud = 115200) is a 16550A
[    1.272457] Non-volatile memory driver v1.3
[    1.272458] Linux agpgart interface v0.103
[    1.337177] tpm_crb MSFT0101:00: Disabling hwrng
[    1.337304] ACPI: bus type drm_connector registered
[    1.338509] ahci 0000:68:00.0: version 3.0
[    1.338514] ahci 0000:68:00.0: enabling device (0000 -> 0002)
[    1.338594] ahci 0000:68:00.0: SSS flag set, parallel bus scan disabled
[    1.338630] ahci 0000:68:00.0: AHCI vers 0001.0301, 32 command slots, 6 Gbps, SATA mode
[    1.338631] ahci 0000:68:00.0: 4/6 ports implemented (port mask 0xf)
[    1.338631] ahci 0000:68:00.0: flags: 64bit ncq sntf stag pm led clo only pmp pio slum part sxs deso sadm sds apst 
[    1.338801] scsi host0: ahci
[    1.338849] scsi host1: ahci
[    1.338887] scsi host2: ahci
[    1.338922] scsi host3: ahci
[    1.338956] scsi host4: ahci
[    1.338991] scsi host5: ahci
[    1.339005] ata1: SATA max UDMA/133 abar m1024@0x81980000 port 0x81980100 irq 49 lpm-pol 3
[    1.339006] ata2: SATA max UDMA/133 abar m1024@0x81980000 port 0x81980180 irq 49 lpm-pol 3
[    1.339007] ata3: SATA max UDMA/133 abar m1024@0x81980000 port 0x81980200 irq 49 lpm-pol 3
[    1.339009] ata4: SATA max UDMA/133 abar m1024@0x81980000 port 0x81980280 irq 49 lpm-pol 3
[    1.339010] ata5: DUMMY
[    1.339010] ata6: DUMMY
[    1.339019] ahci 0000:6a:00.0: enabling device (0000 -> 0002)
[    1.339074] ahci 0000:6a:00.0: SSS flag set, parallel bus scan disabled
[    1.339096] ahci 0000:6a:00.0: AHCI vers 0001.0301, 32 command slots, 6 Gbps, SATA mode
[    1.339097] ahci 0000:6a:00.0: 4/6 ports implemented (port mask 0xf)
[    1.339097] ahci 0000:6a:00.0: flags: 64bit ncq sntf stag pm led clo only pmp pio slum part sxs deso sadm sds apst 
[    1.339238] scsi host6: ahci
[    1.339272] scsi host7: ahci
[    1.339308] scsi host8: ahci
[    1.339346] scsi host9: ahci
[    1.339379] scsi host10: ahci
[    1.339415] scsi host11: ahci
[    1.339424] ata7: SATA max UDMA/133 abar m1024@0x81b80000 port 0x81b80100 irq 50 lpm-pol 3
[    1.339430] ata8: SATA max UDMA/133 abar m1024@0x81b80000 port 0x81b80180 irq 50 lpm-pol 3
[    1.339431] ata9: SATA max UDMA/133 abar m1024@0x81b80000 port 0x81b80200 irq 50 lpm-pol 3
[    1.339432] ata10: SATA max UDMA/133 abar m1024@0x81b80000 port 0x81b80280 irq 50 lpm-pol 3
[    1.339432] ata11: DUMMY
[    1.339433] ata12: DUMMY
[    1.339488] xhci_hcd 0000:3a:00.0: xHCI Host Controller
[    1.339491] xhci_hcd 0000:3a:00.0: new USB bus registered, assigned bus number 1
[    1.340628] xhci_hcd 0000:3a:00.0: hcc params 0x20007fc1 hci version 0x110 quirks 0x0000000200009810
[    1.340981] xhci_hcd 0000:3a:00.0: xHCI Host Controller
[    1.340983] xhci_hcd 0000:3a:00.0: new USB bus registered, assigned bus number 2
[    1.340983] xhci_hcd 0000:3a:00.0: Host supports USB 3.1 Enhanced SuperSpeed
[    1.341010] usb usb1: New USB device found, idVendor=1d6b, idProduct=0002, bcdDevice= 6.15
[    1.341011] usb usb1: New USB device strings: Mfr=3, Product=2, SerialNumber=1
[    1.341011] usb usb1: Product: xHCI Host Controller
[    1.341012] usb usb1: Manufacturer: Linux 6.15.9-arch1-1 xhci-hcd
[    1.341012] usb usb1: SerialNumber: 0000:3a:00.0
[    1.341050] hub 1-0:1.0: USB hub found
[    1.341061] hub 1-0:1.0: 2 ports detected
[    1.341127] usb usb2: New USB device found, idVendor=1d6b, idProduct=0003, bcdDevice= 6.15
[    1.341128] usb usb2: New USB device strings: Mfr=3, Product=2, SerialNumber=1
[    1.341128] usb usb2: Product: xHCI Host Controller
[    1.341129] usb usb2: Manufacturer: Linux 6.15.9-arch1-1 xhci-hcd
[    1.341129] usb usb2: SerialNumber: 0000:3a:00.0
[    1.341153] hub 2-0:1.0: USB hub found
[    1.341163] hub 2-0:1.0: 2 ports detected
[    1.341337] xhci_hcd 0000:67:00.0: xHCI Host Controller
[    1.341339] xhci_hcd 0000:67:00.0: new USB bus registered, assigned bus number 3
[    1.397316] xhci_hcd 0000:67:00.0: hcc params 0x0200ef81 hci version 0x110 quirks 0x0000000200000010
[    1.397549] xhci_hcd 0000:67:00.0: xHCI Host Controller
[    1.397550] xhci_hcd 0000:67:00.0: new USB bus registered, assigned bus number 4
[    1.397551] xhci_hcd 0000:67:00.0: Host supports USB 3.2 Enhanced SuperSpeed
[    1.398276] usb usb3: New USB device found, idVendor=1d6b, idProduct=0002, bcdDevice= 6.15
[    1.398277] usb usb3: New USB device strings: Mfr=3, Product=2, SerialNumber=1
[    1.398277] usb usb3: Product: xHCI Host Controller
[    1.398278] usb usb3: Manufacturer: Linux 6.15.9-arch1-1 xhci-hcd
[    1.398278] usb usb3: SerialNumber: 0000:67:00.0
[    1.398328] hub 3-0:1.0: USB hub found
[    1.398342] hub 3-0:1.0: 12 ports detected
[    1.399166] usb usb4: We don't know the algorithms for LPM for this host, disabling LPM.
[    1.399171] usb usb4: New USB device found, idVendor=1d6b, idProduct=0003, bcdDevice= 6.15
[    1.399172] usb usb4: New USB device strings: Mfr=3, Product=2, SerialNumber=1
[    1.399172] usb usb4: Product: xHCI Host Controller
[    1.399173] usb usb4: Manufacturer: Linux 6.15.9-arch1-1 xhci-hcd
[    1.399173] usb usb4: SerialNumber: 0000:67:00.0
[    1.399198] hub 4-0:1.0: USB hub found
[    1.399208] hub 4-0:1.0: 5 ports detected
[    1.399601] xhci_hcd 0000:69:00.0: xHCI Host Controller
[    1.399602] xhci_hcd 0000:69:00.0: new USB bus registered, assigned bus number 5
[    1.455627] xhci_hcd 0000:69:00.0: hcc params 0x0200ef81 hci version 0x110 quirks 0x0000000200000010
[    1.455799] xhci_hcd 0000:69:00.0: xHCI Host Controller
[    1.455799] xhci_hcd 0000:69:00.0: new USB bus registered, assigned bus number 6
[    1.455800] xhci_hcd 0000:69:00.0: Host supports USB 3.2 Enhanced SuperSpeed
[    1.456602] usb usb5: New USB device found, idVendor=1d6b, idProduct=0002, bcdDevice= 6.15
[    1.456603] usb usb5: New USB device strings: Mfr=3, Product=2, SerialNumber=1
[    1.456604] usb usb5: Product: xHCI Host Controller
[    1.456604] usb usb5: Manufacturer: Linux 6.15.9-arch1-1 xhci-hcd
[    1.456604] usb usb5: SerialNumber: 0000:69:00.0
[    1.456655] hub 5-0:1.0: USB hub found
[    1.456663] hub 5-0:1.0: 12 ports detected
[    1.457471] usb usb6: We don't know the algorithms for LPM for this host, disabling LPM.
[    1.457476] usb usb6: New USB device found, idVendor=1d6b, idProduct=0003, bcdDevice= 6.15
[    1.457477] usb usb6: New USB device strings: Mfr=3, Product=2, SerialNumber=1
[    1.457477] usb usb6: Product: xHCI Host Controller
[    1.457478] usb usb6: Manufacturer: Linux 6.15.9-arch1-1 xhci-hcd
[    1.457478] usb usb6: SerialNumber: 0000:69:00.0
[    1.457513] hub 6-0:1.0: USB hub found
[    1.457521] hub 6-0:1.0: 5 ports detected
[    1.457885] xhci_hcd 0000:6b:00.3: xHCI Host Controller
[    1.457886] xhci_hcd 0000:6b:00.3: new USB bus registered, assigned bus number 7
[    1.458233] xhci_hcd 0000:6b:00.3: hcc params 0x0120ffc5 hci version 0x120 quirks 0x0000000200000010
[    1.458394] xhci_hcd 0000:6b:00.3: xHCI Host Controller
[    1.458395] xhci_hcd 0000:6b:00.3: new USB bus registered, assigned bus number 8
[    1.458395] xhci_hcd 0000:6b:00.3: Host supports USB 3.1 Enhanced SuperSpeed
[    1.458404] usb usb7: New USB device found, idVendor=1d6b, idProduct=0002, bcdDevice= 6.15
[    1.458404] usb usb7: New USB device strings: Mfr=3, Product=2, SerialNumber=1
[    1.458405] usb usb7: Product: xHCI Host Controller
[    1.458406] usb usb7: Manufacturer: Linux 6.15.9-arch1-1 xhci-hcd
[    1.458406] usb usb7: SerialNumber: 0000:6b:00.3
[    1.458445] hub 7-0:1.0: USB hub found
[    1.458451] hub 7-0:1.0: 2 ports detected
[    1.458584] usb usb8: We don't know the algorithms for LPM for this host, disabling LPM.
[    1.458589] usb usb8: New USB device found, idVendor=1d6b, idProduct=0003, bcdDevice= 6.15
[    1.458589] usb usb8: New USB device strings: Mfr=3, Product=2, SerialNumber=1
[    1.458590] usb usb8: Product: xHCI Host Controller
[    1.458590] usb usb8: Manufacturer: Linux 6.15.9-arch1-1 xhci-hcd
[    1.458590] usb usb8: SerialNumber: 0000:6b:00.3
[    1.458625] hub 8-0:1.0: USB hub found
[    1.458631] hub 8-0:1.0: 2 ports detected
[    1.458785] xhci_hcd 0000:6b:00.4: xHCI Host Controller
[    1.458787] xhci_hcd 0000:6b:00.4: new USB bus registered, assigned bus number 9
[    1.459122] xhci_hcd 0000:6b:00.4: hcc params 0x0120ffc5 hci version 0x120 quirks 0x0000000200000010
[    1.459282] xhci_hcd 0000:6b:00.4: xHCI Host Controller
[    1.459283] xhci_hcd 0000:6b:00.4: new USB bus registered, assigned bus number 10
[    1.459284] xhci_hcd 0000:6b:00.4: Host supports USB 3.1 Enhanced SuperSpeed
[    1.459292] usb usb9: New USB device found, idVendor=1d6b, idProduct=0002, bcdDevice= 6.15
[    1.459293] usb usb9: New USB device strings: Mfr=3, Product=2, SerialNumber=1
[    1.459293] usb usb9: Product: xHCI Host Controller
[    1.459294] usb usb9: Manufacturer: Linux 6.15.9-arch1-1 xhci-hcd
[    1.459294] usb usb9: SerialNumber: 0000:6b:00.4
[    1.459326] hub 9-0:1.0: USB hub found
[    1.459333] hub 9-0:1.0: 2 ports detected
[    1.459480] usb usb10: We don't know the algorithms for LPM for this host, disabling LPM.
[    1.459485] usb usb10: New USB device found, idVendor=1d6b, idProduct=0003, bcdDevice= 6.15
[    1.459486] usb usb10: New USB device strings: Mfr=3, Product=2, SerialNumber=1
[    1.459486] usb usb10: Product: xHCI Host Controller
[    1.459486] usb usb10: Manufacturer: Linux 6.15.9-arch1-1 xhci-hcd
[    1.459487] usb usb10: SerialNumber: 0000:6b:00.4
[    1.459511] hub 10-0:1.0: USB hub found
[    1.459517] hub 10-0:1.0: 2 ports detected
[    1.459665] xhci_hcd 0000:6c:00.0: xHCI Host Controller
[    1.459666] xhci_hcd 0000:6c:00.0: new USB bus registered, assigned bus number 11
[    1.460929] xhci_hcd 0000:6c:00.0: USB3 root hub has no ports
[    1.460931] xhci_hcd 0000:6c:00.0: hcc params 0x0110ffc5 hci version 0x120 quirks 0x0000000200000010
[    1.461112] xhci_hcd 0000:6c:00.0: xHCI Host Controller
[    1.461113] xhci_hcd 0000:6c:00.0: new USB bus registered, assigned bus number 12
[    1.461113] xhci_hcd 0000:6c:00.0: Host supports USB 3.0 SuperSpeed
[    1.461125] usb usb11: New USB device found, idVendor=1d6b, idProduct=0002, bcdDevice= 6.15
[    1.461126] usb usb11: New USB device strings: Mfr=3, Product=2, SerialNumber=1
[    1.461126] usb usb11: Product: xHCI Host Controller
[    1.461127] usb usb11: Manufacturer: Linux 6.15.9-arch1-1 xhci-hcd
[    1.461127] usb usb11: SerialNumber: 0000:6c:00.0
[    1.461152] hub 11-0:1.0: USB hub found
[    1.461154] hub 11-0:1.0: 1 port detected
[    1.461227] usb usb12: We don't know the algorithms for LPM for this host, disabling LPM.
[    1.461232] usb usb12: New USB device found, idVendor=1d6b, idProduct=0003, bcdDevice= 6.15
[    1.461233] usb usb12: New USB device strings: Mfr=3, Product=2, SerialNumber=1
[    1.461233] usb usb12: Product: xHCI Host Controller
[    1.461234] usb usb12: Manufacturer: Linux 6.15.9-arch1-1 xhci-hcd
[    1.461234] usb usb12: SerialNumber: 0000:6c:00.0
[    1.461285] hub 12-0:1.0: USB hub found
[    1.461292] hub 12-0:1.0: config failed, hub doesn't have any ports! (err -19)
[    1.461349] usbcore: registered new interface driver usbserial_generic
[    1.461353] usbserial: USB Serial support registered for generic
[    1.461373] i8042: PNP: No PS/2 controller found.
[    1.461426] rtc_cmos 00:02: RTC can wake from S4
[    1.461593] rtc_cmos 00:02: registered as rtc0
[    1.461621] rtc_cmos 00:02: setting system clock to 2025-08-05T02:11:46 UTC (1754359906)
[    1.461636] rtc_cmos 00:02: alarms up to one month, y3k, 114 bytes nvram
[    1.463140] simple-framebuffer simple-framebuffer.0: [drm] Registered 1 planes with drm panic
[    1.463141] [drm] Initialized simpledrm 1.0.0 for simple-framebuffer.0 on minor 0
[    1.463642] Console: switching to colour frame buffer device 128x48
[    1.464115] simple-framebuffer simple-framebuffer.0: [drm] fb0: simpledrmdrmfb frame buffer device
[    1.464155] hid: raw HID events driver (C) Jiri Kosina
[    1.464171] usbcore: registered new interface driver usbhid
[    1.464172] usbhid: USB HID core driver
[    1.464223] drop_monitor: Initializing network drop monitor service
[    1.464297] NET: Registered PF_INET6 protocol family
[    1.467138] Segment Routing with IPv6
[    1.467139] RPL Segment Routing with IPv6
[    1.467145] In-situ OAM (IOAM) with IPv6
[    1.467160] NET: Registered PF_PACKET protocol family
[    1.468410] microcode: Current revision: 0x0b404032
[    1.468908] resctrl: L3 allocation detected
[    1.468909] resctrl: MB allocation detected
[    1.468910] resctrl: SMBA allocation detected
[    1.468910] resctrl: L3 monitoring detected
[    1.468926] IPI shorthand broadcast: enabled
[    1.469715] sched_clock: Marking stable (1469010485, 293248)->(1476813735, -7510002)
[    1.469838] registered taskstats version 1
[    1.470291] Loading compiled-in X.509 certificates
[    1.472951] Loaded X.509 cert 'Build time autogenerated kernel key: fe6b385b4e4616e889bee7ce4d741f05caf1b4d2'
[    1.473804] Demotion targets for Node 0: null
[    1.473889] Key type .fscrypt registered
[    1.473890] Key type fscrypt-provisioning registered
[    1.474118] Btrfs loaded, zoned=yes, fsverity=yes
[    1.474136] Key type big_key registered
[    1.474189] integrity: Loading X.509 certificate: UEFI:db
[    1.475263] integrity: Loaded X.509 cert 'ASUSTeK MotherBoard SW Key Certificate: da83b990422ebc8c441f8d8b039a65a2'
[    1.475264] integrity: Loading X.509 certificate: UEFI:db
[    1.475333] integrity: Loaded X.509 cert 'ASUSTeK Notebook SW Key Certificate: b8e581e4df77a5bb4282d5ccfc00c071'
[    1.475333] integrity: Loading X.509 certificate: UEFI:db
[    1.475341] integrity: Loaded X.509 cert 'Microsoft Corporation UEFI CA 2011: 13adbf4309bd82709c8cd54f316ed522988a1bd4'
[    1.475342] integrity: Loading X.509 certificate: UEFI:db
[    1.475348] integrity: Loaded X.509 cert 'Microsoft Windows Production PCA 2011: a92902398e16c49778cd90f99e4f9ae17c55af53'
[    1.475349] integrity: Loading X.509 certificate: UEFI:db
[    1.475354] integrity: Loaded X.509 cert 'Microsoft UEFI CA 2023: 81aa6b3244c935bce0d6628af39827421e32497d'
[    1.475355] integrity: Loading X.509 certificate: UEFI:db
[    1.475360] integrity: Loaded X.509 cert 'Microsoft Corporation: Windows UEFI CA 2023: aefc5fbbbe055d8f8daa585473499417ab5a5272'
[    1.475785] PM:   Magic number: 5:213:156
[    1.475868] acpi device:23: hash matches
[    1.475872] acpi PNP0A08:00: hash matches
[    1.476351] RAS: Correctable Errors collector initialized.
[    1.478222] clk: Disabling unused clocks
[    1.478224] PM: genpd: Disabling unused power domains
[    1.647169] ata1: SATA link down (SStatus 0 SControl 300)
[    1.647169] ata7: SATA link down (SStatus 0 SControl 300)
[    1.700665] usb 3-6: new high-speed USB device number 2 using xhci_hcd
[    1.776385] usb 6-5: new SuperSpeed USB device number 2 using xhci_hcd
[    1.791377] usb 2-1: new SuperSpeed Plus Gen 2x1 USB device number 2 using xhci_hcd
[    1.795305] usb 6-5: New USB device found, idVendor=154b, idProduct=1006, bcdDevice= 1.10
[    1.795311] usb 6-5: New USB device strings: Mfr=1, Product=2, SerialNumber=3
[    1.795312] usb 6-5: Product: USB 3.2.1 FD
[    1.795313] usb 6-5: Manufacturer: PNY
[    1.795314] usb 6-5: SerialNumber: REDACTED
[    1.802842] usb 2-1: New USB device found, idVendor=8087, idProduct=0b40, bcdDevice=12.34
[    1.802847] usb 2-1: New USB device strings: Mfr=1, Product=2, SerialNumber=0
[    1.802849] usb 2-1: Product: USB3.0 Hub
[    1.802851] usb 2-1: Manufacturer: Intel Corporation.
[    1.803803] hub 2-1:1.0: USB hub found
[    1.803830] hub 2-1:1.0: 4 ports detected
[    1.917986] usb 3-6: New USB device found, idVendor=0489, idProduct=e0e2, bcdDevice= 1.00
[    1.917992] usb 3-6: New USB device strings: Mfr=5, Product=6, SerialNumber=7
[    1.917993] usb 3-6: Product: Wireless_Device
[    1.917994] usb 3-6: Manufacturer: MediaTek Inc.
[    1.917994] usb 3-6: SerialNumber: 000000000
[    1.957965] ata2: SATA link down (SStatus 0 SControl 300)
[    2.125689] usb 3-7: new full-speed USB device number 3 using xhci_hcd
[    2.255709] tsc: Refined TSC clocksource calibration: 4300.016 MHz
[    2.255719] clocksource: tsc: mask: 0xffffffffffffffff max_cycles: 0x3dfb71edf14, max_idle_ns: 440795211275 ns
[    2.255766] clocksource: Switched to clocksource tsc
[    2.261069] ata3: SATA link down (SStatus 0 SControl 300)
[    2.326320] usb 2-1.4: new SuperSpeed Plus Gen 2x1 USB device number 3 using xhci_hcd
[    2.343462] usb 2-1.4: New USB device found, idVendor=2188, idProduct=5500, bcdDevice= 1.02
[    2.343468] usb 2-1.4: New USB device strings: Mfr=1, Product=2, SerialNumber=0
[    2.343469] usb 2-1.4: Product: TS4 USB3.2 Gen2 HUB
[    2.343470] usb 2-1.4: Manufacturer: CalDigit, Inc
[    2.344878] hub 2-1.4:1.0: USB hub found
[    2.345224] hub 2-1.4:1.0: 4 ports detected
[    2.485051] usb 3-7: config 1 has an invalid interface number: 2 but max is 1
[    2.485056] usb 3-7: config 1 has no interface number 1
[    2.496740] usb 3-7: New USB device found, idVendor=0b05, idProduct=19af, bcdDevice= 1.00
[    2.496745] usb 3-7: New USB device strings: Mfr=1, Product=2, SerialNumber=3
[    2.496746] usb 3-7: Product: AURA LED Controller
[    2.496747] usb 3-7: Manufacturer: AsusTek Computer Inc.
[    2.496748] usb 3-7: SerialNumber: REDACTED
[    2.512708] hid-generic 0003:0B05:19AF.0001: hiddev96,hidraw0: USB HID v1.11 Device [AsusTek Computer Inc. AURA LED Controller] on usb-0000:67:00.0-7/input2
[    2.568169] ata4: SATA link down (SStatus 0 SControl 300)
[    2.685715] usb 3-8: new high-speed USB device number 4 using xhci_hcd
[    2.871958] usb 2-1.4.1: new SuperSpeed Plus Gen 2x1 USB device number 4 using xhci_hcd
[    2.881321] ata8: SATA link down (SStatus 0 SControl 300)
[    2.887848] usb 2-1.4.1: New USB device found, idVendor=2188, idProduct=5501, bcdDevice= 1.02
[    2.887853] usb 2-1.4.1: New USB device strings: Mfr=1, Product=2, SerialNumber=0
[    2.887855] usb 2-1.4.1: Product: TS4 USB3.2 Gen2 HUB
[    2.887855] usb 2-1.4.1: Manufacturer: CalDigit, Inc
[    2.888816] hub 2-1.4.1:1.0: USB hub found
[    2.889160] hub 2-1.4.1:1.0: 4 ports detected
[    2.895954] usb 3-8: New USB device found, idVendor=2188, idProduct=5802, bcdDevice= 1.01
[    2.895960] usb 3-8: New USB device strings: Mfr=1, Product=2, SerialNumber=0
[    2.895962] usb 3-8: Product: TS4 USB2.0 Hub
[    2.895964] usb 3-8: Manufacturer: CalDigit, Inc.
[    2.904039] hub 3-8:1.0: USB hub found
[    2.906941] hub 3-8:1.0: 5 ports detected
[    2.954964] usb 2-1.4.2: new SuperSpeed Plus Gen 2x1 USB device number 5 using xhci_hcd
[    2.971487] usb 2-1.4.2: New USB device found, idVendor=2188, idProduct=5502, bcdDevice= 1.02
[    2.971493] usb 2-1.4.2: New USB device strings: Mfr=1, Product=2, SerialNumber=0
[    2.971494] usb 2-1.4.2: Product: TS4 USB3.2 Gen2 HUB
[    2.971495] usb 2-1.4.2: Manufacturer: CalDigit, Inc
[    2.972561] hub 2-1.4.2:1.0: USB hub found
