[    0.000000] Linux version 6.15.9-arch1-1 (linux@archlinux) (gcc (GCC) 15.1.1 20250729, GNU ld (GNU Binutils) 2.45.0) #1 SMP PREEMPT_DYNAMIC Sat, 02 Aug 2025 01:20:06 +0000
[    0.000000] Command line: initrd=\initramfs-linux.img root=PARTUUID=f5c1a274-c240-4cf3-abc4-e7199951ebf7 zswap.enabled=0 rootflags=subvol=@ rw rootfstype=btrfs
[    0.000000] x86/split lock detection: #DB: warning on user-space bus_locks
[    0.000000] BIOS-provided physical RAM map:
[    0.000000] BIOS-e820: [mem 0x0000000000000000-0x000000000009ffff] usable
[    0.000000] BIOS-e820: [mem 0x00000000000a0000-0x00000000000fffff] reserved
[    0.000000] BIOS-e820: [mem 0x0000000000100000-0x0000000009afefff] usable
[    0.000000] BIOS-e820: [mem 0x0000000009aff000-0x0000000009ffffff] reserved
[    0.000000] BIOS-e820: [mem 0x000000000a000000-0x000000000a1fffff] usable
[    0.000000] BIOS-e820: [mem 0x000000000a200000-0x000000000a21dfff] ACPI NVS
[    0.000000] BIOS-e820: [mem 0x000000000a21e000-0x000000000affffff] usable
[    0.000000] BIOS-e820: [mem 0x000000000b000000-0x000000000b020fff] reserved
[    0.000000] BIOS-e820: [mem 0x000000000b021000-0x000000006ad6bfff] usable
[    0.000000] BIOS-e820: [mem 0x000000006ad6c000-0x00000000715bafff] reserved
[    0.000000] BIOS-e820: [mem 0x00000000715bb000-0x00000000716bafff] ACPI data
[    0.000000] BIOS-e820: [mem 0x00000000716bb000-0x00000000736bafff] ACPI NVS
[    0.000000] BIOS-e820: [mem 0x00000000736bb000-0x00000000785fefff] reserved
[    0.000000] BIOS-e820: [mem 0x00000000785ff000-0x0000000079ff6fff] usable
[    0.000000] BIOS-e820: [mem 0x0000000079ff7000-0x0000000079ffbfff] reserved
[    0.000000] BIOS-e820: [mem 0x0000000079ffc000-0x0000000079ffffff] usable
[    0.000000] BIOS-e820: [mem 0x000000007a000000-0x000000007bffffff] reserved
[    0.000000] BIOS-e820: [mem 0x000000007d7f3000-0x000000007fffffff] reserved
[    0.000000] BIOS-e820: [mem 0x00000000e0000000-0x00000000efffffff] reserved
[    0.000000] BIOS-e820: [mem 0x00000000f7000000-0x00000000ffffffff] reserved
[    0.000000] BIOS-e820: [mem 0x0000000100000000-0x000000107dd7ffff] usable
[    0.000000] BIOS-e820: [mem 0x000000107edc0000-0x00000010a01fffff] reserved
[    0.000000] BIOS-e820: [mem 0x000000fd00000000-0x000000ffffffffff] reserved
[    0.000000] NX (Execute Disable) protection: active
[    0.000000] APIC: Static calls initialized
[    0.000000] efi: EFI v2.9 by American Megatrends
[    0.000000] efi: ACPI=0x716ba000 ACPI 2.0=0x716ba014 TPMFinalLog=0x73671000 SMBIOS=0x77a87000 SMBIOS 3.0=0x77a86000 MEMATTR=0x6558c018 ESRT=0x671f1118 RNG=0x7169ff18 INITRD=0x5cd6a718 TPMEventLog=0x71665018 
[    0.000000] random: crng init done
[    0.000000] efi: Remove mem57: MMIO range=[0xe0000000-0xefffffff] (256MB) from e820 map
[    0.000000] e820: remove [mem 0xe0000000-0xefffffff] reserved
[    0.000000] efi: Remove mem58: MMIO range=[0xf7000000-0xfedfffff] (126MB) from e820 map
[    0.000000] e820: remove [mem 0xf7000000-0xfedfffff] reserved
[    0.000000] efi: Not removing mem59: MMIO range=[0xfee00000-0xfee00fff] (4KB) from e820 map
[    0.000000] efi: Remove mem60: MMIO range=[0xfee01000-0xffffffff] (17MB) from e820 map
[    0.000000] e820: remove [mem 0xfee01000-0xffffffff] reserved
[    0.000000] efi: Remove mem62: MMIO range=[0x1080000000-0x10a01fffff] (514MB) from e820 map
[    0.000000] e820: remove [mem 0x1080000000-0x10a01fffff] reserved
[    0.000000] SMBIOS 3.6.0 present.
[    0.000000] DMI: ASUS System Product Name/ProArt X670E-CREATOR WIFI, BIOS 3205 07/15/2025
[    0.000000] DMI: Memory slots populated: 2/4
[    0.000000] tsc: Fast TSC calibration using PIT
[    0.000000] tsc: Detected 4299.993 MHz processor
[    0.000110] e820: update [mem 0x00000000-0x00000fff] usable ==> reserved
[    0.000111] e820: remove [mem 0x000a0000-0x000fffff] usable
[    0.000115] last_pfn = 0x107dd80 max_arch_pfn = 0x400000000
[    0.000120] MTRR map: 5 entries (3 fixed + 2 variable; max 20), built from 9 variable MTRRs
[    0.000121] x86/PAT: Configuration [0-7]: WB  WC  UC- UC  WB  WP  UC- WT  
[    0.000245] e820: update [mem 0x80000000-0xffffffff] usable ==> reserved
[    0.000250] last_pfn = 0x7a000 max_arch_pfn = 0x400000000
[    0.002994] esrt: Reserving ESRT space from 0x00000000671f1118 to 0x00000000671f1150.
[    0.002999] e820: update [mem 0x671f1000-0x671f1fff] usable ==> reserved
[    0.003007] Using GB pages for direct mapping
[    0.003120] Secure boot disabled
[    0.003120] RAMDISK: [mem 0x413b9000-0x4e8cffff]
[    0.003164] ACPI: Early table checksum verification disabled
[    0.003166] ACPI: RSDP 0x00000000716BA014 000024 (v02 ALASKA)
[    0.003168] ACPI: XSDT 0x00000000716B9728 0000E4 (v01 ALASKA A M I    01072009 AMI  01000013)
[    0.003172] ACPI: FACP 0x00000000716AE000 000114 (v06 ALASKA A M I    01072009 AMI  00010013)
[    0.003175] ACPI: DSDT 0x0000000071687000 014878 (v63 ALASKA A M I    01072009 INTL 20230331)
[    0.003176] ACPI: FACS 0x00000000736A1000 000040
[    0.003177] ACPI: SSDT 0x00000000716B0000 00816C (v02 AMD    Splinter 00000002 MSFT 05000000)
[    0.003178] ACPI: SSDT 0x00000000716AF000 0003F1 (v02 ALASKA CPUSSDT  01072009 AMI  01072009)
[    0.003179] ACPI: FIDT 0x00000000716A0000 00009C (v01 ALASKA A M I    01072009 AMI  00010013)
[    0.003180] ACPI: MCFG 0x000000007169E000 00003C (v01 ALASKA A M I    01072009 MSFT 00010013)
[    0.003181] ACPI: HPET 0x000000007169D000 000038 (v01 ALASKA A M I    01072009 AMI  00000005)
[    0.003182] ACPI: FPDT 0x000000007169C000 000044 (v01 ALASKA A M I    01072009 AMI  01000013)
[    0.003183] ACPI: BGRT 0x00000000716AD000 000038 (v01 ALASKA A M I    01072009 AMI  00010013)
[    0.003184] ACPI: SSDT 0x00000000716A3000 009BAE (v02 AMD    AMD CPU  00000001 AMD  00000001)
[    0.003185] ACPI: SSDT 0x00000000716A2000 000041 (v01 AMD    AppCompD 00000001 INTL 20230331)
[    0.003186] ACPI: SSDT 0x0000000071685000 001616 (v02 AMD    CPMTBASL 00000001 INTL 20230331)
[    0.003187] ACPI: SSDT 0x00000000716A1000 00078F (v02 AMD    CPMDFDG1 00000001 INTL 20230331)
[    0.003188] ACPI: SSDT 0x000000007167A000 00A665 (v02 AMD    CPMCMN   00000001 INTL 20230331)
[    0.003189] ACPI: SSDT 0x0000000071677000 0029D5 (v02 AMD    AOD      00000001 INTL 20230331)
[    0.003190] ACPI: TPM2 0x0000000071676000 00004C (v04 ALASKA A M I    00000001 AMI  00000000)
[    0.003191] ACPI: WSMT 0x0000000071675000 000028 (v01 ALASKA A M I    01072009 AMI  00010013)
[    0.003192] ACPI: APIC 0x0000000071674000 00015E (v06 ALASKA A M I    01072009 AMI  00010013)
[    0.003193] ACPI: IVRS 0x0000000071673000 0000C8 (v02 AMD    AmdTable 00000001 AMD  00000001)
[    0.003194] ACPI: SSDT 0x0000000071672000 000500 (v02 AMD    MEMTOOL0 00000002 INTL 20230331)
[    0.003195] ACPI: SSDT 0x0000000071671000 0009E6 (v02 AMD    CPMMSOSC 00000001 INTL 20230331)
[    0.003196] ACPI: SSDT 0x0000000071670000 00047C (v02 AMD    AMDWOV   00000001 INTL 20230331)
[    0.003197] ACPI: SSDT 0x000000007166F000 00053E (v01 AMD    CPMAPMFD 00000001 INTL 20230331)
[    0.003198] ACPI: SSDT 0x000000007166E000 00044E (v02 AMD    AmdTable 00000001 INTL 20230331)
[    0.003199] ACPI: SSDT 0x000000007166D000 000771 (v02 AMD    AmdTable 00000001 INTL 20230331)
[    0.003200] ACPI: Reserving FACP table memory at [mem 0x716ae000-0x716ae113]
[    0.003200] ACPI: Reserving DSDT table memory at [mem 0x71687000-0x7169b877]
[    0.003201] ACPI: Reserving FACS table memory at [mem 0x736a1000-0x736a103f]
[    0.003201] ACPI: Reserving SSDT table memory at [mem 0x716b0000-0x716b816b]
[    0.003201] ACPI: Reserving SSDT table memory at [mem 0x716af000-0x716af3f0]
[    0.003201] ACPI: Reserving FIDT table memory at [mem 0x716a0000-0x716a009b]
[    0.003202] ACPI: Reserving MCFG table memory at [mem 0x7169e000-0x7169e03b]
[    0.003202] ACPI: Reserving HPET table memory at [mem 0x7169d000-0x7169d037]
[    0.003202] ACPI: Reserving FPDT table memory at [mem 0x7169c000-0x7169c043]
[    0.003202] ACPI: Reserving BGRT table memory at [mem 0x716ad000-0x716ad037]
[    0.003203] ACPI: Reserving SSDT table memory at [mem 0x716a3000-0x716acbad]
[    0.003203] ACPI: Reserving SSDT table memory at [mem 0x716a2000-0x716a2040]
[    0.003203] ACPI: Reserving SSDT table memory at [mem 0x71685000-0x71686615]
[    0.003203] ACPI: Reserving SSDT table memory at [mem 0x716a1000-0x716a178e]
[    0.003204] ACPI: Reserving SSDT table memory at [mem 0x7167a000-0x71684664]
[    0.003204] ACPI: Reserving SSDT table memory at [mem 0x71677000-0x716799d4]
[    0.003204] ACPI: Reserving TPM2 table memory at [mem 0x71676000-0x7167604b]
[    0.003204] ACPI: Reserving WSMT table memory at [mem 0x71675000-0x71675027]
[    0.003204] ACPI: Reserving APIC table memory at [mem 0x71674000-0x7167415d]
[    0.003205] ACPI: Reserving IVRS table memory at [mem 0x71673000-0x716730c7]
[    0.003205] ACPI: Reserving SSDT table memory at [mem 0x71672000-0x716724ff]
[    0.003205] ACPI: Reserving SSDT table memory at [mem 0x71671000-0x716719e5]
[    0.003205] ACPI: Reserving SSDT table memory at [mem 0x71670000-0x7167047b]
[    0.003206] ACPI: Reserving SSDT table memory at [mem 0x7166f000-0x7166f53d]
[    0.003206] ACPI: Reserving SSDT table memory at [mem 0x7166e000-0x7166e44d]
[    0.003206] ACPI: Reserving SSDT table memory at [mem 0x7166d000-0x7166d770]
[    0.003246] No NUMA configuration found
[    0.003247] Faking a node at [mem 0x0000000000000000-0x000000107dd7ffff]
[    0.003251] NODE_DATA(0) allocated [mem 0x107dd55280-0x107dd7ffff]
[    0.003352] Zone ranges:
[    0.003353]   DMA      [mem 0x0000000000001000-0x0000000000ffffff]
[    0.003353]   DMA32    [mem 0x0000000001000000-0x00000000ffffffff]
[    0.003354]   Normal   [mem 0x0000000100000000-0x000000107dd7ffff]
[    0.003355]   Device   empty
[    0.003355] Movable zone start for each node
[    0.003355] Early memory node ranges
[    0.003356]   node   0: [mem 0x0000000000001000-0x000000000009ffff]
[    0.003356]   node   0: [mem 0x0000000000100000-0x0000000009afefff]
[    0.003357]   node   0: [mem 0x000000000a000000-0x000000000a1fffff]
[    0.003357]   node   0: [mem 0x000000000a21e000-0x000000000affffff]
[    0.003357]   node   0: [mem 0x000000000b021000-0x000000006ad6bfff]
[    0.003357]   node   0: [mem 0x00000000785ff000-0x0000000079ff6fff]
[    0.003358]   node   0: [mem 0x0000000079ffc000-0x0000000079ffffff]
[    0.003358]   node   0: [mem 0x0000000100000000-0x000000107dd7ffff]
[    0.003361] Initmem setup node 0 [mem 0x0000000000001000-0x000000107dd7ffff]
[    0.003364] On node 0, zone DMA: 1 pages in unavailable ranges
[    0.003370] On node 0, zone DMA: 96 pages in unavailable ranges
[    0.003420] On node 0, zone DMA32: 1281 pages in unavailable ranges
[    0.003425] On node 0, zone DMA32: 30 pages in unavailable ranges
[    0.003910] On node 0, zone DMA32: 33 pages in unavailable ranges
[    0.003974] On node 0, zone DMA32: 22675 pages in unavailable ranges
[    0.003975] On node 0, zone DMA32: 5 pages in unavailable ranges
[    0.040667] On node 0, zone Normal: 24576 pages in unavailable ranges
[    0.040694] On node 0, zone Normal: 8832 pages in unavailable ranges
[    0.042337] ACPI: PM-Timer IO Port: 0x808
[    0.042344] ACPI: LAPIC_NMI (acpi_id[0xff] high edge lint[0x1])
[    0.042354] IOAPIC[0]: apic_id 32, version 33, address 0xfec00000, GSI 0-23
[    0.042357] IOAPIC[1]: apic_id 33, version 33, address 0xfec01000, GSI 24-55
[    0.042358] ACPI: INT_SRC_OVR (bus 0 bus_irq 0 global_irq 2 dfl dfl)
[    0.042359] ACPI: INT_SRC_OVR (bus 0 bus_irq 9 global_irq 9 low level)
[    0.042361] ACPI: Using ACPI (MADT) for SMP configuration information
[    0.042362] ACPI: HPET id: 0x10228201 base: 0xfed00000
[    0.042368] e820: update [mem 0x63223000-0x63438fff] usable ==> reserved
[    0.042377] CPU topo: Max. logical packages:   1
[    0.042378] CPU topo: Max. logical dies:       2
[    0.042378] CPU topo: Max. dies per package:   2
[    0.042380] CPU topo: Max. threads per core:   2
[    0.042380] CPU topo: Num. cores per package:    16
[    0.042381] CPU topo: Num. threads per package:  32
[    0.042381] CPU topo: Allowing 32 present CPUs plus 0 hotplug CPUs
[    0.042391] PM: hibernation: Registered nosave memory: [mem 0x00000000-0x00000fff]
[    0.042392] PM: hibernation: Registered nosave memory: [mem 0x000a0000-0x000fffff]
[    0.042392] PM: hibernation: Registered nosave memory: [mem 0x09aff000-0x09ffffff]
[    0.042393] PM: hibernation: Registered nosave memory: [mem 0x0a200000-0x0a21dfff]
[    0.042393] PM: hibernation: Registered nosave memory: [mem 0x0b000000-0x0b020fff]
[    0.042394] PM: hibernation: Registered nosave memory: [mem 0x63223000-0x63438fff]
[    0.042395] PM: hibernation: Registered nosave memory: [mem 0x671f1000-0x671f1fff]
[    0.042395] PM: hibernation: Registered nosave memory: [mem 0x6ad6c000-0x785fefff]
[    0.042396] PM: hibernation: Registered nosave memory: [mem 0x79ff7000-0x79ffbfff]
[    0.042396] PM: hibernation: Registered nosave memory: [mem 0x7a000000-0xffffffff]
[    0.042397] [mem 0x80000000-0xfedfffff] available for PCI devices
[    0.042398] Booting paravirtualized kernel on bare hardware
[    0.042399] clocksource: refined-jiffies: mask: 0xffffffff max_cycles: 0xffffffff, max_idle_ns: 1910969940391419 ns
[    0.045635] setup_percpu: NR_CPUS:8192 nr_cpumask_bits:32 nr_cpu_ids:32 nr_node_ids:1
[    0.046055] percpu: Embedded 62 pages/cpu s217088 r8192 d28672 u262144
[    0.046058] pcpu-alloc: s217088 r8192 d28672 u262144 alloc=1*2097152
[    0.046059] pcpu-alloc: [0] 00 01 02 03 04 05 06 07 [0] 08 09 10 11 12 13 14 15 
[    0.046062] pcpu-alloc: [0] 16 17 18 19 20 21 22 23 [0] 24 25 26 27 28 29 30 31 
[    0.046073] Kernel command line: initrd=\initramfs-linux.img root=PARTUUID=f5c1a274-c240-4cf3-abc4-e7199951ebf7 zswap.enabled=0 rootflags=subvol=@ rw rootfstype=btrfs
[    0.046295] printk: log_buf_len individual max cpu contribution: 4096 bytes
[    0.046295] printk: log_buf_len total cpu_extra contributions: 126976 bytes
[    0.046296] printk: log_buf_len min size: 131072 bytes
[    0.046348] printk: log buffer data + meta data: 262144 + 917504 = 1179648 bytes
[    0.046348] printk: early log buf free: 117976(90%)
[    0.048854] Dentry cache hash table entries: 8388608 (order: 14, 67108864 bytes, linear)
[    0.049965] Inode-cache hash table entries: 4194304 (order: 13, 33554432 bytes, linear)
[    0.050092] software IO TLB: area num 32.
[    0.052892] Fallback order for Node 0: 0 
[    0.052894] Built 1 zonelists, mobility grouping on.  Total pages: 16686919
[    0.052895] Policy zone: Normal
[    0.052960] mem auto-init: stack:all(zero), heap alloc:on, heap free:off
[    0.102394] SLUB: HWalign=64, Order=0-3, MinObjects=0, CPUs=32, Nodes=1
[    0.109167] ftrace: allocating 55585 entries in 220 pages
[    0.109168] ftrace: allocated 220 pages with 5 groups
[    0.109218] Dynamic Preempt: full
[    0.109271] rcu: Preemptible hierarchical RCU implementation.
[    0.109271] rcu: 	RCU restricting CPUs from NR_CPUS=8192 to nr_cpu_ids=32.
[    0.109272] rcu: 	RCU priority boosting: priority 1 delay 500 ms.
[    0.109272] 	Trampoline variant of Tasks RCU enabled.
[    0.109273] 	Rude variant of Tasks RCU enabled.
[    0.109273] 	Tracing variant of Tasks RCU enabled.
[    0.109273] rcu: RCU calculated value of scheduler-enlistment delay is 100 jiffies.
[    0.109274] rcu: Adjusting geometry for rcu_fanout_leaf=16, nr_cpu_ids=32
[    0.109281] RCU Tasks: Setting shift to 5 and lim to 1 rcu_task_cb_adjust=1 rcu_task_cpu_ids=32.
[    0.109282] RCU Tasks Rude: Setting shift to 5 and lim to 1 rcu_task_cb_adjust=1 rcu_task_cpu_ids=32.
[    0.109284] RCU Tasks Trace: Setting shift to 5 and lim to 1 rcu_task_cb_adjust=1 rcu_task_cpu_ids=32.
[    0.111465] NR_IRQS: 524544, nr_irqs: 1224, preallocated irqs: 16
[    0.111642] rcu: srcu_init: Setting srcu_struct sizes based on contention.
[    0.111786] kfence: initialized - using 2097152 bytes for 255 objects at 0x(____ptrval____)-0x(____ptrval____)
[    0.111812] Console: colour dummy device 80x25
[    0.111813] printk: legacy console [tty0] enabled
[    0.111838] ACPI: Core revision 20240827
[    0.111937] clocksource: hpet: mask: 0xffffffff max_cycles: 0xffffffff, max_idle_ns: 133484873504 ns
[    0.111949] APIC: Switch to symmetric I/O mode setup
[    0.112140] AMD-Vi: Using global IVHD EFR:0x246577efa2254afa, EFR2:0x0
[    0.112913] ..TIMER: vector=0x30 apic1=0 pin1=2 apic2=-1 pin2=-1
[    0.116953] clocksource: tsc-early: mask: 0xffffffffffffffff max_cycles: 0x3dfb5d4b80a, max_idle_ns: 440795257018 ns
[    0.116955] Calibrating delay loop (skipped), value calculated using timer frequency.. 8599.98 BogoMIPS (lpj=4299993)
[    0.116967] x86/cpu: User Mode Instruction Prevention (UMIP) activated
[    0.117026] LVT offset 1 assigned for vector 0xf9
[    0.117235] LVT offset 2 assigned for vector 0xf4
[    0.117296] Last level iTLB entries: 4KB 64, 2MB 64, 4MB 32
[    0.117297] Last level dTLB entries: 4KB 128, 2MB 128, 4MB 64, 1GB 0
[    0.117298] process: using mwait in idle threads
[    0.117300] Spectre V1 : Mitigation: usercopy/swapgs barriers and __user pointer sanitization
[    0.117302] Spectre V2 : Mitigation: Enhanced / Automatic IBRS
[    0.117303] Spectre V2 : mitigation: Enabling conditional Indirect Branch Prediction Barrier
[    0.117303] Spectre V2 : User space: Mitigation: STIBP always-on protection
[    0.117304] Speculative Store Bypass: Mitigation: Speculative Store Bypass disabled via prctl
[    0.117305] Speculative Return Stack Overflow: Mitigation: IBPB on VMEXIT only
[    0.117309] x86/fpu: Supporting XSAVE feature 0x001: 'x87 floating point registers'
[    0.117310] x86/fpu: Supporting XSAVE feature 0x002: 'SSE registers'
[    0.117311] x86/fpu: Supporting XSAVE feature 0x004: 'AVX registers'
[    0.117311] x86/fpu: Supporting XSAVE feature 0x020: 'AVX-512 opmask'
[    0.117311] x86/fpu: Supporting XSAVE feature 0x040: 'AVX-512 Hi256'
[    0.117312] x86/fpu: Supporting XSAVE feature 0x080: 'AVX-512 ZMM_Hi256'
[    0.117312] x86/fpu: Supporting XSAVE feature 0x200: 'Protection Keys User registers'
[    0.117313] x86/fpu: Supporting XSAVE feature 0x800: 'Control-flow User registers'
[    0.117314] x86/fpu: xstate_offset[2]:  576, xstate_sizes[2]:  256
[    0.117314] x86/fpu: xstate_offset[5]:  832, xstate_sizes[5]:   64
[    0.117315] x86/fpu: xstate_offset[6]:  896, xstate_sizes[6]:  512
[    0.117315] x86/fpu: xstate_offset[7]: 1408, xstate_sizes[7]: 1024
[    0.117316] x86/fpu: xstate_offset[9]: 2432, xstate_sizes[9]:    8
[    0.117316] x86/fpu: xstate_offset[11]: 2440, xstate_sizes[11]:   16
[    0.117317] x86/fpu: Enabled xstate features 0xae7, context size is 2456 bytes, using 'compacted' format.
[    0.132637] Freeing SMP alternatives memory: 52K
[    0.132639] pid_max: default: 32768 minimum: 301
[    0.133632] LSM: initializing lsm=capability,landlock,lockdown,yama,bpf
[    0.133672] landlock: Up and running.
[    0.133673] Yama: becoming mindful.
[    0.133774] LSM support for eBPF active
[    0.133814] Mount-cache hash table entries: 131072 (order: 8, 1048576 bytes, linear)
[    0.133854] Mountpoint-cache hash table entries: 131072 (order: 8, 1048576 bytes, linear)
[    0.237017] smpboot: CPU0: AMD Ryzen 9 9950X3D 16-Core Processor (family: 0x1a, model: 0x44, stepping: 0x0)
[    0.237085] Performance Events: Fam17h+ 16-deep LBR, core perfctr, AMD PMU driver.
[    0.237100] ... version:                2
[    0.237100] ... bit width:              48
[    0.237101] ... generic registers:      6
[    0.237101] ... value mask:             0000ffffffffffff
[    0.237101] ... max period:             00007fffffffffff
[    0.237101] ... fixed-purpose events:   0
[    0.237102] ... event mask:             000000000000003f
[    0.237159] signal: max sigframe size: 3376
[    0.237210] rcu: Hierarchical SRCU implementation.
[    0.237210] rcu: 	Max phase no-delay instances is 400.
[    0.237234] Timer migration: 2 hierarchy levels; 8 children per group; 2 crossnode level
[    0.237335] MCE: In-kernel MCE decoding enabled.
[    0.237351] NMI watchdog: Enabled. Permanently consumes one hw-PMU counter.
[    0.237426] smp: Bringing up secondary CPUs ...
[    0.237458] smpboot: x86: Booting SMP configuration:
[    0.237459] .... node  #0, CPUs:        #1  #2  #3  #4  #5  #6  #7  #8  #9 #10 #11 #12 #13 #14 #15 #16 #17 #18 #19 #20 #21 #22 #23 #24 #25 #26 #27 #28 #29 #30 #31
[    0.244044] Spectre V2 : Update user space SMT mitigation: STIBP always-on
[    0.244987] smp: Brought up 1 node, 32 CPUs
[    0.244987] smpboot: Total of 32 processors activated (275199.55 BogoMIPS)
[    0.246114] Memory: 65207108K/66747676K available (19713K kernel code, 2940K rwdata, 16528K rodata, 4644K init, 5024K bss, 1501832K reserved, 0K cma-reserved)
[    0.246264] devtmpfs: initialized
[    0.246264] x86/mm: Memory block size: 2048MB
[    0.247070] ACPI: PM: Registering ACPI NVS region [mem 0x0a200000-0x0a21dfff] (122880 bytes)
[    0.247070] ACPI: PM: Registering ACPI NVS region [mem 0x716bb000-0x736bafff] (33554432 bytes)
[    0.247070] clocksource: jiffies: mask: 0xffffffff max_cycles: 0xffffffff, max_idle_ns: 1911260446275000 ns
[    0.247070] posixtimers hash table entries: 16384 (order: 6, 262144 bytes, linear)
[    0.247070] futex hash table entries: 8192 (order: 7, 524288 bytes, linear)
[    0.247070] pinctrl core: initialized pinctrl subsystem
[    0.247083] PM: RTC time: 02:06:01, date: 2025-08-05
[    0.247269] NET: Registered PF_NETLINK/PF_ROUTE protocol family
[    0.247404] DMA: preallocated 4096 KiB GFP_KERNEL pool for atomic allocations
[    0.247498] DMA: preallocated 4096 KiB GFP_KERNEL|GFP_DMA pool for atomic allocations
[    0.247591] DMA: preallocated 4096 KiB GFP_KERNEL|GFP_DMA32 pool for atomic allocations
[    0.247594] audit: initializing netlink subsys (disabled)
[    0.247597] audit: type=2000 audit(1754359561.000:1): state=initialized audit_enabled=0 res=1
[    0.247597] thermal_sys: Registered thermal governor 'fair_share'
[    0.247597] thermal_sys: Registered thermal governor 'bang_bang'
[    0.247597] thermal_sys: Registered thermal governor 'step_wise'
[    0.247597] thermal_sys: Registered thermal governor 'user_space'
[    0.247597] thermal_sys: Registered thermal governor 'power_allocator'
[    0.247597] cpuidle: using governor ladder
[    0.247597] cpuidle: using governor menu
[    0.248066] acpiphp: ACPI Hot Plug PCI Controller Driver version: 0.5
[    0.248102] PCI: ECAM [mem 0xe0000000-0xefffffff] (base 0xe0000000) for domain 0000 [bus 00-ff]
[    0.248110] PCI: Using configuration type 1 for base access
[    0.248169] kprobes: kprobe jump-optimization is enabled. All kprobes are optimized if possible.
[    0.248170] HugeTLB: allocation took 0ms with hugepage_allocation_threads=8
[    0.248170] HugeTLB: registered 1.00 GiB page size, pre-allocated 0 pages
[    0.248170] HugeTLB: 16380 KiB vmemmap can be freed for a 1.00 GiB page
[    0.248170] HugeTLB: registered 2.00 MiB page size, pre-allocated 0 pages
[    0.248170] HugeTLB: 28 KiB vmemmap can be freed for a 2.00 MiB page
[    0.248170] raid6: skipped pq benchmark and selected avx512x4
[    0.248170] raid6: using avx512x2 recovery algorithm
[    0.248170] ACPI: Added _OSI(Module Device)
[    0.248170] ACPI: Added _OSI(Processor Device)
[    0.248170] ACPI: Added _OSI(Processor Aggregator Device)
[    0.254646] ACPI: 15 ACPI AML tables successfully acquired and loaded
[    0.256394] ACPI: EC: EC started
[    0.256394] ACPI: EC: interrupt blocked
[    0.256525] ACPI: EC: EC_CMD/EC_SC=0x66, EC_DATA=0x62
[    0.256526] ACPI: \_SB_.PCI0.SBRG.EC0_: Boot DSDT EC used to handle transactions
[    0.256527] ACPI: Interpreter enabled
[    0.256535] ACPI: PM: (supports S0 S3 S4 S5)
[    0.256535] ACPI: Using IOAPIC for interrupt routing
[    0.257229] PCI: Using host bridge windows from ACPI; if necessary, use "pci=nocrs" and report a bug
[    0.257230] PCI: Ignoring E820 reservations for host bridge windows
[    0.257377] ACPI: Enabled 7 GPEs in block 00 to 1F
[    0.258832] ACPI: \_SB_.PCI0.GPP0.M237: New power resource
[    0.262203] ACPI: PCI Root Bridge [PCI0] (domain 0000 [bus 00-ff])
[    0.262206] acpi PNP0A08:00: _OSC: OS supports [ExtendedConfig ASPM ClockPM Segments MSI EDR HPX-Type3]
[    0.262257] acpi PNP0A08:00: _OSC: OS now controls [PCIeHotplug SHPCHotplug PME AER PCIeCapability LTR DPC]
[    0.262475] PCI host bridge to bus 0000:00
[    0.262476] pci_bus 0000:00: root bus resource [io  0x0000-0x03af window]
[    0.262478] pci_bus 0000:00: root bus resource [io  0x03e0-0x0cf7 window]
[    0.262478] pci_bus 0000:00: root bus resource [io  0x03b0-0x03df window]
[    0.262479] pci_bus 0000:00: root bus resource [io  0x0d00-0xffff window]
[    0.262479] pci_bus 0000:00: root bus resource [mem 0x000a0000-0x000dffff window]
[    0.262480] pci_bus 0000:00: root bus resource [mem 0x80000000-0xdfffffff window]
[    0.262480] pci_bus 0000:00: root bus resource [mem 0x1080000000-0xffffffffff window]
[    0.262481] pci_bus 0000:00: root bus resource [bus 00-ff]
[    0.262491] pci 0000:00:00.0: [1022:14d8] type 00 class 0x060000 conventional PCI endpoint
[    0.262550] pci 0000:00:00.2: [1022:14d9] type 00 class 0x080600 conventional PCI endpoint
[    0.262599] pci 0000:00:01.0: [1022:14da] type 00 class 0x060000 conventional PCI endpoint
[    0.262639] pci 0000:00:01.1: [1022:14db] type 01 class 0x060400 PCIe Root Port
[    0.262650] pci 0000:00:01.1: PCI bridge to [bus 01]
[    0.262653] pci 0000:00:01.1:   bridge window [io  0xf000-0xffff]
[    0.262655] pci 0000:00:01.1:   bridge window [mem 0xde000000-0xdf0fffff]
[    0.262659] pci 0000:00:01.1:   bridge window [mem 0xf000000000-0xf801ffffff 64bit pref]
[    0.262708] pci 0000:00:01.1: PME# supported from D0 D3hot D3cold
[    0.262894] pci 0000:00:01.2: [1022:14db] type 01 class 0x060400 PCIe Root Port
[    0.262905] pci 0000:00:01.2: PCI bridge to [bus 02]
[    0.262909] pci 0000:00:01.2:   bridge window [mem 0xdf700000-0xdf7fffff]
[    0.262959] pci 0000:00:01.2: PME# supported from D0 D3hot D3cold
[    0.263030] pci 0000:00:02.0: [1022:14da] type 00 class 0x060000 conventional PCI endpoint
[    0.263069] pci 0000:00:02.1: [1022:14db] type 01 class 0x060400 PCIe Root Port
[    0.263080] pci 0000:00:02.1: PCI bridge to [bus 03-6a]
[    0.263083] pci 0000:00:02.1:   bridge window [mem 0xa8000000-0xdd1fffff]
[    0.263088] pci 0000:00:02.1:   bridge window [mem 0xf810000000-0xf8653fffff 64bit pref]
[    0.263093] pci 0000:00:02.1: enabling Extended Tags
[    0.263136] pci 0000:00:02.1: PME# supported from D0 D3hot D3cold
[    0.263245] pci 0000:00:03.0: [1022:14da] type 00 class 0x060000 conventional PCI endpoint
[    0.263287] pci 0000:00:04.0: [1022:14da] type 00 class 0x060000 conventional PCI endpoint
[    0.263332] pci 0000:00:08.0: [1022:14da] type 00 class 0x060000 conventional PCI endpoint
[    0.263373] pci 0000:00:08.1: [1022:14dd] type 01 class 0x060400 PCIe Root Port
[    0.263381] pci 0000:00:08.1: PCI bridge to [bus 6b]
[    0.263384] pci 0000:00:08.1:   bridge window [mem 0xdf200000-0xdf5fffff]
[    0.263390] pci 0000:00:08.1: enabling Extended Tags
[    0.263413] pci 0000:00:08.1: PME# supported from D0 D3hot D3cold
[    0.263468] pci 0000:00:08.3: [1022:14dd] type 01 class 0x060400 PCIe Root Port
[    0.263477] pci 0000:00:08.3: PCI bridge to [bus 6c]
[    0.263479] pci 0000:00:08.3:   bridge window [mem 0xdf600000-0xdf6fffff]
[    0.263485] pci 0000:00:08.3: enabling Extended Tags
[    0.263508] pci 0000:00:08.3: PME# supported from D0 D3hot D3cold
[    0.263566] pci 0000:00:14.0: [1022:790b] type 00 class 0x0c0500 conventional PCI endpoint
[    0.263624] pci 0000:00:14.3: [1022:790e] type 00 class 0x060100 conventional PCI endpoint
[    0.263692] pci 0000:00:18.0: [1022:14e0] type 00 class 0x060000 conventional PCI endpoint
[    0.263710] pci 0000:00:18.1: [1022:14e1] type 00 class 0x060000 conventional PCI endpoint
[    0.263727] pci 0000:00:18.2: [1022:14e2] type 00 class 0x060000 conventional PCI endpoint
[    0.263745] pci 0000:00:18.3: [1022:14e3] type 00 class 0x060000 conventional PCI endpoint
[    0.263762] pci 0000:00:18.4: [1022:14e4] type 00 class 0x060000 conventional PCI endpoint
[    0.263780] pci 0000:00:18.5: [1022:14e5] type 00 class 0x060000 conventional PCI endpoint
[    0.263797] pci 0000:00:18.6: [1022:14e6] type 00 class 0x060000 conventional PCI endpoint
[    0.263814] pci 0000:00:18.7: [1022:14e7] type 00 class 0x060000 conventional PCI endpoint
[    0.263873] pci 0000:01:00.0: [10de:2684] type 00 class 0x030000 PCIe Legacy Endpoint
[    0.263891] pci 0000:01:00.0: BAR 0 [mem 0xde000000-0xdeffffff]
[    0.263892] pci 0000:01:00.0: BAR 1 [mem 0xf000000000-0xf7ffffffff 64bit pref]
[    0.263894] pci 0000:01:00.0: BAR 3 [mem 0xf800000000-0xf801ffffff 64bit pref]
[    0.263894] pci 0000:01:00.0: BAR 5 [io  0xf000-0xf07f]
[    0.263895] pci 0000:01:00.0: ROM [mem 0xdf000000-0xdf07ffff pref]
[    0.263930] pci 0000:01:00.0: PME# supported from D0 D3hot
[    0.264036] pci 0000:01:00.1: [10de:22ba] type 00 class 0x040300 PCIe Endpoint
[    0.264053] pci 0000:01:00.1: BAR 0 [mem 0xdf080000-0xdf083fff]
[    0.264134] pci 0000:00:01.1: PCI bridge to [bus 01]
[    0.264321] pci 0000:02:00.0: [144d:a80c] type 00 class 0x010802 PCIe Endpoint
[    0.264348] pci 0000:02:00.0: BAR 0 [mem 0xdf700000-0xdf703fff 64bit]
[    0.264498] pci 0000:00:01.2: PCI bridge to [bus 02]
[    0.264551] pci 0000:03:00.0: [1022:43f4] type 01 class 0x060400 PCIe Switch Upstream Port
[    0.264566] pci 0000:03:00.0: PCI bridge to [bus 04-6a]
[    0.264571] pci 0000:03:00.0:   bridge window [mem 0xa8000000-0xdd1fffff]
[    0.264577] pci 0000:03:00.0:   bridge window [mem 0xf810000000-0xf8653fffff 64bit pref]
[    0.264585] pci 0000:03:00.0: enabling Extended Tags
[    0.264627] pci 0000:03:00.0: PME# supported from D0 D3hot D3cold
[    0.264757] pci 0000:00:02.1: PCI bridge to [bus 03-6a]
[    0.264814] pci 0000:04:00.0: [1022:43f5] type 01 class 0x060400 PCIe Switch Downstream Port
[    0.264830] pci 0000:04:00.0: PCI bridge to [bus 05]
[    0.264847] pci 0000:04:00.0: enabling Extended Tags
[    0.264892] pci 0000:04:00.0: PME# supported from D0 D3hot D3cold
[    0.264986] pci 0000:04:08.0: [1022:43f5] type 01 class 0x060400 PCIe Switch Downstream Port
[    0.265001] pci 0000:04:08.0: PCI bridge to [bus 06-68]
[    0.265006] pci 0000:04:08.0:   bridge window [mem 0xa8000000-0xdcefffff]
[    0.265012] pci 0000:04:08.0:   bridge window [mem 0xf810000000-0xf8653fffff 64bit pref]
[    0.265020] pci 0000:04:08.0: enabling Extended Tags
[    0.265063] pci 0000:04:08.0: PME# supported from D0 D3hot D3cold
[    0.265172] pci 0000:04:0c.0: [1022:43f5] type 01 class 0x060400 PCIe Switch Downstream Port
[    0.265187] pci 0000:04:0c.0: PCI bridge to [bus 69]
[    0.265191] pci 0000:04:0c.0:   bridge window [mem 0xdd100000-0xdd1fffff]
[    0.265204] pci 0000:04:0c.0: enabling Extended Tags
[    0.265233] pci 0000:04:0c.0: PME# supported from D0 D3hot D3cold
[    0.265296] pci 0000:04:0d.0: [1022:43f5] type 01 class 0x060400 PCIe Switch Downstream Port
[    0.265311] pci 0000:04:0d.0: PCI bridge to [bus 6a]
[    0.265315] pci 0000:04:0d.0:   bridge window [mem 0xdd000000-0xdd0fffff]
[    0.265328] pci 0000:04:0d.0: enabling Extended Tags
[    0.265357] pci 0000:04:0d.0: PME# supported from D0 D3hot D3cold
[    0.265412] pci 0000:03:00.0: PCI bridge to [bus 04-6a]
[    0.265440] pci 0000:04:00.0: PCI bridge to [bus 05]
[    0.265483] pci 0000:06:00.0: [1022:43f4] type 01 class 0x060400 PCIe Switch Upstream Port
[    0.265508] pci 0000:06:00.0: PCI bridge to [bus 07-68]
[    0.265515] pci 0000:06:00.0:   bridge window [mem 0xa8000000-0xdcefffff]
[    0.265524] pci 0000:06:00.0:   bridge window [mem 0xf810000000-0xf8653fffff 64bit pref]
[    0.265536] pci 0000:06:00.0: enabling Extended Tags
[    0.265605] pci 0000:06:00.0: PME# supported from D0 D3hot D3cold
[    0.265770] pci 0000:04:08.0: PCI bridge to [bus 06-68]
[    0.265850] pci 0000:07:00.0: [1022:43f5] type 01 class 0x060400 PCIe Switch Downstream Port
[    0.265875] pci 0000:07:00.0: PCI bridge to [bus 08]
[    0.265882] pci 0000:07:00.0:   bridge window [mem 0xdce00000-0xdcefffff]
[    0.265891] pci 0000:07:00.0:   bridge window [mem 0xf865300000-0xf8653fffff 64bit pref]
[    0.265904] pci 0000:07:00.0: enabling Extended Tags
[    0.265975] pci 0000:07:00.0: PME# supported from D0 D3hot D3cold
[    0.266105] pci 0000:07:01.0: [1022:43f5] type 01 class 0x060400 PCIe Switch Downstream Port
[    0.266130] pci 0000:07:01.0: PCI bridge to [bus 09]
[    0.266137] pci 0000:07:01.0:   bridge window [mem 0xdca00000-0xdcbfffff]
[    0.266159] pci 0000:07:01.0: enabling Extended Tags
[    0.266230] pci 0000:07:01.0: PME# supported from D0 D3hot D3cold
[    0.266359] pci 0000:07:02.0: [1022:43f5] type 01 class 0x060400 PCIe Switch Downstream Port
[    0.266384] pci 0000:07:02.0: PCI bridge to [bus 0a]
[    0.266391] pci 0000:07:02.0:   bridge window [mem 0xdc400000-0xdc8fffff]
[    0.266413] pci 0000:07:02.0: enabling Extended Tags
[    0.266483] pci 0000:07:02.0: PME# supported from D0 D3hot D3cold
[    0.266612] pci 0000:07:03.0: [1022:43f5] type 01 class 0x060400 PCIe Switch Downstream Port
[    0.266637] pci 0000:07:03.0: PCI bridge to [bus 0b]
[    0.266666] pci 0000:07:03.0: enabling Extended Tags
[    0.266739] pci 0000:07:03.0: PME# supported from D0 D3hot D3cold
[    0.266871] pci 0000:07:04.0: [1022:43f5] type 01 class 0x060400 PCIe Switch Downstream Port
[    0.266896] pci 0000:07:04.0: PCI bridge to [bus 0c-65]
[    0.266903] pci 0000:07:04.0:   bridge window [mem 0xa8000000-0xdc0fffff]
[    0.266913] pci 0000:07:04.0:   bridge window [mem 0xf810000000-0xf8651fffff 64bit pref]
[    0.266926] pci 0000:07:04.0: enabling Extended Tags
[    0.266997] pci 0000:07:04.0: PME# supported from D0 D3hot D3cold
[    0.267134] pci 0000:07:08.0: [1022:43f5] type 01 class 0x060400 PCIe Switch Downstream Port
[    0.267159] pci 0000:07:08.0: PCI bridge to [bus 66]
[    0.267188] pci 0000:07:08.0: enabling Extended Tags
[    0.267261] pci 0000:07:08.0: PME# supported from D0 D3hot D3cold
[    0.267396] pci 0000:07:0c.0: [1022:43f5] type 01 class 0x060400 PCIe Switch Downstream Port
[    0.267421] pci 0000:07:0c.0: PCI bridge to [bus 67]
[    0.267426] pci 0000:07:0c.0:   bridge window [mem 0xdcd00000-0xdcdfffff]
[    0.267447] pci 0000:07:0c.0: enabling Extended Tags
[    0.267494] pci 0000:07:0c.0: PME# supported from D0 D3hot D3cold
[    0.267587] pci 0000:07:0d.0: [1022:43f5] type 01 class 0x060400 PCIe Switch Downstream Port
[    0.267612] pci 0000:07:0d.0: PCI bridge to [bus 68]
[    0.267617] pci 0000:07:0d.0:   bridge window [mem 0xdcc00000-0xdccfffff]
[    0.267638] pci 0000:07:0d.0: enabling Extended Tags
[    0.267685] pci 0000:07:0d.0: PME# supported from D0 D3hot D3cold
[    0.267772] pci 0000:06:00.0: PCI bridge to [bus 07-68]
[    0.267844] pci 0000:08:00.0: [14c3:0616] type 00 class 0x028000 PCIe Endpoint
[    0.267913] pci 0000:08:00.0: BAR 0 [mem 0xf865300000-0xf8653fffff 64bit pref]
[    0.267918] pci 0000:08:00.0: BAR 2 [mem 0xdce00000-0xdce07fff 64bit]
[    0.267934] pci 0000:08:00.0: enabling Extended Tags
[    0.268040] pci 0000:08:00.0: PME# supported from D0 D3hot D3cold
[    0.268247] pci 0000:07:00.0: PCI bridge to [bus 08]
[    0.268329] pci 0000:09:00.0: [8086:15f3] type 00 class 0x020000 PCIe Endpoint
[    0.268396] pci 0000:09:00.0: BAR 0 [mem 0xdca00000-0xdcafffff]
[    0.268402] pci 0000:09:00.0: BAR 3 [mem 0xdcb00000-0xdcb03fff]
[    0.268531] pci 0000:09:00.0: PME# supported from D0 D3hot D3cold
[    0.268733] pci 0000:07:01.0: PCI bridge to [bus 09]
[    0.268795] pci 0000:0a:00.0: [1d6a:94c0] type 00 class 0x020000 PCIe Endpoint
[    0.268846] pci 0000:0a:00.0: BAR 0 [mem 0xdc800000-0xdc87ffff 64bit]
[    0.268849] pci 0000:0a:00.0: BAR 2 [mem 0xdc8a0000-0xdc8a0fff 64bit]
[    0.268852] pci 0000:0a:00.0: BAR 4 [mem 0xdc400000-0xdc7fffff 64bit]
[    0.268853] pci 0000:0a:00.0: ROM [mem 0xdc880000-0xdc89ffff pref]
[    0.268861] pci 0000:0a:00.0: enabling Extended Tags
[    0.268983] pci 0000:0a:00.0: supports D1 D2
[    0.268983] pci 0000:0a:00.0: PME# supported from D0 D1 D3hot D3cold
[    0.269174] pci 0000:0a:00.0: 15.753 Gb/s available PCIe bandwidth, limited by 16.0 GT/s PCIe x1 link at 0000:07:02.0 (capable of 31.506 Gb/s with 16.0 GT/s PCIe x2 link)
[    0.269230] pci 0000:07:02.0: PCI bridge to [bus 0a]
[    0.269272] pci 0000:07:03.0: PCI bridge to [bus 0b]
[    0.269350] pci 0000:0c:00.0: [8086:1136] type 01 class 0x060400 PCIe Switch Upstream Port
[    0.269389] pci 0000:0c:00.0: PCI bridge to [bus 0d-65]
[    0.269401] pci 0000:0c:00.0:   bridge window [mem 0xa8000000-0xdc0fffff]
[    0.269415] pci 0000:0c:00.0:   bridge window [mem 0xf810000000-0xf8651fffff 64bit pref]
[    0.269432] pci 0000:0c:00.0: enabling Extended Tags
[    0.269582] pci 0000:0c:00.0: supports D1 D2
[    0.269582] pci 0000:0c:00.0: PME# supported from D0 D1 D2 D3hot D3cold
[    0.269876] pci 0000:07:04.0: PCI bridge to [bus 0c-65]
[    0.269978] pci 0000:0d:00.0: [8086:1136] type 01 class 0x060400 PCIe Switch Downstream Port
[    0.270018] pci 0000:0d:00.0: PCI bridge to [bus 0e]
[    0.270029] pci 0000:0d:00.0:   bridge window [mem 0xdc000000-0xdc0fffff]
[    0.270044] pci 0000:0d:00.0:   bridge window [mem 0xf865100000-0xf8651fffff 64bit pref]
[    0.270064] pci 0000:0d:00.0: enabling Extended Tags
[    0.270215] pci 0000:0d:00.0: supports D1 D2
[    0.270216] pci 0000:0d:00.0: PME# supported from D0 D1 D2 D3hot D3cold
[    0.270479] pci 0000:0d:01.0: [8086:1136] type 01 class 0x060400 PCIe Switch Downstream Port
[    0.270519] pci 0000:0d:01.0: PCI bridge to [bus 0f-39]
[    0.270530] pci 0000:0d:01.0:   bridge window [mem 0xc0000000-0xd6efffff]
[    0.270545] pci 0000:0d:01.0:   bridge window [mem 0xf840000000-0xf864ffffff 64bit pref]
[    0.270564] pci 0000:0d:01.0: enabling Extended Tags
[    0.270718] pci 0000:0d:01.0: supports D1 D2
[    0.270718] pci 0000:0d:01.0: PME# supported from D0 D1 D2 D3hot D3cold
[    0.270976] pci 0000:0d:02.0: [8086:1136] type 01 class 0x060400 PCIe Switch Downstream Port
[    0.271016] pci 0000:0d:02.0: PCI bridge to [bus 3a]
[    0.271028] pci 0000:0d:02.0:   bridge window [mem 0xd8000000-0xd80fffff]
[    0.271062] pci 0000:0d:02.0: enabling Extended Tags
[    0.271203] pci 0000:0d:02.0: supports D1 D2
[    0.271203] pci 0000:0d:02.0: PME# supported from D0 D1 D2 D3hot D3cold
[    0.271453] pci 0000:0d:03.0: [8086:1136] type 01 class 0x060400 PCIe Switch Downstream Port
[    0.271493] pci 0000:0d:03.0: PCI bridge to [bus 3b-65]
[    0.271504] pci 0000:0d:03.0:   bridge window [mem 0xa8000000-0xbeffffff]
[    0.271519] pci 0000:0d:03.0:   bridge window [mem 0xf810000000-0xf834ffffff 64bit pref]
[    0.271538] pci 0000:0d:03.0: enabling Extended Tags
[    0.271691] pci 0000:0d:03.0: supports D1 D2
[    0.271691] pci 0000:0d:03.0: PME# supported from D0 D1 D2 D3hot D3cold
[    0.271957] pci 0000:0c:00.0: PCI bridge to [bus 0d-65]
[    0.272064] pci 0000:0e:00.0: [8086:1137] type 00 class 0x0c0340 PCIe Endpoint
[    0.272133] pci 0000:0e:00.0: BAR 0 [mem 0xf865100000-0xf86513ffff 64bit pref]
[    0.272137] pci 0000:0e:00.0: BAR 2 [mem 0xf865140000-0xf865140fff 64bit pref]
[    0.272154] pci 0000:0e:00.0: enabling Extended Tags
[    0.272302] pci 0000:0e:00.0: supports D1 D2
[    0.272302] pci 0000:0e:00.0: PME# supported from D0 D1 D2 D3hot D3cold
[    0.272558] pci 0000:0d:00.0: PCI bridge to [bus 0e]
[    0.272685] pci 0000:0f:00.0: [8086:0b26] type 01 class 0x060400 PCIe Switch Upstream Port
[    0.272755] pci 0000:0f:00.0: PCI bridge to [bus 10-15]
[    0.272775] pci 0000:0f:00.0:   bridge window [mem 0xc0000000-0xc01fffff]
[    0.272829] pci 0000:0f:00.0: enabling Extended Tags
[    0.273107] pci 0000:0f:00.0: supports D1 D2
[    0.273107] pci 0000:0f:00.0: PME# supported from D0 D1 D2 D3hot D3cold
[    0.273595] pci 0000:0d:01.0: PCI bridge to [bus 0f-39]
[    0.273755] pci 0000:10:00.0: [8086:0b26] type 01 class 0x060400 PCIe Switch Downstream Port
[    0.273826] pci 0000:10:00.0: PCI bridge to [bus 11]
[    0.273904] pci 0000:10:00.0: enabling Extended Tags
[    0.274183] pci 0000:10:00.0: supports D1 D2
[    0.274184] pci 0000:10:00.0: PME# supported from D0 D1 D2 D3hot D3cold
[    0.274671] pci 0000:10:01.0: [8086:0b26] type 01 class 0x060400 PCIe Switch Downstream Port
[    0.274742] pci 0000:10:01.0: PCI bridge to [bus 12]
[    0.274820] pci 0000:10:01.0: enabling Extended Tags
[    0.275109] pci 0000:10:01.0: supports D1 D2
[    0.275109] pci 0000:10:01.0: PME# supported from D0 D1 D2 D3hot D3cold
[    0.275598] pci 0000:10:02.0: [8086:0b26] type 01 class 0x060400 PCIe Switch Downstream Port
[    0.275668] pci 0000:10:02.0: PCI bridge to [bus 13]
[    0.275747] pci 0000:10:02.0: enabling Extended Tags
[    0.276034] pci 0000:10:02.0: supports D1 D2
[    0.276034] pci 0000:10:02.0: PME# supported from D0 D1 D2 D3hot D3cold
[    0.276524] pci 0000:10:03.0: [8086:0b26] type 01 class 0x060400 PCIe Switch Downstream Port
[    0.276594] pci 0000:10:03.0: PCI bridge to [bus 14]
[    0.276673] pci 0000:10:03.0: enabling Extended Tags
[    0.276960] pci 0000:10:03.0: supports D1 D2
[    0.276961] pci 0000:10:03.0: PME# supported from D0 D1 D2 D3hot D3cold
[    0.277453] pci 0000:10:04.0: [8086:0b26] type 01 class 0x060400 PCIe Switch Downstream Port
[    0.277523] pci 0000:10:04.0: PCI bridge to [bus 15]
[    0.277543] pci 0000:10:04.0:   bridge window [mem 0xc0000000-0xc01fffff]
[    0.277602] pci 0000:10:04.0: enabling Extended Tags
[    0.277887] pci 0000:10:04.0: supports D1 D2
[    0.277887] pci 0000:10:04.0: PME# supported from D0 D1 D2 D3hot D3cold
[    0.278392] pci 0000:0f:00.0: PCI bridge to [bus 10-15]
[    0.278502] pci 0000:10:00.0: PCI bridge to [bus 11]
[    0.278616] pci 0000:10:01.0: PCI bridge to [bus 12]
[    0.278731] pci 0000:10:02.0: PCI bridge to [bus 13]
[    0.278846] pci 0000:10:03.0: PCI bridge to [bus 14]
[    0.279040] pci 0000:15:00.0: [8086:5502] type 00 class 0x020000 PCIe Endpoint
[    0.279173] pci 0000:15:00.0: BAR 0 [mem 0xc0000000-0xc00fffff]
[    0.279184] pci 0000:15:00.0: BAR 3 [mem 0xc0100000-0xc0103fff]
[    0.279462] pci 0000:15:00.0: PME# supported from D0 D3hot D3cold
[    0.279914] pci 0000:10:04.0: PCI bridge to [bus 15]
[    0.280125] pci 0000:3a:00.0: [8086:1138] type 00 class 0x0c0330 PCIe Endpoint
[    0.280192] pci 0000:3a:00.0: BAR 0 [mem 0xd8000000-0xd800ffff 64bit]
[    0.280211] pci 0000:3a:00.0: enabling Extended Tags
[    0.280304] pci 0000:3a:00.0: PME# supported from D3hot D3cold
[    0.280442] pci 0000:0d:02.0: PCI bridge to [bus 3a]
[    0.280508] pci 0000:0d:03.0: PCI bridge to [bus 3b-65]
[    0.280603] pci 0000:07:08.0: PCI bridge to [bus 66]
[    0.280662] pci 0000:67:00.0: [1022:43f7] type 00 class 0x0c0330 PCIe Legacy Endpoint
[    0.280700] pci 0000:67:00.0: BAR 0 [mem 0xdcd00000-0xdcd07fff 64bit]
[    0.280711] pci 0000:67:00.0: enabling Extended Tags
[    0.280763] pci 0000:67:00.0: PME# supported from D0 D3hot D3cold
[    0.280852] pci 0000:07:0c.0: PCI bridge to [bus 67]
[    0.280916] pci 0000:68:00.0: [1022:43f6] type 00 class 0x010601 PCIe Legacy Endpoint
[    0.280958] pci 0000:68:00.0: BAR 5 [mem 0xdcc80000-0xdcc803ff]
[    0.280960] pci 0000:68:00.0: ROM [mem 0xdcc00000-0xdcc7ffff pref]
[    0.280966] pci 0000:68:00.0: enabling Extended Tags
[    0.281007] pci 0000:68:00.0: PME# supported from D0 D3hot D3cold
[    0.281076] pci 0000:07:0d.0: PCI bridge to [bus 68]
[    0.281164] pci 0000:69:00.0: [1022:43f7] type 00 class 0x0c0330 PCIe Legacy Endpoint
[    0.281188] pci 0000:69:00.0: BAR 0 [mem 0xdd100000-0xdd107fff 64bit]
[    0.281195] pci 0000:69:00.0: enabling Extended Tags
[    0.281226] pci 0000:69:00.0: PME# supported from D0 D3hot D3cold
[    0.281288] pci 0000:04:0c.0: PCI bridge to [bus 69]
[    0.281324] pci 0000:6a:00.0: [1022:43f6] type 00 class 0x010601 PCIe Legacy Endpoint
[    0.281349] pci 0000:6a:00.0: BAR 5 [mem 0xdd080000-0xdd0803ff]
[    0.281350] pci 0000:6a:00.0: ROM [mem 0xdd000000-0xdd07ffff pref]
[    0.281354] pci 0000:6a:00.0: enabling Extended Tags
[    0.281379] pci 0000:6a:00.0: PME# supported from D0 D3hot D3cold
[    0.281425] pci 0000:04:0d.0: PCI bridge to [bus 6a]
[    0.281492] pci 0000:6b:00.0: [1022:14de] type 00 class 0x130000 PCIe Legacy Endpoint
[    0.281509] pci 0000:6b:00.0: enabling Extended Tags
[    0.281574] pci 0000:6b:00.2: [1022:1649] type 00 class 0x108000 PCIe Endpoint
[    0.281609] pci 0000:6b:00.2: BAR 2 [mem 0xdf400000-0xdf4fffff]
[    0.281610] pci 0000:6b:00.2: BAR 5 [mem 0xdf508000-0xdf509fff]
[    0.281613] pci 0000:6b:00.2: enabling Extended Tags
[    0.281661] pci 0000:6b:00.3: [1022:15b6] type 00 class 0x0c0330 PCIe Endpoint
[    0.281675] pci 0000:6b:00.3: BAR 0 [mem 0xdf300000-0xdf3fffff 64bit]
[    0.281680] pci 0000:6b:00.3: enabling Extended Tags
[    0.281700] pci 0000:6b:00.3: PME# supported from D0 D3hot D3cold
[    0.281736] pci 0000:6b:00.4: [1022:15b7] type 00 class 0x0c0330 PCIe Endpoint
[    0.281750] pci 0000:6b:00.4: BAR 0 [mem 0xdf200000-0xdf2fffff 64bit]
[    0.281754] pci 0000:6b:00.4: enabling Extended Tags
[    0.281775] pci 0000:6b:00.4: PME# supported from D0 D3hot D3cold
[    0.281812] pci 0000:6b:00.6: [1022:15e3] type 00 class 0x040300 PCIe Endpoint
[    0.281825] pci 0000:6b:00.6: BAR 0 [mem 0xdf500000-0xdf507fff]
[    0.281830] pci 0000:6b:00.6: enabling Extended Tags
[    0.281848] pci 0000:6b:00.6: PME# supported from D0 D3hot D3cold
[    0.281890] pci 0000:00:08.1: PCI bridge to [bus 6b]
[    0.281913] pci 0000:6c:00.0: [1022:15b8] type 00 class 0x0c0330 PCIe Endpoint
[    0.281931] pci 0000:6c:00.0: BAR 0 [mem 0xdf600000-0xdf6fffff 64bit]
[    0.281936] pci 0000:6c:00.0: enabling Extended Tags
[    0.281961] pci 0000:6c:00.0: PME# supported from D0 D3hot D3cold
[    0.282008] pci 0000:00:08.3: PCI bridge to [bus 6c]
[    0.282393] ACPI: PCI: Interrupt link LNKA configured for IRQ 0
[    0.282412] ACPI: PCI: Interrupt link LNKB configured for IRQ 0
[    0.282427] ACPI: PCI: Interrupt link LNKC configured for IRQ 0
[    0.282447] ACPI: PCI: Interrupt link LNKD configured for IRQ 0
[    0.282464] ACPI: PCI: Interrupt link LNKE configured for IRQ 0
[    0.282478] ACPI: PCI: Interrupt link LNKF configured for IRQ 0
[    0.282492] ACPI: PCI: Interrupt link LNKG configured for IRQ 0
[    0.282506] ACPI: PCI: Interrupt link LNKH configured for IRQ 0
[    0.283014] ACPI: EC: interrupt unblocked
[    0.283015] ACPI: EC: event unblocked
[    0.283019] ACPI: EC: EC_CMD/EC_SC=0x66, EC_DATA=0x62
[    0.283019] ACPI: EC: GPE=0x4
[    0.283020] ACPI: \_SB_.PCI0.SBRG.EC0_: Boot DSDT EC initialization complete
[    0.283020] ACPI: \_SB_.PCI0.SBRG.EC0_: EC: Used to handle transactions and events
[    0.283058] iommu: Default domain type: Translated
[    0.283058] iommu: DMA domain TLB invalidation policy: lazy mode
[    0.283058] SCSI subsystem initialized
[    0.283058] libata version 3.00 loaded.
[    0.283058] ACPI: bus type USB registered
[    0.283058] usbcore: registered new interface driver usbfs
[    0.283058] usbcore: registered new interface driver hub
[    0.283058] usbcore: registered new device driver usb
[    0.284062] i2c i2c-0: Failed to register i2c client MSFT8000:00 at 0x4e (-16)
[    0.284065] fbcon: Taking over console
[    0.284131] EDAC MC: Ver: 3.0.0
[    0.284458] efivars: Registered efivars operations
[    0.284458] NetLabel: Initializing
[    0.284458] NetLabel:  domain hash size = 128
[    0.284458] NetLabel:  protocols = UNLABELED CIPSOv4 CALIPSO
[    0.284458] NetLabel:  unlabeled traffic allowed by default
[    0.284458] mctp: management component transport protocol core
[    0.284458] NET: Registered PF_MCTP protocol family
[    0.284458] PCI: Using ACPI for IRQ routing
[    0.293507] PCI: pci_cache_line_size set to 64 bytes
[    0.293509] pci 0000:00:02.1: bridge window [mem 0xa8000000-0xdd1fffff]: can't claim; address conflict with AMDIF031:00 [mem 0xdcc00000-0xdcc00fff]
[    0.293511] pci 0000:03:00.0: bridge window [mem 0xa8000000-0xdd1fffff]: can't claim; no compatible bridge window
[    0.293512] pci 0000:04:08.0: bridge window [mem 0xa8000000-0xdcefffff]: can't claim; no compatible bridge window
[    0.293512] pci 0000:06:00.0: bridge window [mem 0xa8000000-0xdcefffff]: can't claim; no compatible bridge window
[    0.293512] pci 0000:07:00.0: bridge window [mem 0xdce00000-0xdcefffff]: can't claim; no compatible bridge window
[    0.293513] pci 0000:07:01.0: bridge window [mem 0xdca00000-0xdcbfffff]: can't claim; no compatible bridge window
[    0.293513] pci 0000:07:02.0: bridge window [mem 0xdc400000-0xdc8fffff]: can't claim; no compatible bridge window
[    0.293514] pci 0000:07:04.0: bridge window [mem 0xa8000000-0xdc0fffff]: can't claim; no compatible bridge window
[    0.293514] pci 0000:0c:00.0: bridge window [mem 0xa8000000-0xdc0fffff]: can't claim; no compatible bridge window
[    0.293515] pci 0000:0d:00.0: bridge window [mem 0xdc000000-0xdc0fffff]: can't claim; no compatible bridge window
[    0.293515] pci 0000:0d:01.0: bridge window [mem 0xc0000000-0xd6efffff]: can't claim; no compatible bridge window
[    0.293515] pci 0000:0f:00.0: bridge window [mem 0xc0000000-0xc01fffff]: can't claim; no compatible bridge window
[    0.293516] pci 0000:10:04.0: bridge window [mem 0xc0000000-0xc01fffff]: can't claim; no compatible bridge window
[    0.293516] pci 0000:0d:02.0: bridge window [mem 0xd8000000-0xd80fffff]: can't claim; no compatible bridge window
[    0.293517] pci 0000:0d:03.0: bridge window [mem 0xa8000000-0xbeffffff]: can't claim; no compatible bridge window
[    0.293517] pci 0000:07:0c.0: bridge window [mem 0xdcd00000-0xdcdfffff]: can't claim; no compatible bridge window
[    0.293517] pci 0000:07:0d.0: bridge window [mem 0xdcc00000-0xdccfffff]: can't claim; no compatible bridge window
[    0.293518] pci 0000:04:0c.0: bridge window [mem 0xdd100000-0xdd1fffff]: can't claim; no compatible bridge window
[    0.293518] pci 0000:04:0d.0: bridge window [mem 0xdd000000-0xdd0fffff]: can't claim; no compatible bridge window
[    0.293669] pci 0000:09:00.0: BAR 0 [mem 0xdca00000-0xdcafffff]: can't claim; no compatible bridge window
[    0.293670] pci 0000:09:00.0: BAR 3 [mem 0xdcb00000-0xdcb03fff]: can't claim; no compatible bridge window
[    0.293673] pci 0000:0a:00.0: BAR 0 [mem 0xdc800000-0xdc87ffff 64bit]: can't claim; no compatible bridge window
[    0.293673] pci 0000:0a:00.0: BAR 2 [mem 0xdc8a0000-0xdc8a0fff 64bit]: can't claim; no compatible bridge window
[    0.293673] pci 0000:0a:00.0: BAR 4 [mem 0xdc400000-0xdc7fffff 64bit]: can't claim; no compatible bridge window
[    0.293707] pci 0000:3a:00.0: BAR 0 [mem 0xd8000000-0xd800ffff 64bit]: can't claim; no compatible bridge window
[    0.293712] pci 0000:67:00.0: BAR 0 [mem 0xdcd00000-0xdcd07fff 64bit]: can't claim; no compatible bridge window
[    0.293715] pci 0000:69:00.0: BAR 0 [mem 0xdd100000-0xdd107fff 64bit]: can't claim; no compatible bridge window
[    0.293875] pci 0000:08:00.0: BAR 2 [mem 0xdce00000-0xdce07fff 64bit]: can't claim; no compatible bridge window
[    0.293909] pci 0000:15:00.0: BAR 0 [mem 0xc0000000-0xc00fffff]: can't claim; no compatible bridge window
[    0.293910] pci 0000:15:00.0: BAR 3 [mem 0xc0100000-0xc0103fff]: can't claim; no compatible bridge window
[    0.293920] pci 0000:68:00.0: BAR 5 [mem 0xdcc80000-0xdcc803ff]: can't claim; no compatible bridge window
[    0.293923] pci 0000:6a:00.0: BAR 5 [mem 0xdd080000-0xdd0803ff]: can't claim; no compatible bridge window
[    0.293931] e820: reserve RAM buffer [mem 0x09aff000-0x0bffffff]
[    0.293932] e820: reserve RAM buffer [mem 0x0a200000-0x0bffffff]
[    0.293933] e820: reserve RAM buffer [mem 0x0b000000-0x0bffffff]
[    0.293933] e820: reserve RAM buffer [mem 0x63223000-0x63ffffff]
[    0.293933] e820: reserve RAM buffer [mem 0x671f1000-0x67ffffff]
[    0.293934] e820: reserve RAM buffer [mem 0x6ad6c000-0x6bffffff]
[    0.293934] e820: reserve RAM buffer [mem 0x79ff7000-0x7bffffff]
[    0.293934] e820: reserve RAM buffer [mem 0x7a000000-0x7bffffff]
[    0.293934] e820: reserve RAM buffer [mem 0x107dd80000-0x107fffffff]
[    0.293959] pci 0000:01:00.0: vgaarb: setting as boot VGA device
[    0.293960] pci 0000:01:00.0: vgaarb: bridge control possible
[    0.293960] pci 0000:01:00.0: vgaarb: VGA device added: decodes=io+mem,owns=none,locks=none
[    0.293963] vgaarb: loaded
[    0.293971] hpet0: at MMIO 0xfed00000, IRQs 2, 8, 0
[    0.293973] hpet0: 3 comparators, 32-bit 14.318180 MHz counter
[    0.295994] clocksource: Switched to clocksource tsc-early
[    0.296059] VFS: Disk quotas dquot_6.6.0
[    0.296063] VFS: Dquot-cache hash table entries: 512 (order 0, 4096 bytes)
[    0.296070] pnp: PnP ACPI init
[    0.296103] system 00:00: [mem 0xe0000000-0xefffffff] has been reserved
[    0.296127] system 00:01: [mem 0x1000000000000 window] could not be reserved
[    0.296203] system 00:03: [io  0x0290-0x029f] has been reserved
[    0.296204] system 00:03: [io  0x0200-0x023f] has been reserved
[    0.296362] pnp 00:04: [dma 0 disabled]
[    0.296441] system 00:05: [io  0x04d0-0x04d1] has been reserved
[    0.296442] system 00:05: [io  0x040b] has been reserved
[    0.296442] system 00:05: [io  0x04d6] has been reserved
[    0.296443] system 00:05: [io  0x0c00-0x0c01] has been reserved
[    0.296443] system 00:05: [io  0x0c14] has been reserved
[    0.296444] system 00:05: [io  0x0c50-0x0c51] has been reserved
[    0.296444] system 00:05: [io  0x0c52] has been reserved
[    0.296444] system 00:05: [io  0x0c6c] has been reserved
[    0.296445] system 00:05: [io  0x0c6f] has been reserved
[    0.296445] system 00:05: [io  0x0cd8-0x0cdf] has been reserved
[    0.296445] system 00:05: [io  0x0800-0x089f] has been reserved
[    0.296446] system 00:05: [io  0x0b00-0x0b0f] has been reserved
[    0.296446] system 00:05: [io  0x0b20-0x0b3f] has been reserved
[    0.296447] system 00:05: [io  0x0900-0x090f] has been reserved
[    0.296447] system 00:05: [io  0x0910-0x091f] has been reserved
[    0.296448] system 00:05: [mem 0xfedc0000-0xfedc0fff] has been reserved
[    0.296448] system 00:05: [mem 0xfee00000-0xfee00fff] has been reserved
[    0.296449] system 00:05: [mem 0xfec10000-0xfec10fff] has been reserved
[    0.296449] system 00:05: [mem 0xfeb00000-0xfeb00fff] has been reserved
[    0.296450] system 00:05: [mem 0xff000000-0xffffffff] has been reserved
[    0.296722] pnp: PnP ACPI: found 6 devices
[    0.301832] clocksource: acpi_pm: mask: 0xffffff max_cycles: 0xffffff, max_idle_ns: 2085701024 ns
[    0.301853] NET: Registered PF_INET protocol family
[    0.301908] IP idents hash table entries: 262144 (order: 9, 2097152 bytes, linear)
[    0.308207] tcp_listen_portaddr_hash hash table entries: 32768 (order: 7, 524288 bytes, linear)
[    0.308236] Table-perturb hash table entries: 65536 (order: 6, 262144 bytes, linear)
[    0.308316] TCP established hash table entries: 524288 (order: 10, 4194304 bytes, linear)
[    0.308499] TCP bind hash table entries: 65536 (order: 9, 2097152 bytes, linear)
[    0.308548] TCP: Hash tables configured (established 524288 bind 65536)
[    0.308618] MPTCP token hash table entries: 65536 (order: 8, 1572864 bytes, linear)
[    0.308698] UDP hash table entries: 32768 (order: 9, 2097152 bytes, linear)
[    0.308813] UDP-Lite hash table entries: 32768 (order: 9, 2097152 bytes, linear)
[    0.308900] NET: Registered PF_UNIX/PF_LOCAL protocol family
[    0.308903] NET: Registered PF_XDP protocol family
[    0.308905] pci 0000:0a:00.0: ROM [mem 0xdc880000-0xdc89ffff pref]: can't claim; no compatible bridge window
[    0.308906] pci 0000:68:00.0: ROM [mem 0xdcc00000-0xdcc7ffff pref]: can't claim; no compatible bridge window
[    0.308907] pci 0000:6a:00.0: ROM [mem 0xdd000000-0xdd07ffff pref]: can't claim; no compatible bridge window
[    0.308911] pci 0000:10:01.0: bridge window [io  0x1000-0x0fff] to [bus 12] add_size 1000
[    0.308912] pci 0000:10:01.0: bridge window [mem 0x00100000-0x000fffff 64bit pref] to [bus 12] add_size 200000 add_align 100000
[    0.308913] pci 0000:10:01.0: bridge window [mem 0x00100000-0x000fffff] to [bus 12] add_size 200000 add_align 100000
[    0.308914] pci 0000:10:02.0: bridge window [io  0x1000-0x0fff] to [bus 13] add_size 1000
[    0.308915] pci 0000:10:02.0: bridge window [mem 0x00100000-0x000fffff 64bit pref] to [bus 13] add_size 200000 add_align 100000
[    0.308915] pci 0000:10:02.0: bridge window [mem 0x00100000-0x000fffff] to [bus 13] add_size 200000 add_align 100000
[    0.308916] pci 0000:10:03.0: bridge window [io  0x1000-0x0fff] to [bus 14] add_size 1000
[    0.308916] pci 0000:10:03.0: bridge window [mem 0x00100000-0x000fffff 64bit pref] to [bus 14] add_size 200000 add_align 100000
[    0.308917] pci 0000:10:03.0: bridge window [mem 0x00100000-0x000fffff] to [bus 14] add_size 200000 add_align 100000
[    0.308918] pci 0000:0f:00.0: bridge window [io  0x1000-0x0fff] to [bus 10-15] add_size 3000
[    0.308919] pci 0000:0f:00.0: bridge window [mem 0x00100000-0x003fffff 64bit pref] to [bus 10-15] add_size 600000 add_align 100000
[    0.308920] pci 0000:0f:00.0: bridge window [mem 0x00100000-0x005fffff] to [bus 10-15] add_size 600000 add_align 100000
[    0.308920] pci 0000:0d:01.0: bridge window [io  0x1000-0x0fff] to [bus 0f-39] add_size 4000
[    0.308921] pci 0000:0d:01.0: bridge window [mem 0x00100000-0x005fffff] to [bus 0f-39] add_size 600000 add_align 100000
[    0.308922] pci 0000:0d:03.0: bridge window [io  0x1000-0x0fff] to [bus 3b-65] add_size 1000
[    0.308922] pci 0000:0d:03.0: bridge window [mem 0x00100000-0x000fffff] to [bus 3b-65] add_size 200000 add_align 100000
[    0.308923] pci 0000:0c:00.0: bridge window [io  0x1000-0x0fff] to [bus 0d-65] add_size 5000
[    0.308924] pci 0000:0c:00.0: bridge window [mem 0x00100000-0x007fffff] to [bus 0d-65] add_size 800000 add_align 100000
[    0.308924] pci 0000:07:04.0: bridge window [io  0x1000-0x0fff] to [bus 0c-65] add_size 5000
[    0.308925] pci 0000:07:04.0: bridge window [mem 0x00100000-0x007fffff] to [bus 0c-65] add_size 800000 add_align 100000
[    0.308926] pci 0000:06:00.0: bridge window [io  0x1000-0x0fff] to [bus 07-68] add_size 5000
[    0.308927] pci 0000:06:00.0: bridge window [mem 0x00100000-0x012fffff] to [bus 07-68] add_size 800000 add_align 100000
[    0.308928] pci 0000:04:08.0: bridge window [io  0x1000-0x0fff] to [bus 06-68] add_size 5000
[    0.308928] pci 0000:04:08.0: bridge window [mem 0x00100000-0x012fffff] to [bus 06-68] add_size 800000 add_align 100000
[    0.308929] pci 0000:03:00.0: bridge window [io  0x1000-0x0fff] to [bus 04-6a] add_size 5000
[    0.308930] pci 0000:03:00.0: bridge window [mem 0x00100000-0x014fffff] to [bus 04-6a] add_size 800000 add_align 100000
[    0.308931] pci 0000:00:02.1: bridge window [io  0x1000-0x0fff] to [bus 03-6a] add_size 6000
[    0.308931] pci 0000:00:02.1: bridge window [mem 0x00100000-0x014fffff] to [bus 03-6a] add_size 800000 add_align 100000
[    0.308935] pci 0000:00:02.1: bridge window [mem 0x80000000-0x81bfffff]: assigned
[    0.308937] pci 0000:00:02.1: bridge window [io  0x1000-0x6fff]: assigned
[    0.308938] pci 0000:00:01.1: PCI bridge to [bus 01]
[    0.308939] pci 0000:00:01.1:   bridge window [io  0xf000-0xffff]
[    0.308941] pci 0000:00:01.1:   bridge window [mem 0xde000000-0xdf0fffff]
[    0.308942] pci 0000:00:01.1:   bridge window [mem 0xf000000000-0xf801ffffff 64bit pref]
[    0.308952] pci 0000:00:01.2: PCI bridge to [bus 02]
[    0.308953] pci 0000:00:01.2:   bridge window [mem 0xdf700000-0xdf7fffff]
[    0.308963] pci 0000:03:00.0: bridge window [mem 0x80000000-0x81bfffff]: assigned
[    0.308964] pci 0000:03:00.0: bridge window [io  0x1000-0x5fff]: assigned
[    0.308965] pci 0000:04:08.0: bridge window [mem 0x80000000-0x819fffff]: assigned
[    0.308965] pci 0000:04:0c.0: bridge window [mem 0x81a00000-0x81afffff]: assigned
[    0.308966] pci 0000:04:0d.0: bridge window [mem 0x81b00000-0x81bfffff]: assigned
[    0.308966] pci 0000:04:08.0: bridge window [io  0x1000-0x5fff]: assigned
[    0.308967] pci 0000:04:00.0: PCI bridge to [bus 05]
[    0.308977] pci 0000:06:00.0: bridge window [mem 0x80000000-0x819fffff]: assigned
[    0.308978] pci 0000:06:00.0: bridge window [io  0x1000-0x5fff]: assigned
[    0.308979] pci 0000:07:02.0: bridge window [mem 0x80000000-0x805fffff]: assigned
[    0.308980] pci 0000:07:00.0: bridge window [mem 0x80600000-0x806fffff]: assigned
[    0.308980] pci 0000:07:01.0: bridge window [mem 0x80700000-0x808fffff]: assigned
[    0.308981] pci 0000:07:04.0: bridge window [mem 0x80900000-0x817fffff]: assigned
[    0.308981] pci 0000:07:0c.0: bridge window [mem 0x81800000-0x818fffff]: assigned
[    0.308982] pci 0000:07:0d.0: bridge window [mem 0x81900000-0x819fffff]: assigned
[    0.308982] pci 0000:07:04.0: bridge window [io  0x1000-0x5fff]: assigned
[    0.308983] pci 0000:08:00.0: BAR 2 [mem 0x80600000-0x80607fff 64bit]: assigned
[    0.308997] pci 0000:07:00.0: PCI bridge to [bus 08]
[    0.309000] pci 0000:07:00.0:   bridge window [mem 0x80600000-0x806fffff]
[    0.309003] pci 0000:07:00.0:   bridge window [mem 0xf865300000-0xf8653fffff 64bit pref]
[    0.309007] pci 0000:09:00.0: BAR 0 [mem 0x80700000-0x807fffff]: assigned
[    0.309011] pci 0000:09:00.0: BAR 3 [mem 0x80800000-0x80803fff]: assigned
[    0.309015] pci 0000:07:01.0: PCI bridge to [bus 09]
[    0.309019] pci 0000:07:01.0:   bridge window [mem 0x80700000-0x808fffff]
[    0.309025] pci 0000:0a:00.0: BAR 4 [mem 0x80000000-0x803fffff 64bit]: assigned
[    0.309035] pci 0000:0a:00.0: BAR 0 [mem 0x80400000-0x8047ffff 64bit]: assigned
[    0.309045] pci 0000:0a:00.0: ROM [mem 0x80480000-0x8049ffff pref]: assigned
[    0.309046] pci 0000:0a:00.0: BAR 2 [mem 0x804a0000-0x804a0fff 64bit]: assigned
[    0.309055] pci 0000:07:02.0: PCI bridge to [bus 0a]
[    0.309059] pci 0000:07:02.0:   bridge window [mem 0x80000000-0x805fffff]
[    0.309065] pci 0000:07:03.0: PCI bridge to [bus 0b]
[    0.309074] pci 0000:0c:00.0: bridge window [mem 0x80900000-0x817fffff]: assigned
[    0.309075] pci 0000:0c:00.0: bridge window [io  0x1000-0x5fff]: assigned
[    0.309076] pci 0000:0d:01.0: bridge window [mem 0x80900000-0x813fffff]: assigned
[    0.309076] pci 0000:0d:02.0: bridge window [mem 0x81400000-0x814fffff]: assigned
[    0.309077] pci 0000:0d:03.0: bridge window [mem 0x81500000-0x816fffff]: assigned
[    0.309077] pci 0000:0d:01.0: bridge window [io  0x1000-0x4fff]: assigned
[    0.309078] pci 0000:0d:03.0: bridge window [io  0x5000-0x5fff]: assigned
[    0.309078] pci 0000:0d:00.0: PCI bridge to [bus 0e]
[    0.309087] pci 0000:0d:00.0:   bridge window [mem 0xf865100000-0xf8651fffff 64bit pref]
[    0.309094] pci 0000:0f:00.0: bridge window [mem 0x80900000-0x813fffff]: assigned
[    0.309094] pci 0000:0f:00.0: bridge window [mem 0xf840000000-0xf8408fffff 64bit pref]: assigned
[    0.309095] pci 0000:0f:00.0: bridge window [io  0x1000-0x3fff]: assigned
[    0.309096] pci 0000:10:01.0: bridge window [mem 0x80900000-0x80afffff]: assigned
[    0.309096] pci 0000:10:01.0: bridge window [mem 0xf840000000-0xf8401fffff 64bit pref]: assigned
[    0.309097] pci 0000:10:02.0: bridge window [mem 0x80b00000-0x80cfffff]: assigned
[    0.309097] pci 0000:10:02.0: bridge window [mem 0xf840200000-0xf8403fffff 64bit pref]: assigned
[    0.309098] pci 0000:10:03.0: bridge window [mem 0x80d00000-0x80efffff]: assigned
[    0.309098] pci 0000:10:03.0: bridge window [mem 0xf840400000-0xf8405fffff 64bit pref]: assigned
[    0.309098] pci 0000:10:04.0: bridge window [mem 0x80f00000-0x810fffff]: assigned
[    0.309099] pci 0000:10:01.0: bridge window [io  0x1000-0x1fff]: assigned
[    0.309099] pci 0000:10:02.0: bridge window [io  0x2000-0x2fff]: assigned
[    0.309100] pci 0000:10:03.0: bridge window [io  0x3000-0x3fff]: assigned
[    0.309100] pci 0000:10:00.0: PCI bridge to [bus 11]
[    0.309126] pci 0000:10:01.0: PCI bridge to [bus 12]
[    0.309129] pci 0000:10:01.0:   bridge window [io  0x1000-0x1fff]
[    0.309138] pci 0000:10:01.0:   bridge window [mem 0x80900000-0x80afffff]
[    0.309144] pci 0000:10:01.0:   bridge window [mem 0xf840000000-0xf8401fffff 64bit pref]
[    0.309156] pci 0000:10:02.0: PCI bridge to [bus 13]
[    0.309159] pci 0000:10:02.0:   bridge window [io  0x2000-0x2fff]
[    0.309168] pci 0000:10:02.0:   bridge window [mem 0x80b00000-0x80cfffff]
[    0.309174] pci 0000:10:02.0:   bridge window [mem 0xf840200000-0xf8403fffff 64bit pref]
[    0.309185] pci 0000:10:03.0: PCI bridge to [bus 14]
[    0.309188] pci 0000:10:03.0:   bridge window [io  0x3000-0x3fff]
[    0.309197] pci 0000:10:03.0:   bridge window [mem 0x80d00000-0x80efffff]
[    0.309203] pci 0000:10:03.0:   bridge window [mem 0xf840400000-0xf8405fffff 64bit pref]
[    0.309215] pci 0000:15:00.0: BAR 0 [mem 0x80f00000-0x80ffffff]: assigned
[    0.309223] pci 0000:15:00.0: BAR 3 [mem 0x81000000-0x81003fff]: assigned
[    0.309231] pci 0000:10:04.0: PCI bridge to [bus 15]
[    0.309239] pci 0000:10:04.0:   bridge window [mem 0x80f00000-0x810fffff]
[    0.309257] pci 0000:0f:00.0: PCI bridge to [bus 10-15]
[    0.309260] pci 0000:0f:00.0:   bridge window [io  0x1000-0x3fff]
[    0.309268] pci 0000:0f:00.0:   bridge window [mem 0x80900000-0x813fffff]
[    0.309274] pci 0000:0f:00.0:   bridge window [mem 0xf840000000-0xf8408fffff 64bit pref]
[    0.309286] pci 0000:0d:01.0: PCI bridge to [bus 0f-39]
[    0.309288] pci 0000:0d:01.0:   bridge window [io  0x1000-0x4fff]
[    0.309298] pci 0000:0d:01.0:   bridge window [mem 0x80900000-0x813fffff]
[    0.309302] pci 0000:0d:01.0:   bridge window [mem 0xf840000000-0xf864ffffff 64bit pref]
[    0.309309] pci 0000:3a:00.0: BAR 0 [mem 0x81400000-0x8140ffff 64bit]: assigned
[    0.309321] pci 0000:0d:02.0: PCI bridge to [bus 3a]
[    0.309327] pci 0000:0d:02.0:   bridge window [mem 0x81400000-0x814fffff]
[    0.309336] pci 0000:0d:03.0: PCI bridge to [bus 3b-65]
[    0.309338] pci 0000:0d:03.0:   bridge window [io  0x5000-0x5fff]
[    0.309343] pci 0000:0d:03.0:   bridge window [mem 0x81500000-0x816fffff]
[    0.309347] pci 0000:0d:03.0:   bridge window [mem 0xf810000000-0xf834ffffff 64bit pref]
[    0.309354] pci 0000:0c:00.0: PCI bridge to [bus 0d-65]
[    0.309355] pci 0000:0c:00.0:   bridge window [io  0x1000-0x5fff]
[    0.309360] pci 0000:0c:00.0:   bridge window [mem 0x80900000-0x817fffff]
[    0.309364] pci 0000:0c:00.0:   bridge window [mem 0xf810000000-0xf8651fffff 64bit pref]
[    0.309370] pci 0000:07:04.0: PCI bridge to [bus 0c-65]
[    0.309372] pci 0000:07:04.0:   bridge window [io  0x1000-0x5fff]
[    0.309375] pci 0000:07:04.0:   bridge window [mem 0x80900000-0x817fffff]
[    0.309377] pci 0000:07:04.0:   bridge window [mem 0xf810000000-0xf8651fffff 64bit pref]
[    0.309382] pci 0000:07:08.0: PCI bridge to [bus 66]
[    0.309391] pci 0000:67:00.0: BAR 0 [mem 0x81800000-0x81807fff 64bit]: assigned
[    0.309398] pci 0000:07:0c.0: PCI bridge to [bus 67]
[    0.309401] pci 0000:07:0c.0:   bridge window [mem 0x81800000-0x818fffff]
[    0.309408] pci 0000:68:00.0: ROM [mem 0x81900000-0x8197ffff pref]: assigned
[    0.309408] pci 0000:68:00.0: BAR 5 [mem 0x81980000-0x819803ff]: assigned
[    0.309411] pci 0000:07:0d.0: PCI bridge to [bus 68]
[    0.309414] pci 0000:07:0d.0:   bridge window [mem 0x81900000-0x819fffff]
[    0.309420] pci 0000:06:00.0: PCI bridge to [bus 07-68]
[    0.309422] pci 0000:06:00.0:   bridge window [io  0x1000-0x5fff]
[    0.309425] pci 0000:06:00.0:   bridge window [mem 0x80000000-0x819fffff]
[    0.309427] pci 0000:06:00.0:   bridge window [mem 0xf810000000-0xf8653fffff 64bit pref]
[    0.309432] pci 0000:04:08.0: PCI bridge to [bus 06-68]
[    0.309432] pci 0000:04:08.0:   bridge window [io  0x1000-0x5fff]
[    0.309435] pci 0000:04:08.0:   bridge window [mem 0x80000000-0x819fffff]
[    0.309436] pci 0000:04:08.0:   bridge window [mem 0xf810000000-0xf8653fffff 64bit pref]
[    0.309439] pci 0000:69:00.0: BAR 0 [mem 0x81a00000-0x81a07fff 64bit]: assigned
[    0.309444] pci 0000:04:0c.0: PCI bridge to [bus 69]
[    0.309446] pci 0000:04:0c.0:   bridge window [mem 0x81a00000-0x81afffff]
[    0.309450] pci 0000:6a:00.0: ROM [mem 0x81b00000-0x81b7ffff pref]: assigned
[    0.309450] pci 0000:6a:00.0: BAR 5 [mem 0x81b80000-0x81b803ff]: assigned
[    0.309452] pci 0000:04:0d.0: PCI bridge to [bus 6a]
[    0.309454] pci 0000:04:0d.0:   bridge window [mem 0x81b00000-0x81bfffff]
[    0.309458] pci 0000:03:00.0: PCI bridge to [bus 04-6a]
[    0.309459] pci 0000:03:00.0:   bridge window [io  0x1000-0x5fff]
[    0.309461] pci 0000:03:00.0:   bridge window [mem 0x80000000-0x81bfffff]
[    0.309463] pci 0000:03:00.0:   bridge window [mem 0xf810000000-0xf8653fffff 64bit pref]
[    0.309465] pci 0000:00:02.1: PCI bridge to [bus 03-6a]
[    0.309466] pci 0000:00:02.1:   bridge window [io  0x1000-0x6fff]
[    0.309468] pci 0000:00:02.1:   bridge window [mem 0x80000000-0x81bfffff]
[    0.309469] pci 0000:00:02.1:   bridge window [mem 0xf810000000-0xf8653fffff 64bit pref]
[    0.309478] pci 0000:00:08.1: PCI bridge to [bus 6b]
[    0.309484] pci 0000:00:08.1:   bridge window [mem 0xdf200000-0xdf5fffff]
[    0.309486] pci 0000:00:08.3: PCI bridge to [bus 6c]
[    0.309488] pci 0000:00:08.3:   bridge window [mem 0xdf600000-0xdf6fffff]
[    0.309490] pci_bus 0000:00: resource 4 [io  0x0000-0x03af window]
[    0.309491] pci_bus 0000:00: resource 5 [io  0x03e0-0x0cf7 window]
[    0.309491] pci_bus 0000:00: resource 6 [io  0x03b0-0x03df window]
[    0.309492] pci_bus 0000:00: resource 7 [io  0x0d00-0xffff window]
[    0.309492] pci_bus 0000:00: resource 8 [mem 0x000a0000-0x000dffff window]
[    0.309492] pci_bus 0000:00: resource 9 [mem 0x80000000-0xdfffffff window]
[    0.309493] pci_bus 0000:00: resource 10 [mem 0x1080000000-0xffffffffff window]
[    0.309493] pci_bus 0000:01: resource 0 [io  0xf000-0xffff]
[    0.309494] pci_bus 0000:01: resource 1 [mem 0xde000000-0xdf0fffff]
[    0.309494] pci_bus 0000:01: resource 2 [mem 0xf000000000-0xf801ffffff 64bit pref]
[    0.309494] pci_bus 0000:02: resource 1 [mem 0xdf700000-0xdf7fffff]
[    0.309495] pci_bus 0000:03: resource 0 [io  0x1000-0x6fff]
[    0.309495] pci_bus 0000:03: resource 1 [mem 0x80000000-0x81bfffff]
[    0.309496] pci_bus 0000:03: resource 2 [mem 0xf810000000-0xf8653fffff 64bit pref]
[    0.309496] pci_bus 0000:04: resource 0 [io  0x1000-0x5fff]
[    0.309496] pci_bus 0000:04: resource 1 [mem 0x80000000-0x81bfffff]
[    0.309497] pci_bus 0000:04: resource 2 [mem 0xf810000000-0xf8653fffff 64bit pref]
[    0.309497] pci_bus 0000:06: resource 0 [io  0x1000-0x5fff]
[    0.309497] pci_bus 0000:06: resource 1 [mem 0x80000000-0x819fffff]
[    0.309498] pci_bus 0000:06: resource 2 [mem 0xf810000000-0xf8653fffff 64bit pref]
[    0.309498] pci_bus 0000:07: resource 0 [io  0x1000-0x5fff]
[    0.309498] pci_bus 0000:07: resource 1 [mem 0x80000000-0x819fffff]
[    0.309499] pci_bus 0000:07: resource 2 [mem 0xf810000000-0xf8653fffff 64bit pref]
[    0.309499] pci_bus 0000:08: resource 1 [mem 0x80600000-0x806fffff]
[    0.309500] pci_bus 0000:08: resource 2 [mem 0xf865300000-0xf8653fffff 64bit pref]
[    0.309500] pci_bus 0000:09: resource 1 [mem 0x80700000-0x808fffff]
[    0.309500] pci_bus 0000:0a: resource 1 [mem 0x80000000-0x805fffff]
[    0.309501] pci_bus 0000:0c: resource 0 [io  0x1000-0x5fff]
[    0.309501] pci_bus 0000:0c: resource 1 [mem 0x80900000-0x817fffff]
[    0.309501] pci_bus 0000:0c: resource 2 [mem 0xf810000000-0xf8651fffff 64bit pref]
[    0.309502] pci_bus 0000:0d: resource 0 [io  0x1000-0x5fff]
[    0.309502] pci_bus 0000:0d: resource 1 [mem 0x80900000-0x817fffff]
[    0.309502] pci_bus 0000:0d: resource 2 [mem 0xf810000000-0xf8651fffff 64bit pref]
[    0.309503] pci_bus 0000:0e: resource 2 [mem 0xf865100000-0xf8651fffff 64bit pref]
[    0.309503] pci_bus 0000:0f: resource 0 [io  0x1000-0x4fff]
[    0.309504] pci_bus 0000:0f: resource 1 [mem 0x80900000-0x813fffff]
[    0.309504] pci_bus 0000:0f: resource 2 [mem 0xf840000000-0xf864ffffff 64bit pref]
[    0.309504] pci_bus 0000:10: resource 0 [io  0x1000-0x3fff]
[    0.309505] pci_bus 0000:10: resource 1 [mem 0x80900000-0x813fffff]
[    0.309505] pci_bus 0000:10: resource 2 [mem 0xf840000000-0xf8408fffff 64bit pref]
[    0.309505] pci_bus 0000:12: resource 0 [io  0x1000-0x1fff]
[    0.309506] pci_bus 0000:12: resource 1 [mem 0x80900000-0x80afffff]
[    0.309506] pci_bus 0000:12: resource 2 [mem 0xf840000000-0xf8401fffff 64bit pref]
[    0.309506] pci_bus 0000:13: resource 0 [io  0x2000-0x2fff]
[    0.309507] pci_bus 0000:13: resource 1 [mem 0x80b00000-0x80cfffff]
[    0.309507] pci_bus 0000:13: resource 2 [mem 0xf840200000-0xf8403fffff 64bit pref]
[    0.309507] pci_bus 0000:14: resource 0 [io  0x3000-0x3fff]
[    0.309508] pci_bus 0000:14: resource 1 [mem 0x80d00000-0x80efffff]
[    0.309508] pci_bus 0000:14: resource 2 [mem 0xf840400000-0xf8405fffff 64bit pref]
[    0.309508] pci_bus 0000:15: resource 1 [mem 0x80f00000-0x810fffff]
[    0.309509] pci_bus 0000:3a: resource 1 [mem 0x81400000-0x814fffff]
[    0.309509] pci_bus 0000:3b: resource 0 [io  0x5000-0x5fff]
[    0.309509] pci_bus 0000:3b: resource 1 [mem 0x81500000-0x816fffff]
[    0.309510] pci_bus 0000:3b: resource 2 [mem 0xf810000000-0xf834ffffff 64bit pref]
[    0.309510] pci_bus 0000:67: resource 1 [mem 0x81800000-0x818fffff]
[    0.309511] pci_bus 0000:68: resource 1 [mem 0x81900000-0x819fffff]
[    0.309511] pci_bus 0000:69: resource 1 [mem 0x81a00000-0x81afffff]
[    0.309511] pci_bus 0000:6a: resource 1 [mem 0x81b00000-0x81bfffff]
[    0.309512] pci_bus 0000:6b: resource 1 [mem 0xdf200000-0xdf5fffff]
[    0.309512] pci_bus 0000:6c: resource 1 [mem 0xdf600000-0xdf6fffff]
[    0.309562] pci 0000:01:00.1: extending delay after power-on from D3hot to 20 msec
[    0.309572] pci 0000:01:00.1: D0 power state depends on 0000:01:00.0
[    0.309761] pci 0000:0c:00.0: CLS mismatch (64 != 128), using 64 bytes
[    0.310081] pci 0000:00:00.2: AMD-Vi: IOMMU performance counters supported
[    0.310108] pci 0000:00:00.0: Adding to iommu group 0
[    0.310114] Trying to unpack rootfs image as initramfs...
[    0.310119] pci 0000:00:01.0: Adding to iommu group 1
[    0.310125] pci 0000:00:01.1: Adding to iommu group 2
[    0.310131] pci 0000:00:01.2: Adding to iommu group 3
[    0.310140] pci 0000:00:02.0: Adding to iommu group 4
[    0.310146] pci 0000:00:02.1: Adding to iommu group 5
[    0.310155] pci 0000:00:03.0: Adding to iommu group 6
[    0.310163] pci 0000:00:04.0: Adding to iommu group 7
[    0.310173] pci 0000:00:08.0: Adding to iommu group 8
[    0.310178] pci 0000:00:08.1: Adding to iommu group 9
[    0.310184] pci 0000:00:08.3: Adding to iommu group 10
[    0.310196] pci 0000:00:14.0: Adding to iommu group 11
[    0.310201] pci 0000:00:14.3: Adding to iommu group 11
[    0.310234] pci 0000:00:18.0: Adding to iommu group 12
[    0.310240] pci 0000:00:18.1: Adding to iommu group 12
[    0.310245] pci 0000:00:18.2: Adding to iommu group 12
[    0.310250] pci 0000:00:18.3: Adding to iommu group 12
[    0.310256] pci 0000:00:18.4: Adding to iommu group 12
[    0.310261] pci 0000:00:18.5: Adding to iommu group 12
[    0.310266] pci 0000:00:18.6: Adding to iommu group 12
[    0.310272] pci 0000:00:18.7: Adding to iommu group 12
[    0.310285] pci 0000:01:00.0: Adding to iommu group 13
[    0.310292] pci 0000:01:00.1: Adding to iommu group 13
[    0.310292] pci 0000:02:00.0: Adding to iommu group 14
[    0.310307] pci 0000:03:00.0: Adding to iommu group 15
[    0.310314] pci 0000:04:00.0: Adding to iommu group 16
[    0.310320] pci 0000:04:08.0: Adding to iommu group 17
[    0.310326] pci 0000:04:0c.0: Adding to iommu group 18
[    0.310332] pci 0000:04:0d.0: Adding to iommu group 19
[    0.310333] pci 0000:06:00.0: Adding to iommu group 17
[    0.310335] pci 0000:07:00.0: Adding to iommu group 17
[    0.310336] pci 0000:07:01.0: Adding to iommu group 17
[    0.310338] pci 0000:07:02.0: Adding to iommu group 17
[    0.310339] pci 0000:07:03.0: Adding to iommu group 17
[    0.310340] pci 0000:07:04.0: Adding to iommu group 17
[    0.310342] pci 0000:07:08.0: Adding to iommu group 17
[    0.310343] pci 0000:07:0c.0: Adding to iommu group 17
[    0.310344] pci 0000:07:0d.0: Adding to iommu group 17
[    0.310345] pci 0000:08:00.0: Adding to iommu group 17
[    0.310347] pci 0000:09:00.0: Adding to iommu group 17
[    0.310348] pci 0000:0a:00.0: Adding to iommu group 17
[    0.310349] pci 0000:0c:00.0: Adding to iommu group 17
[    0.310351] pci 0000:0d:00.0: Adding to iommu group 17
[    0.310353] pci 0000:0d:01.0: Adding to iommu group 17
[    0.310354] pci 0000:0d:02.0: Adding to iommu group 17
[    0.310355] pci 0000:0d:03.0: Adding to iommu group 17
[    0.310364] pci 0000:0e:00.0: Adding to iommu group 17
[    0.310369] pci 0000:0f:00.0: Adding to iommu group 17
[    0.310374] pci 0000:10:00.0: Adding to iommu group 17
[    0.310378] pci 0000:10:01.0: Adding to iommu group 17
[    0.310382] pci 0000:10:02.0: Adding to iommu group 17
[    0.310387] pci 0000:10:03.0: Adding to iommu group 17
[    0.310391] pci 0000:10:04.0: Adding to iommu group 17
[    0.310401] pci 0000:15:00.0: Adding to iommu group 17
[    0.310405] pci 0000:3a:00.0: Adding to iommu group 17
[    0.310407] pci 0000:67:00.0: Adding to iommu group 17
[    0.310408] pci 0000:68:00.0: Adding to iommu group 17
[    0.310410] pci 0000:69:00.0: Adding to iommu group 18
[    0.310411] pci 0000:6a:00.0: Adding to iommu group 19
[    0.310422] pci 0000:6b:00.0: Adding to iommu group 20
[    0.310428] pci 0000:6b:00.2: Adding to iommu group 21
[    0.310435] pci 0000:6b:00.3: Adding to iommu group 22
[    0.310441] pci 0000:6b:00.4: Adding to iommu group 23
[    0.310447] pci 0000:6b:00.6: Adding to iommu group 24
[    0.310453] pci 0000:6c:00.0: Adding to iommu group 25
[    0.312216] AMD-Vi: Extended features (0x246577efa2254afa, 0x0): PPR NX GT [5] IA GA PC GA_vAPIC
[    0.312220] AMD-Vi: Interrupt remapping enabled
[    0.387257] Freeing initrd memory: 218204K
[    1.249455] AMD-Vi: Virtual APIC enabled
[    1.249457] PCI-DMA: Using software bounce buffering for IO (SWIOTLB)
[    1.249460] software IO TLB: mapped [mem 0x000000005eda2000-0x0000000062da2000] (64MB)
[    1.249477] LVT offset 0 assigned for vector 0x400
[    1.249616] perf: AMD IBS detected (0x00081bff)
[    1.249619] perf/amd_iommu: Detected AMD IOMMU #0 (2 banks, 4 counters/bank).
[    1.258897] Initialise system trusted keyrings
[    1.258902] Key type blacklist registered
[    1.258924] workingset: timestamp_bits=36 max_order=24 bucket_order=0
[    1.259034] fuse: init (API version 7.43)
[    1.259069] integrity: Platform Keyring initialized
[    1.259070] integrity: Machine keyring initialized
[    1.263109] xor: automatically using best checksumming function   avx       
[    1.263110] Key type asymmetric registered
[    1.263111] Asymmetric key parser 'x509' registered
[    1.263119] Block layer SCSI generic (bsg) driver version 0.4 loaded (major 246)
[    1.263147] io scheduler mq-deadline registered
[    1.263148] io scheduler kyber registered
[    1.263152] io scheduler bfq registered
[    1.264064] ledtrig-cpu: registered to indicate activity on CPUs
[    1.264144] pcieport 0000:00:01.1: PME: Signaling with IRQ 28
[    1.264245] pcieport 0000:00:01.2: PME: Signaling with IRQ 29
[    1.264336] pcieport 0000:00:02.1: PME: Signaling with IRQ 30
[    1.264347] pcieport 0000:00:02.1: pciehp: Slot #0 AttnBtn- PwrCtrl- MRL- AttnInd- PwrInd- HotPlug+ Surprise+ Interlock- NoCompl+ IbPresDis- LLActRep+
[    1.264470] pcieport 0000:00:08.1: PME: Signaling with IRQ 31
[    1.264550] pcieport 0000:00:08.3: PME: Signaling with IRQ 32
[    1.266170] pcieport 0000:0d:01.0: pciehp: Slot #1 AttnBtn- PwrCtrl- MRL- AttnInd- PwrInd- HotPlug+ Surprise+ Interlock- NoCompl+ IbPresDis- LLActRep+
[    1.266519] pcieport 0000:0d:03.0: pciehp: Slot #3 AttnBtn- PwrCtrl- MRL- AttnInd- PwrInd- HotPlug+ Surprise+ Interlock- NoCompl+ IbPresDis- LLActRep+
[    1.267261] pcieport 0000:10:01.0: pciehp: Slot #1 AttnBtn- PwrCtrl- MRL- AttnInd- PwrInd- HotPlug+ Surprise+ Interlock- NoCompl+ IbPresDis- LLActRep+
[    1.267621] pcieport 0000:10:02.0: pciehp: Slot #2 AttnBtn- PwrCtrl- MRL- AttnInd- PwrInd- HotPlug+ Surprise+ Interlock- NoCompl+ IbPresDis- LLActRep+
[    1.267981] pcieport 0000:10:03.0: pciehp: Slot #3 AttnBtn- PwrCtrl- MRL- AttnInd- PwrInd- HotPlug+ Surprise+ Interlock- NoCompl+ IbPresDis- LLActRep+
[    1.268656] input: Power Button as /devices/LNXSYSTM:00/LNXSYBUS:00/PNP0C0C:00/input/input0
[    1.268664] ACPI: button: Power Button [PWRB]
[    1.268675] input: Power Button as /devices/LNXSYSTM:00/LNXPWRBN:00/input/input1
[    1.269324] ACPI: button: Power Button [PWRF]
[    1.269777] Monitor-Mwait will be used to enter C-1 state
[    1.271303] Estimated ratio of average max frequency by base frequency (times 1024): 1197
[    1.271421] Serial: 8250/16550 driver, 32 ports, IRQ sharing enabled
[    1.271691] 00:04: ttyS0 at I/O 0x3f8 (irq = 4, base_baud = 115200) is a 16550A
[    1.272612] Non-volatile memory driver v1.3
[    1.272613] Linux agpgart interface v0.103
[    1.323415] tpm_crb MSFT0101:00: Disabling hwrng
[    1.323548] ACPI: bus type drm_connector registered
[    1.324748] ahci 0000:68:00.0: version 3.0
[    1.324758] ahci 0000:68:00.0: enabling device (0000 -> 0002)
[    1.324836] ahci 0000:68:00.0: SSS flag set, parallel bus scan disabled
[    1.324872] ahci 0000:68:00.0: AHCI vers 0001.0301, 32 command slots, 6 Gbps, SATA mode
[    1.324873] ahci 0000:68:00.0: 4/6 ports implemented (port mask 0xf)
[    1.324874] ahci 0000:68:00.0: flags: 64bit ncq sntf stag pm led clo only pmp pio slum part sxs deso sadm sds apst 
[    1.325051] scsi host0: ahci
[    1.325109] scsi host1: ahci
[    1.325150] scsi host2: ahci
[    1.325187] scsi host3: ahci
[    1.325225] scsi host4: ahci
[    1.325262] scsi host5: ahci
[    1.325277] ata1: SATA max UDMA/133 abar m1024@0x81980000 port 0x81980100 irq 49 lpm-pol 3
[    1.325278] ata2: SATA max UDMA/133 abar m1024@0x81980000 port 0x81980180 irq 49 lpm-pol 3
[    1.325280] ata3: SATA max UDMA/133 abar m1024@0x81980000 port 0x81980200 irq 49 lpm-pol 3
[    1.325281] ata4: SATA max UDMA/133 abar m1024@0x81980000 port 0x81980280 irq 49 lpm-pol 3
[    1.325282] ata5: DUMMY
[    1.325283] ata6: DUMMY
[    1.325293] ahci 0000:6a:00.0: enabling device (0000 -> 0002)
[    1.325352] ahci 0000:6a:00.0: SSS flag set, parallel bus scan disabled
[    1.325374] ahci 0000:6a:00.0: AHCI vers 0001.0301, 32 command slots, 6 Gbps, SATA mode
[    1.325375] ahci 0000:6a:00.0: 4/6 ports implemented (port mask 0xf)
[    1.325375] ahci 0000:6a:00.0: flags: 64bit ncq sntf stag pm led clo only pmp pio slum part sxs deso sadm sds apst 
[    1.325514] scsi host6: ahci
[    1.325547] scsi host7: ahci
[    1.325580] scsi host8: ahci
[    1.325614] scsi host9: ahci
[    1.325648] scsi host10: ahci
[    1.325682] scsi host11: ahci
[    1.325691] ata7: SATA max UDMA/133 abar m1024@0x81b80000 port 0x81b80100 irq 50 lpm-pol 3
[    1.325696] ata8: SATA max UDMA/133 abar m1024@0x81b80000 port 0x81b80180 irq 50 lpm-pol 3
[    1.325697] ata9: SATA max UDMA/133 abar m1024@0x81b80000 port 0x81b80200 irq 50 lpm-pol 3
[    1.325698] ata10: SATA max UDMA/133 abar m1024@0x81b80000 port 0x81b80280 irq 50 lpm-pol 3
[    1.325699] ata11: DUMMY
[    1.325699] ata12: DUMMY
[    1.325762] xhci_hcd 0000:3a:00.0: xHCI Host Controller
[    1.325765] xhci_hcd 0000:3a:00.0: new USB bus registered, assigned bus number 1
[    1.326901] xhci_hcd 0000:3a:00.0: hcc params 0x20007fc1 hci version 0x110 quirks 0x0000000200009810
[    1.327240] xhci_hcd 0000:3a:00.0: xHCI Host Controller
[    1.327241] xhci_hcd 0000:3a:00.0: new USB bus registered, assigned bus number 2
[    1.327241] xhci_hcd 0000:3a:00.0: Host supports USB 3.1 Enhanced SuperSpeed
[    1.327266] usb usb1: New USB device found, idVendor=1d6b, idProduct=0002, bcdDevice= 6.15
[    1.327267] usb usb1: New USB device strings: Mfr=3, Product=2, SerialNumber=1
[    1.327268] usb usb1: Product: xHCI Host Controller
[    1.327268] usb usb1: Manufacturer: Linux 6.15.9-arch1-1 xhci-hcd
[    1.327269] usb usb1: SerialNumber: 0000:3a:00.0
[    1.327311] hub 1-0:1.0: USB hub found
[    1.327317] hub 1-0:1.0: 2 ports detected
[    1.327387] usb usb2: New USB device found, idVendor=1d6b, idProduct=0003, bcdDevice= 6.15
[    1.327387] usb usb2: New USB device strings: Mfr=3, Product=2, SerialNumber=1
[    1.327388] usb usb2: Product: xHCI Host Controller
[    1.327388] usb usb2: Manufacturer: Linux 6.15.9-arch1-1 xhci-hcd
[    1.327388] usb usb2: SerialNumber: 0000:3a:00.0
[    1.327414] hub 2-0:1.0: USB hub found
[    1.327424] hub 2-0:1.0: 2 ports detected
[    1.327584] xhci_hcd 0000:67:00.0: xHCI Host Controller
[    1.327585] xhci_hcd 0000:67:00.0: new USB bus registered, assigned bus number 3
[    1.383559] xhci_hcd 0000:67:00.0: hcc params 0x0200ef81 hci version 0x110 quirks 0x0000000200000010
[    1.383778] xhci_hcd 0000:67:00.0: xHCI Host Controller
[    1.383779] xhci_hcd 0000:67:00.0: new USB bus registered, assigned bus number 4
[    1.383780] xhci_hcd 0000:67:00.0: Host supports USB 3.2 Enhanced SuperSpeed
[    1.384524] usb usb3: New USB device found, idVendor=1d6b, idProduct=0002, bcdDevice= 6.15
[    1.384525] usb usb3: New USB device strings: Mfr=3, Product=2, SerialNumber=1
[    1.384525] usb usb3: Product: xHCI Host Controller
[    1.384526] usb usb3: Manufacturer: Linux 6.15.9-arch1-1 xhci-hcd
[    1.384527] usb usb3: SerialNumber: 0000:67:00.0
[    1.384583] hub 3-0:1.0: USB hub found
[    1.384596] hub 3-0:1.0: 12 ports detected
[    1.385426] usb usb4: We don't know the algorithms for LPM for this host, disabling LPM.
[    1.385431] usb usb4: New USB device found, idVendor=1d6b, idProduct=0003, bcdDevice= 6.15
[    1.385431] usb usb4: New USB device strings: Mfr=3, Product=2, SerialNumber=1
[    1.385432] usb usb4: Product: xHCI Host Controller
[    1.385432] usb usb4: Manufacturer: Linux 6.15.9-arch1-1 xhci-hcd
[    1.385432] usb usb4: SerialNumber: 0000:67:00.0
[    1.385466] hub 4-0:1.0: USB hub found
[    1.385477] hub 4-0:1.0: 5 ports detected
[    1.385849] xhci_hcd 0000:69:00.0: xHCI Host Controller
[    1.385851] xhci_hcd 0000:69:00.0: new USB bus registered, assigned bus number 5
[    1.441877] xhci_hcd 0000:69:00.0: hcc params 0x0200ef81 hci version 0x110 quirks 0x0000000200000010
[    1.442033] xhci_hcd 0000:69:00.0: xHCI Host Controller
[    1.442033] xhci_hcd 0000:69:00.0: new USB bus registered, assigned bus number 6
[    1.442034] xhci_hcd 0000:69:00.0: Host supports USB 3.2 Enhanced SuperSpeed
[    1.442851] usb usb5: New USB device found, idVendor=1d6b, idProduct=0002, bcdDevice= 6.15
[    1.442851] usb usb5: New USB device strings: Mfr=3, Product=2, SerialNumber=1
[    1.442852] usb usb5: Product: xHCI Host Controller
[    1.442852] usb usb5: Manufacturer: Linux 6.15.9-arch1-1 xhci-hcd
[    1.442853] usb usb5: SerialNumber: 0000:69:00.0
[    1.442902] hub 5-0:1.0: USB hub found
[    1.442910] hub 5-0:1.0: 12 ports detected
[    1.443718] usb usb6: We don't know the algorithms for LPM for this host, disabling LPM.
[    1.443723] usb usb6: New USB device found, idVendor=1d6b, idProduct=0003, bcdDevice= 6.15
[    1.443724] usb usb6: New USB device strings: Mfr=3, Product=2, SerialNumber=1
[    1.443724] usb usb6: Product: xHCI Host Controller
[    1.443724] usb usb6: Manufacturer: Linux 6.15.9-arch1-1 xhci-hcd
[    1.443725] usb usb6: SerialNumber: 0000:69:00.0
[    1.443758] hub 6-0:1.0: USB hub found
[    1.443766] hub 6-0:1.0: 5 ports detected
[    1.444132] xhci_hcd 0000:6b:00.3: xHCI Host Controller
[    1.444133] xhci_hcd 0000:6b:00.3: new USB bus registered, assigned bus number 7
[    1.444477] xhci_hcd 0000:6b:00.3: hcc params 0x0120ffc5 hci version 0x120 quirks 0x0000000200000010
[    1.444639] xhci_hcd 0000:6b:00.3: xHCI Host Controller
[    1.444639] xhci_hcd 0000:6b:00.3: new USB bus registered, assigned bus number 8
[    1.444640] xhci_hcd 0000:6b:00.3: Host supports USB 3.1 Enhanced SuperSpeed
[    1.444648] usb usb7: New USB device found, idVendor=1d6b, idProduct=0002, bcdDevice= 6.15
[    1.444648] usb usb7: New USB device strings: Mfr=3, Product=2, SerialNumber=1
[    1.444649] usb usb7: Product: xHCI Host Controller
[    1.444649] usb usb7: Manufacturer: Linux 6.15.9-arch1-1 xhci-hcd
[    1.444650] usb usb7: SerialNumber: 0000:6b:00.3
[    1.444686] hub 7-0:1.0: USB hub found
[    1.444692] hub 7-0:1.0: 2 ports detected
[    1.444827] usb usb8: We don't know the algorithms for LPM for this host, disabling LPM.
[    1.444832] usb usb8: New USB device found, idVendor=1d6b, idProduct=0003, bcdDevice= 6.15
[    1.444833] usb usb8: New USB device strings: Mfr=3, Product=2, SerialNumber=1
[    1.444833] usb usb8: Product: xHCI Host Controller
[    1.444833] usb usb8: Manufacturer: Linux 6.15.9-arch1-1 xhci-hcd
[    1.444834] usb usb8: SerialNumber: 0000:6b:00.3
[    1.444857] hub 8-0:1.0: USB hub found
[    1.444863] hub 8-0:1.0: 2 ports detected
[    1.445013] xhci_hcd 0000:6b:00.4: xHCI Host Controller
[    1.445015] xhci_hcd 0000:6b:00.4: new USB bus registered, assigned bus number 9
[    1.445355] xhci_hcd 0000:6b:00.4: hcc params 0x0120ffc5 hci version 0x120 quirks 0x0000000200000010
[    1.445526] xhci_hcd 0000:6b:00.4: xHCI Host Controller
[    1.445527] xhci_hcd 0000:6b:00.4: new USB bus registered, assigned bus number 10
[    1.445527] xhci_hcd 0000:6b:00.4: Host supports USB 3.1 Enhanced SuperSpeed
[    1.445535] usb usb9: New USB device found, idVendor=1d6b, idProduct=0002, bcdDevice= 6.15
[    1.445536] usb usb9: New USB device strings: Mfr=3, Product=2, SerialNumber=1
[    1.445536] usb usb9: Product: xHCI Host Controller
[    1.445536] usb usb9: Manufacturer: Linux 6.15.9-arch1-1 xhci-hcd
[    1.445537] usb usb9: SerialNumber: 0000:6b:00.4
[    1.445560] hub 9-0:1.0: USB hub found
[    1.445562] hub 9-0:1.0: 2 ports detected
[    1.445702] usb usb10: We don't know the algorithms for LPM for this host, disabling LPM.
[    1.445707] usb usb10: New USB device found, idVendor=1d6b, idProduct=0003, bcdDevice= 6.15
[    1.445707] usb usb10: New USB device strings: Mfr=3, Product=2, SerialNumber=1
[    1.445708] usb usb10: Product: xHCI Host Controller
[    1.445708] usb usb10: Manufacturer: Linux 6.15.9-arch1-1 xhci-hcd
[    1.445708] usb usb10: SerialNumber: 0000:6b:00.4
[    1.445730] hub 10-0:1.0: USB hub found
[    1.445736] hub 10-0:1.0: 2 ports detected
[    1.445879] xhci_hcd 0000:6c:00.0: xHCI Host Controller
[    1.445880] xhci_hcd 0000:6c:00.0: new USB bus registered, assigned bus number 11
[    1.447141] xhci_hcd 0000:6c:00.0: USB3 root hub has no ports
[    1.447143] xhci_hcd 0000:6c:00.0: hcc params 0x0110ffc5 hci version 0x120 quirks 0x0000000200000010
[    1.447327] xhci_hcd 0000:6c:00.0: xHCI Host Controller
[    1.447327] xhci_hcd 0000:6c:00.0: new USB bus registered, assigned bus number 12
[    1.447328] xhci_hcd 0000:6c:00.0: Host supports USB 3.0 SuperSpeed
[    1.447340] usb usb11: New USB device found, idVendor=1d6b, idProduct=0002, bcdDevice= 6.15
[    1.447340] usb usb11: New USB device strings: Mfr=3, Product=2, SerialNumber=1
[    1.447341] usb usb11: Product: xHCI Host Controller
[    1.447341] usb usb11: Manufacturer: Linux 6.15.9-arch1-1 xhci-hcd
[    1.447341] usb usb11: SerialNumber: 0000:6c:00.0
[    1.447367] hub 11-0:1.0: USB hub found
[    1.447369] hub 11-0:1.0: 1 port detected
[    1.447440] usb usb12: We don't know the algorithms for LPM for this host, disabling LPM.
[    1.447445] usb usb12: New USB device found, idVendor=1d6b, idProduct=0003, bcdDevice= 6.15
[    1.447445] usb usb12: New USB device strings: Mfr=3, Product=2, SerialNumber=1
[    1.447445] usb usb12: Product: xHCI Host Controller
[    1.447446] usb usb12: Manufacturer: Linux 6.15.9-arch1-1 xhci-hcd
[    1.447446] usb usb12: SerialNumber: 0000:6c:00.0
[    1.447467] hub 12-0:1.0: USB hub found
[    1.447468] hub 12-0:1.0: config failed, hub doesn't have any ports! (err -19)
[    1.447489] usbcore: registered new interface driver usbserial_generic
[    1.447491] usbserial: USB Serial support registered for generic
[    1.447502] i8042: PNP: No PS/2 controller found.
[    1.447531] rtc_cmos 00:02: RTC can wake from S4
[    1.447664] rtc_cmos 00:02: registered as rtc0
[    1.447685] rtc_cmos 00:02: setting system clock to 2025-08-05T02:06:02 UTC (1754359562)
[    1.447699] rtc_cmos 00:02: alarms up to one month, y3k, 114 bytes nvram
[    1.449167] simple-framebuffer simple-framebuffer.0: [drm] Registered 1 planes with drm panic
[    1.449168] [drm] Initialized simpledrm 1.0.0 for simple-framebuffer.0 on minor 0
[    1.449714] Console: switching to colour frame buffer device 128x48
[    1.450317] simple-framebuffer simple-framebuffer.0: [drm] fb0: simpledrmdrmfb frame buffer device
[    1.450362] hid: raw HID events driver (C) Jiri Kosina
[    1.450372] usbcore: registered new interface driver usbhid
[    1.450372] usbhid: USB HID core driver
[    1.450406] drop_monitor: Initializing network drop monitor service
[    1.450465] NET: Registered PF_INET6 protocol family
[    1.453671] Segment Routing with IPv6
[    1.453673] RPL Segment Routing with IPv6
[    1.453680] In-situ OAM (IOAM) with IPv6
[    1.453695] NET: Registered PF_PACKET protocol family
[    1.454953] microcode: Current revision: 0x0b404032
[    1.455451] resctrl: L3 allocation detected
[    1.455451] resctrl: MB allocation detected
[    1.455452] resctrl: SMBA allocation detected
[    1.455452] resctrl: L3 monitoring detected
[    1.455467] IPI shorthand broadcast: enabled
[    1.456251] sched_clock: Marking stable (1455148272, 291169)->(1461610290, -6170849)
[    1.456393] registered taskstats version 1
[    1.456852] Loading compiled-in X.509 certificates
[    1.459453] Loaded X.509 cert 'Build time autogenerated kernel key: fe6b385b4e4616e889bee7ce4d741f05caf1b4d2'
[    1.460314] Demotion targets for Node 0: null
[    1.460396] Key type .fscrypt registered
[    1.460397] Key type fscrypt-provisioning registered
[    1.460625] Btrfs loaded, zoned=yes, fsverity=yes
[    1.460642] Key type big_key registered
[    1.460694] integrity: Loading X.509 certificate: UEFI:db
[    1.461860] integrity: Loaded X.509 cert 'ASUSTeK MotherBoard SW Key Certificate: da83b990422ebc8c441f8d8b039a65a2'
[    1.461861] integrity: Loading X.509 certificate: UEFI:db
[    1.461928] integrity: Loaded X.509 cert 'ASUSTeK Notebook SW Key Certificate: b8e581e4df77a5bb4282d5ccfc00c071'
[    1.461929] integrity: Loading X.509 certificate: UEFI:db
[    1.461937] integrity: Loaded X.509 cert 'Microsoft Corporation UEFI CA 2011: 13adbf4309bd82709c8cd54f316ed522988a1bd4'
[    1.461937] integrity: Loading X.509 certificate: UEFI:db
[    1.461943] integrity: Loaded X.509 cert 'Microsoft Windows Production PCA 2011: a92902398e16c49778cd90f99e4f9ae17c55af53'
[    1.461943] integrity: Loading X.509 certificate: UEFI:db
[    1.461948] integrity: Loaded X.509 cert 'Microsoft UEFI CA 2023: 81aa6b3244c935bce0d6628af39827421e32497d'
[    1.461949] integrity: Loading X.509 certificate: UEFI:db
[    1.461954] integrity: Loaded X.509 cert 'Microsoft Corporation: Windows UEFI CA 2023: aefc5fbbbe055d8f8daa585473499417ab5a5272'
[    1.462388] PM:   Magic number: 5:660:105
[    1.462947] RAS: Correctable Errors collector initialized.
[    1.465361] clk: Disabling unused clocks
[    1.465365] PM: genpd: Disabling unused power domains
[    1.628663] ata7: SATA link down (SStatus 0 SControl 300)
[    1.628668] ata1: SATA link down (SStatus 0 SControl 300)
[    1.684319] usb 3-6: new high-speed USB device number 2 using xhci_hcd
[    1.768074] usb 6-5: new SuperSpeed USB device number 2 using xhci_hcd
[    1.775731] usb 2-1: new SuperSpeed Plus Gen 2x1 USB device number 2 using xhci_hcd
[    1.785789] usb 6-5: New USB device found, idVendor=154b, idProduct=1006, bcdDevice= 1.10
[    1.785793] usb 6-5: New USB device strings: Mfr=1, Product=2, SerialNumber=3
[    1.785794] usb 6-5: Product: USB 3.2.1 FD
[    1.785795] usb 6-5: Manufacturer: PNY
[    1.785796] usb 6-5: SerialNumber: REDACTED
[    1.786730] usb 2-1: New USB device found, idVendor=8087, idProduct=0b40, bcdDevice=12.34
[    1.786732] usb 2-1: New USB device strings: Mfr=1, Product=2, SerialNumber=0
[    1.786732] usb 2-1: Product: USB3.0 Hub
[    1.786733] usb 2-1: Manufacturer: Intel Corporation.
[    1.787502] hub 2-1:1.0: USB hub found
[    1.787534] hub 2-1:1.0: 4 ports detected
[    1.901062] usb 3-6: New USB device found, idVendor=0489, idProduct=e0e2, bcdDevice= 1.00
[    1.901071] usb 3-6: New USB device strings: Mfr=5, Product=6, SerialNumber=7
[    1.901073] usb 3-6: Product: Wireless_Device
[    1.901075] usb 3-6: Manufacturer: MediaTek Inc.
[    1.901076] usb 3-6: SerialNumber: 000000000
[    1.934792] ata2: SATA link down (SStatus 0 SControl 300)
[    2.109719] usb 3-7: new full-speed USB device number 3 using xhci_hcd
[    2.245106] ata3: SATA link down (SStatus 0 SControl 300)
[    2.255313] tsc: Refined TSC clocksource calibration: 4299.982 MHz
[    2.255322] clocksource: tsc: mask: 0xffffffffffffffff max_cycles: 0x3dfb52fa4d7, max_idle_ns: 440795279890 ns
[    2.255359] clocksource: Switched to clocksource tsc
[    2.309932] usb 2-1.4: new SuperSpeed Plus Gen 2x1 USB device number 3 using xhci_hcd
[    2.326153] usb 2-1.4: New USB device found, idVendor=2188, idProduct=5500, bcdDevice= 1.02
[    2.326158] usb 2-1.4: New USB device strings: Mfr=1, Product=2, SerialNumber=0
[    2.326160] usb 2-1.4: Product: TS4 USB3.2 Gen2 HUB
[    2.326161] usb 2-1.4: Manufacturer: CalDigit, Inc
[    2.327564] hub 2-1.4:1.0: USB hub found
[    2.327910] hub 2-1.4:1.0: 4 ports detected
[    2.469820] usb 3-7: config 1 has an invalid interface number: 2 but max is 1
[    2.469826] usb 3-7: config 1 has no interface number 1
[    2.481843] usb 3-7: New USB device found, idVendor=0b05, idProduct=19af, bcdDevice= 1.00
[    2.481847] usb 3-7: New USB device strings: Mfr=1, Product=2, SerialNumber=3
[    2.481848] usb 3-7: Product: AURA LED Controller
[    2.481849] usb 3-7: Manufacturer: AsusTek Computer Inc.
[    2.481850] usb 3-7: SerialNumber: REDACTED
[    2.496761] hid-generic 0003:0B05:19AF.0001: hiddev96,hidraw0: USB HID v1.11 Device [AsusTek Computer Inc. AURA LED Controller] on usb-0000:67:00.0-7/input2
[    2.552701] ata4: SATA link down (SStatus 0 SControl 300)
[    2.669726] usb 3-8: new high-speed USB device number 4 using xhci_hcd
[    2.856313] usb 2-1.4.1: new SuperSpeed Plus Gen 2x1 USB device number 4 using xhci_hcd
[    2.860798] ata8: SATA link down (SStatus 0 SControl 300)
[    2.872825] usb 2-1.4.1: New USB device found, idVendor=2188, idProduct=5501, bcdDevice= 1.02
[    2.872830] usb 2-1.4.1: New USB device strings: Mfr=1, Product=2, SerialNumber=0
[    2.872831] usb 2-1.4.1: Product: TS4 USB3.2 Gen2 HUB
[    2.872832] usb 2-1.4.1: Manufacturer: CalDigit, Inc
[    2.873798] hub 2-1.4.1:1.0: USB hub found
[    2.874138] hub 2-1.4.1:1.0: 4 ports detected
[    2.881021] usb 3-8: New USB device found, idVendor=2188, idProduct=5802, bcdDevice= 1.01
[    2.881028] usb 3-8: New USB device strings: Mfr=1, Product=2, SerialNumber=0
[    2.881029] usb 3-8: Product: TS4 USB2.0 Hub
[    2.881030] usb 3-8: Manufacturer: CalDigit, Inc.
[    2.889112] hub 3-8:1.0: USB hub found
[    2.892006] hub 3-8:1.0: 5 ports detected
[    2.939931] usb 2-1.4.2: new SuperSpeed Plus Gen 2x1 USB device number 5 using xhci_hcd
[    2.956478] usb 2-1.4.2: New USB device found, idVendor=2188, idProduct=5502, bcdDevice= 1.02
[    2.956483] usb 2-1.4.2: New USB device strings: Mfr=1, Product=2, SerialNumber=0
[    2.956484] usb 2-1.4.2: Product: TS4 USB3.2 Gen2 HUB
[    2.956485] usb 2-1.4.2: Manufacturer: CalDigit, Inc
[    2.957541] hub 2-1.4.2:1.0: USB hub found
[    2.957880] hub 2-1.4.2:1.0: 4 ports detected
[    3.166061] ata9: SATA link down (SStatus 0 SControl 300)
